Archive member included because of file (symbol)

irq/irq_code.a(irq_timer1.o)  testLedMatrix.o (ledMatrix)
irq/irq_code.a(irqUart.o)     uart.o (uart1ISR)
./startup/libea_startup_thumb.a(consol.o)
                              testAdc.o (consolSendNumber)
./startup/libea_startup_thumb.a(framework.o)
                              main.o (eaInit)
./startup/libea_startup_thumb.a(startup.o)
                              (_startup)
./pre_emptive_os/pre_emptive_os.a(kernel.o)
                              main.o (osInit)
./pre_emptive_os/pre_emptive_os.a(prioqueue.o)
                              ./pre_emptive_os/pre_emptive_os.a(kernel.o) (initPrioQueue)
./pre_emptive_os/pre_emptive_os.a(timer.o)
                              ./pre_emptive_os/pre_emptive_os.a(kernel.o) (timerTick)
./pre_emptive_os/pre_emptive_os.a(stack_usage.o)
                              ./pre_emptive_os/pre_emptive_os.a(kernel.o) (createStackPattern)
./pre_emptive_os/pre_emptive_os.a(a7hal.o)
                              ./pre_emptive_os/pre_emptive_os.a(kernel.o) (stkFrameInit_oshal)
./pre_emptive_os/pre_emptive_os.a(a7hal_a.o)
                              ./pre_emptive_os/pre_emptive_os.a(kernel.o) (startHighProc_oshal)
./pre_emptive_os/pre_emptive_os.a(count_sem.o)
                              ./pre_emptive_os/pre_emptive_os.a(timer.o) (osSemInit)
./pre_emptive_os/pre_emptive_os.a(event.o)
                              ./pre_emptive_os/pre_emptive_os.a(count_sem.o) (eventInit)
usb/libusb.a(LPC_USB.o)       main.o (USB_Init)
usb/libusb.a(LPC_HID.o)       main.o (HID_SendReport)
/cygdrive/c/Embedded/GNUARM/bin/../lib/gcc/arm-elf/4.1.1/interwork/libgcc.a(_udivsi3.o)
                              ./startup/libea_startup_thumb.a(consol.o) (__udivsi3)
/cygdrive/c/Embedded/GNUARM/bin/../lib/gcc/arm-elf/4.1.1/interwork/libgcc.a(_divsi3.o)
                              ./pre_emptive_os/pre_emptive_os.a(stack_usage.o) (__divsi3)
/cygdrive/c/Embedded/GNUARM/bin/../lib/gcc/arm-elf/4.1.1/interwork/libgcc.a(_umodsi3.o)
                              ./startup/libea_startup_thumb.a(consol.o) (__umodsi3)
/cygdrive/c/Embedded/GNUARM/bin/../lib/gcc/arm-elf/4.1.1/interwork/libgcc.a(_dvmd_tls.o)
                              /cygdrive/c/Embedded/GNUARM/bin/../lib/gcc/arm-elf/4.1.1/interwork/libgcc.a(_udivsi3.o) (__div0)
/cygdrive/c/Embedded/GNUARM/bin/../lib/gcc/arm-elf/4.1.1/interwork/libgcc.a(_call_via_rX.o)
                              ./pre_emptive_os/pre_emptive_os.a(timer.o) (_call_via_r4)
/cygdrive/c/Embedded/GNUARM/bin/../lib/gcc/arm-elf/4.1.1/../../../../arm-elf/lib/interwork/libc.a(atoi.o)
                              ./startup/libea_startup_thumb.a(consol.o) (atoi)
/cygdrive/c/Embedded/GNUARM/bin/../lib/gcc/arm-elf/4.1.1/../../../../arm-elf/lib/interwork/libc.a(memcpy.o)
                              testI2C.o (memcpy)
/cygdrive/c/Embedded/GNUARM/bin/../lib/gcc/arm-elf/4.1.1/../../../../arm-elf/lib/interwork/libc.a(strlen.o)
                              testI2C.o (strlen)
/cygdrive/c/Embedded/GNUARM/bin/../lib/gcc/arm-elf/4.1.1/../../../../arm-elf/lib/interwork/libc.a(strtol.o)
                              /cygdrive/c/Embedded/GNUARM/bin/../lib/gcc/arm-elf/4.1.1/../../../../arm-elf/lib/interwork/libc.a(atoi.o) (_strtol_r)
/cygdrive/c/Embedded/GNUARM/bin/../lib/gcc/arm-elf/4.1.1/../../../../arm-elf/lib/interwork/libc.a(ctype_.o)
                              /cygdrive/c/Embedded/GNUARM/bin/../lib/gcc/arm-elf/4.1.1/../../../../arm-elf/lib/interwork/libc.a(strtol.o) (__ctype_ptr)
/cygdrive/c/Embedded/GNUARM/bin/../lib/gcc/arm-elf/4.1.1/../../../../arm-elf/lib/interwork/libc.a(impure.o)
                              /cygdrive/c/Embedded/GNUARM/bin/../lib/gcc/arm-elf/4.1.1/../../../../arm-elf/lib/interwork/libc.a(strtol.o) (_impure_ptr)

Allocating common symbols
Common symbol       size              file

IntrCallback        0x4               usb/libusb.a(LPC_USB.o)
uart1RxBuf          0x40              uart.o
xbeePresent         0x1               main.o
currentConfiguration
                    0x1               usb/libusb.a(LPC_HID.o)
pHeapEnd            0x4               ./startup/libea_startup_thumb.a(framework.o)
currentAddress      0x1               usb/libusb.a(LPC_HID.o)
pHeapStart          0x4               ./startup/libea_startup_thumb.a(framework.o)
uart1TxBuf          0x40              uart.o
processControlBlocks
                    0xf0              ./pre_emptive_os/pre_emptive_os.a(kernel.o)

Discarded input sections

 .stabstr       0x00000000        0x0 ./startup/libea_startup_thumb.a(startup.o)
 .stabstr       0x00000000        0x0 ./pre_emptive_os/pre_emptive_os.a(a7hal_a.o)

Memory Configuration

Name             Origin             Length             Attributes
FLASH            0x00000000         0x00080000         xr
RAM              0x40000000         0x00008000         rw
*default*        0x00000000         0xffffffff

Linker script and memory map

LOAD main.o
LOAD eeprom.o
LOAD i2c.o
LOAD uart.o
LOAD testLedMatrix.o
LOAD testLcd.o
LOAD testMotor.o
LOAD testRGB.o
LOAD testI2C.o
LOAD testAdc.o
LOAD testXBee.o
LOAD startupSound.o
LOAD irq/irq_code.a
LOAD ./startup/libea_startup_thumb.a
LOAD ./pre_emptive_os/pre_emptive_os.a
LOAD usb/libusb.a
START GROUP
LOAD /cygdrive/c/Embedded/GNUARM/bin/../lib/gcc/arm-elf/4.1.1/interwork/libgcc.a
LOAD /cygdrive/c/Embedded/GNUARM/bin/../lib/gcc/arm-elf/4.1.1/../../../../arm-elf/lib/interwork/libc.a
END GROUP

.text           0x00000000     0x4564
 *startup.o(.text)
 .text          0x00000000      0x1d8 ./startup/libea_startup_thumb.a(startup.o)
                0x00000000                _startup
 *(.text)
 .text          0x000001d8      0x3b4 main.o
                0x000001d8                appTick
                0x000001e8                main
 .text          0x0000058c      0x23c eeprom.o
                0x000006dc                lm75Read
                0x0000058c                eepromWrite
                0x000005f8                eepromPoll
                0x00000750                eepromPageRead
                0x00000644                eepromStartRead
 .text          0x000007c8      0x39c i2c.o
                0x000007e0                i2cInit
                0x00000a24                i2cRead
                0x00000950                i2cWriteWithWait
                0x0000082c                i2cStart
                0x00000878                i2cStop
                0x000007c8                i2cCheckStatus
                0x000008cc                i2cGetChar
                0x000009d8                i2cRepeatStart
                0x00000ac4                i2cWrite
                0x00000924                i2cWaitTransmit
                0x00000980                i2cMyWrite
                0x000008a0                i2cPutChar
 .text          0x00000b64      0x204 uart.o
                0x00000c88                uart1SendChar
                0x00000d0c                uart1SendChars
                0x00000d50                uart1SendString
                0x00000d34                uart1SendCh
                0x00000b64                initUart1
                0x00000c3c                uart1GetChar
                0x00000c6c                uart1GetCh
 .text          0x00000d68       0xdc testLedMatrix.o
                0x00000d68                testLedMatrix
 .text          0x00000e44      0x2a0 testLcd.o
                0x00000ef4                WriteString
                0x00000f14                testLcd
 .text          0x000010e4       0x94 testMotor.o
                0x000010e4                testMotor
 .text          0x00001178      0x124 testRGB.o
                0x00001178                testRGB
 .text          0x0000129c      0x2b4 testI2C.o
                0x0000129c                testEEPROM
                0x000013ac                testI2C
 .text          0x00001550      0x2b4 testAdc.o
                0x00001588                testAdc
 .text          0x00001804      0x154 testXBee.o
                0x00001804                testXBee
 .text          0x00001958        0x0 startupSound.o
 .text          0x00001958      0x124 irq/irq_code.a(irq_timer1.o)
                0x00001958                send_SPI
                0x000019ec                ledMatrix
 .text          0x00001a7c      0x1e4 irq/irq_code.a(irqUart.o)
                0x00001a7c                uart1ISR
                0x00001c58                restoreIrq
                0x00001c38                disIrq
 .text          0x00001c60      0x67c ./startup/libea_startup_thumb.a(consol.o)
                0x00002118                consolGetIntNum
                0x00001d54                consolSendCh
                0x00001f20                consolGetString
                0x00001dc4                consolSendNumber
                0x00001edc                consolGetCh
                0x00001d34                consolSendChar
                0x00001f98                simplePrintf
                0x00001d98                consolSendString
                0x000021f8                consolScanf
                0x00001efc                consolGetChar
                0x00001ce4                consolInit
 .text          0x000022dc      0x2c0 ./startup/libea_startup_thumb.a(framework.o)
                0x00002408                eaInit
                0x00002354                lowLevelInit
                0x000022dc                exceptionHandlerInit
 .text          0x0000259c      0x4f8 ./pre_emptive_os/pre_emptive_os.a(kernel.o)
                0x00002918                osTick
                0x000029dc                rmvFromRdyList
                0x00002738                osGetHighPrioProc
                0x000029f8                osSuspend
                0x0000264c                osInit
                0x00002a2c                osDeleteProcess
                0x00002678                osISREnter
                0x00002754                schedule
                0x0000269c                osCreateProcess
                0x00002898                addToRdyList
                0x000025e8                addToTimeList
                0x000028ac                osResume
                0x0000259c                osPid
                0x00002a5c                osSleep
                0x000027c0                osISRExit
                0x00002828                osStart
                0x00002854                rmvFromTimeList
                0x00002974                osStartProcess
 .text          0x00002a94      0x124 ./pre_emptive_os/pre_emptive_os.a(prioqueue.o)
                0x00002a94                initPrioQueue
                0x00002afc                rmvFromPrioQueue
                0x00002ab4                addToPrioQueue
                0x00002b98                isEmptyPrioQueue
                0x00002b60                getHighPrioQueue
 .text          0x00002bb8      0x218 ./pre_emptive_os/pre_emptive_os.a(timer.o)
                0x00002bb8                timerTick
                0x00002d2c                osInitTimers
                0x00002cc8                osDeleteTimer
                0x00002c9c                osCreateTimer
 .text          0x00002dd0       0xa4 ./pre_emptive_os/pre_emptive_os.a(stack_usage.o)
                0x00002dd0                osStackUsage
                0x00002e14                createStackPattern
                0x00002e34                checkStackLimit
 .text          0x00002e74      0x1ec ./pre_emptive_os/pre_emptive_os.a(a7hal.o)
                0x00002eac                stkFrameInit_oshal
                0x00002e74                timerIsr_oshal
                0x00002f8c                halRestoreInterrupts_oshal
                0x00002f94                initTimer_oshal
                0x00002f7c                halEnableInterrupts_oshal
                0x0000302c                handleIRQs_oshal
                0x00002f5c                halDisableInterrupts_oshal
 .text          0x00003060       0xc4 ./pre_emptive_os/pre_emptive_os.a(a7hal_a.o)
                0x0000306c                startHighProc_oshal
                0x00003094                ctxSwitchIsr_oshal
                0x00003074                ctxSwitch_oshal
                0x000030b4                generalIRQ_oshal
 .text          0x00003124      0x144 ./pre_emptive_os/pre_emptive_os.a(count_sem.o)
                0x000031c4                osSemGive
                0x00003228                osSemTryTake
                0x00003124                osSemInit
                0x00003138                osSemTake
 .text          0x00003268       0xd8 ./pre_emptive_os/pre_emptive_os.a(event.o)
                0x00003278                eventWait
                0x00003268                eventInit
                0x000032e0                eventIsEmpty
                0x000032b0                eventWaitReturn
                0x000032f0                eventSignal
 .text          0x00003340      0x470 usb/libusb.a(LPC_USB.o)
                0x00003340                halDisableInterrupts
                0x00003564                USB_Init
                0x000036f8                USB_ClearBuffer
                0x00003784                USB_ISR
                0x00003360                halEnableInterrupts
                0x00003754                USB_SetAdd
                0x0000371c                USB_ValidateBuffer
                0x00003370                halRestoreInterrupts
                0x00003378                USB_Cmd
                0x00003658                USB_RealizeEndPoint
 .text          0x000037b0      0x650 usb/libusb.a(LPC_HID.o)
                0x0000387c                HID_SendZeroLengthByCtrlEP
                0x00003a00                HID_ImplSetupPacket
                0x000037b0                HID_GetConfiguration
                0x00003914                HID_SendDataByCtrlEP
                0x000037c0                HID_SendReport
                0x000039e8                HID_CtrlStall
                0x00003d64                HID_CallBack
                0x00003cfc                HID_Init
 .text          0x00003e00      0x114 /cygdrive/c/Embedded/GNUARM/bin/../lib/gcc/arm-elf/4.1.1/interwork/libgcc.a(_udivsi3.o)
                0x00003e00                __udivsi3
                0x00003e00                __aeabi_uidiv
                0x00003efc                __aeabi_uidivmod
 .text          0x00003f14      0x144 /cygdrive/c/Embedded/GNUARM/bin/../lib/gcc/arm-elf/4.1.1/interwork/libgcc.a(_divsi3.o)
                0x00003f14                __aeabi_idiv
                0x00003f14                __divsi3
                0x00004040                __aeabi_idivmod
 .text          0x00004058       0xd0 /cygdrive/c/Embedded/GNUARM/bin/../lib/gcc/arm-elf/4.1.1/interwork/libgcc.a(_umodsi3.o)
                0x00004058                __umodsi3
 .text          0x00004128        0x4 /cygdrive/c/Embedded/GNUARM/bin/../lib/gcc/arm-elf/4.1.1/interwork/libgcc.a(_dvmd_tls.o)
                0x00004128                __aeabi_ldiv0
                0x00004128                __div0
                0x00004128                __aeabi_idiv0
 .text          0x0000412c       0x3c /cygdrive/c/Embedded/GNUARM/bin/../lib/gcc/arm-elf/4.1.1/interwork/libgcc.a(_call_via_rX.o)
                0x00004134                _call_via_r2
                0x00004144                _call_via_r6
                0x00004140                _call_via_r5
                0x00004138                _call_via_r3
                0x00004158                _call_via_fp
                0x0000414c                _call_via_r8
                0x00004148                _call_via_r7
                0x0000412c                _call_via_r0
                0x00004154                _call_via_sl
                0x00004160                _call_via_sp
                0x00004150                _call_via_r9
                0x0000413c                _call_via_r4
                0x00004130                _call_via_r1
                0x0000415c                _call_via_ip
                0x00004164                _call_via_lr
 .text          0x00004168       0x30 /cygdrive/c/Embedded/GNUARM/bin/../lib/gcc/arm-elf/4.1.1/../../../../arm-elf/lib/interwork/libc.a(atoi.o)
                0x00004168                _atoi_r
                0x00004180                atoi
 .text          0x00004198       0x9c /cygdrive/c/Embedded/GNUARM/bin/../lib/gcc/arm-elf/4.1.1/../../../../arm-elf/lib/interwork/libc.a(memcpy.o)
                0x00004198                memcpy
 .text          0x00004234       0x90 /cygdrive/c/Embedded/GNUARM/bin/../lib/gcc/arm-elf/4.1.1/../../../../arm-elf/lib/interwork/libc.a(strlen.o)
                0x00004234                strlen
 .text          0x000042c4      0x1f0 /cygdrive/c/Embedded/GNUARM/bin/../lib/gcc/arm-elf/4.1.1/../../../../arm-elf/lib/interwork/libc.a(strtol.o)
                0x00004488                strtol
                0x000042c4                _strtol_r
 .text          0x000044b4        0x0 /cygdrive/c/Embedded/GNUARM/bin/../lib/gcc/arm-elf/4.1.1/../../../../arm-elf/lib/interwork/libc.a(ctype_.o)
 .text          0x000044b4        0x0 /cygdrive/c/Embedded/GNUARM/bin/../lib/gcc/arm-elf/4.1.1/../../../../arm-elf/lib/interwork/libc.a(impure.o)
 *(.glue_7)
 .glue_7        0x000044b4        0x0 main.o
 .glue_7        0x000044b4        0x0 eeprom.o
 .glue_7        0x000044b4        0x0 i2c.o
 .glue_7        0x000044b4        0x0 uart.o
 .glue_7        0x000044b4        0x0 testLedMatrix.o
 .glue_7        0x000044b4        0x0 testLcd.o
 .glue_7        0x000044b4        0x0 testMotor.o
 .glue_7        0x000044b4        0x0 testRGB.o
 .glue_7        0x000044b4        0x0 testI2C.o
 .glue_7        0x000044b4        0x0 testAdc.o
 .glue_7        0x000044b4        0x0 testXBee.o
 .glue_7        0x000044b4        0x0 startupSound.o
 .glue_7        0x000044b4        0x0 irq/irq_code.a(irq_timer1.o)
 .glue_7        0x000044b4        0x0 irq/irq_code.a(irqUart.o)
 .glue_7        0x000044b4        0x0 ./startup/libea_startup_thumb.a(consol.o)
 .glue_7        0x000044b4        0x0 ./startup/libea_startup_thumb.a(framework.o)
 .glue_7        0x000044b4        0x0 ./startup/libea_startup_thumb.a(startup.o)
 .glue_7        0x000044b4        0x0 ./pre_emptive_os/pre_emptive_os.a(kernel.o)
 .glue_7        0x000044b4        0x0 ./pre_emptive_os/pre_emptive_os.a(prioqueue.o)
 .glue_7        0x000044b4        0x0 ./pre_emptive_os/pre_emptive_os.a(timer.o)
 .glue_7        0x000044b4        0x0 ./pre_emptive_os/pre_emptive_os.a(stack_usage.o)
 .glue_7        0x000044b4        0x0 ./pre_emptive_os/pre_emptive_os.a(a7hal.o)
 .glue_7        0x000044b4        0x0 ./pre_emptive_os/pre_emptive_os.a(a7hal_a.o)
 .glue_7        0x000044b4        0x0 ./pre_emptive_os/pre_emptive_os.a(count_sem.o)
 .glue_7        0x000044b4        0x0 ./pre_emptive_os/pre_emptive_os.a(event.o)
 .glue_7        0x000044b4        0x0 usb/libusb.a(LPC_USB.o)
 .glue_7        0x000044b4        0x0 usb/libusb.a(LPC_HID.o)
 .glue_7        0x000044b4        0x0 /cygdrive/c/Embedded/GNUARM/bin/../lib/gcc/arm-elf/4.1.1/interwork/libgcc.a(_udivsi3.o)
 .glue_7        0x000044b4        0x0 /cygdrive/c/Embedded/GNUARM/bin/../lib/gcc/arm-elf/4.1.1/interwork/libgcc.a(_divsi3.o)
 .glue_7        0x000044b4        0x0 /cygdrive/c/Embedded/GNUARM/bin/../lib/gcc/arm-elf/4.1.1/interwork/libgcc.a(_umodsi3.o)
 .glue_7        0x000044b4        0x0 /cygdrive/c/Embedded/GNUARM/bin/../lib/gcc/arm-elf/4.1.1/interwork/libgcc.a(_dvmd_tls.o)
 .glue_7        0x000044b4        0x0 /cygdrive/c/Embedded/GNUARM/bin/../lib/gcc/arm-elf/4.1.1/interwork/libgcc.a(_call_via_rX.o)
 .glue_7        0x000044b4        0x0 /cygdrive/c/Embedded/GNUARM/bin/../lib/gcc/arm-elf/4.1.1/../../../../arm-elf/lib/interwork/libc.a(atoi.o)
 .glue_7        0x000044b4        0x0 /cygdrive/c/Embedded/GNUARM/bin/../lib/gcc/arm-elf/4.1.1/../../../../arm-elf/lib/interwork/libc.a(memcpy.o)
 .glue_7        0x000044b4        0x0 /cygdrive/c/Embedded/GNUARM/bin/../lib/gcc/arm-elf/4.1.1/../../../../arm-elf/lib/interwork/libc.a(strlen.o)
 .glue_7        0x000044b4        0x0 /cygdrive/c/Embedded/GNUARM/bin/../lib/gcc/arm-elf/4.1.1/../../../../arm-elf/lib/interwork/libc.a(strtol.o)
 .glue_7        0x000044b4        0x0 /cygdrive/c/Embedded/GNUARM/bin/../lib/gcc/arm-elf/4.1.1/../../../../arm-elf/lib/interwork/libc.a(ctype_.o)
 .glue_7        0x000044b4       0x18 /cygdrive/c/Embedded/GNUARM/bin/../lib/gcc/arm-elf/4.1.1/../../../../arm-elf/lib/interwork/libc.a(impure.o)
                0x000044c0                __osISRExit_from_arm
                0x000044b4                __osTick_from_arm
 *(.glue_7t)
 .glue_7t       0x000044cc        0x0 main.o
 .glue_7t       0x000044cc        0x0 eeprom.o
 .glue_7t       0x000044cc        0x0 i2c.o
 .glue_7t       0x000044cc        0x0 uart.o
 .glue_7t       0x000044cc        0x0 testLedMatrix.o
 .glue_7t       0x000044cc        0x0 testLcd.o
 .glue_7t       0x000044cc        0x0 testMotor.o
 .glue_7t       0x000044cc        0x0 testRGB.o
 .glue_7t       0x000044cc        0x0 testI2C.o
 .glue_7t       0x000044cc        0x0 testAdc.o
 .glue_7t       0x000044cc        0x0 testXBee.o
 .glue_7t       0x000044cc        0x0 startupSound.o
 .glue_7t       0x000044cc        0x0 irq/irq_code.a(irq_timer1.o)
 .glue_7t       0x000044cc        0x0 irq/irq_code.a(irqUart.o)
 .glue_7t       0x000044cc        0x0 ./startup/libea_startup_thumb.a(consol.o)
 .glue_7t       0x000044cc        0x0 ./startup/libea_startup_thumb.a(framework.o)
 .glue_7t       0x000044cc        0x0 ./startup/libea_startup_thumb.a(startup.o)
 .glue_7t       0x000044cc        0x0 ./pre_emptive_os/pre_emptive_os.a(kernel.o)
 .glue_7t       0x000044cc        0x0 ./pre_emptive_os/pre_emptive_os.a(prioqueue.o)
 .glue_7t       0x000044cc        0x0 ./pre_emptive_os/pre_emptive_os.a(timer.o)
 .glue_7t       0x000044cc        0x0 ./pre_emptive_os/pre_emptive_os.a(stack_usage.o)
 .glue_7t       0x000044cc        0x0 ./pre_emptive_os/pre_emptive_os.a(a7hal.o)
 .glue_7t       0x000044cc        0x0 ./pre_emptive_os/pre_emptive_os.a(a7hal_a.o)
 .glue_7t       0x000044cc        0x0 ./pre_emptive_os/pre_emptive_os.a(count_sem.o)
 .glue_7t       0x000044cc        0x0 ./pre_emptive_os/pre_emptive_os.a(event.o)
 .glue_7t       0x000044cc        0x0 usb/libusb.a(LPC_USB.o)
 .glue_7t       0x000044cc        0x0 usb/libusb.a(LPC_HID.o)
 .glue_7t       0x000044cc        0x0 /cygdrive/c/Embedded/GNUARM/bin/../lib/gcc/arm-elf/4.1.1/interwork/libgcc.a(_udivsi3.o)
 .glue_7t       0x000044cc        0x0 /cygdrive/c/Embedded/GNUARM/bin/../lib/gcc/arm-elf/4.1.1/interwork/libgcc.a(_divsi3.o)
 .glue_7t       0x000044cc        0x0 /cygdrive/c/Embedded/GNUARM/bin/../lib/gcc/arm-elf/4.1.1/interwork/libgcc.a(_umodsi3.o)
 .glue_7t       0x000044cc        0x0 /cygdrive/c/Embedded/GNUARM/bin/../lib/gcc/arm-elf/4.1.1/interwork/libgcc.a(_dvmd_tls.o)
 .glue_7t       0x000044cc        0x0 /cygdrive/c/Embedded/GNUARM/bin/../lib/gcc/arm-elf/4.1.1/interwork/libgcc.a(_call_via_rX.o)
 .glue_7t       0x000044cc        0x0 /cygdrive/c/Embedded/GNUARM/bin/../lib/gcc/arm-elf/4.1.1/../../../../arm-elf/lib/interwork/libc.a(atoi.o)
 .glue_7t       0x000044cc        0x0 /cygdrive/c/Embedded/GNUARM/bin/../lib/gcc/arm-elf/4.1.1/../../../../arm-elf/lib/interwork/libc.a(memcpy.o)
 .glue_7t       0x000044cc        0x0 /cygdrive/c/Embedded/GNUARM/bin/../lib/gcc/arm-elf/4.1.1/../../../../arm-elf/lib/interwork/libc.a(strlen.o)
 .glue_7t       0x000044cc        0x0 /cygdrive/c/Embedded/GNUARM/bin/../lib/gcc/arm-elf/4.1.1/../../../../arm-elf/lib/interwork/libc.a(strtol.o)
 .glue_7t       0x000044cc        0x0 /cygdrive/c/Embedded/GNUARM/bin/../lib/gcc/arm-elf/4.1.1/../../../../arm-elf/lib/interwork/libc.a(ctype_.o)
 .glue_7t       0x000044cc       0x98 /cygdrive/c/Embedded/GNUARM/bin/../lib/gcc/arm-elf/4.1.1/../../../../arm-elf/lib/interwork/libc.a(impure.o)
                0x00004518                __consolSendNumber_change_to_arm
                0x00004514                __consolSendNumber_from_thumb
                0x00004524                __halRestoreInterrupts_oshal_from_thumb
                0x00004510                __strlen_change_to_arm
                0x00004500                __restoreIrq_change_to_arm
                0x00004504                __memcpy_from_thumb
                0x00004534                __ctxSwitch_oshal_from_thumb
                0x00004530                __stkFrameInit_oshal_change_to_arm
                0x00004548                __initTimer_oshal_change_to_arm
                0x0000454c                __startHighProc_oshal_from_thumb
                0x00004558                ____udivsi3_change_to_arm
                0x00004550                __startHighProc_oshal_change_to_arm
                0x0000453c                __ctxSwitchIsr_oshal_from_thumb
                0x000044f8                __disIrq_change_to_arm
                0x000044ec                __HID_SendReport_from_thumb
                0x000044f4                __disIrq_from_thumb
                0x000044f0                __HID_SendReport_change_to_arm
                0x00004528                __halRestoreInterrupts_oshal_change_to_arm
                0x000044d8                __simplePrintf_change_to_arm
                0x000044e8                __HID_Init_change_to_arm
                0x000044e4                __HID_Init_from_thumb
                0x0000455c                ____divsi3_from_thumb
                0x000044e0                __USB_Init_change_to_arm
                0x00004538                __ctxSwitch_oshal_change_to_arm
                0x0000452c                __stkFrameInit_oshal_from_thumb
                0x00004554                ____udivsi3_from_thumb
                0x000044cc                __eaInit_from_thumb
                0x000044dc                __USB_Init_from_thumb
                0x000044d4                __simplePrintf_from_thumb
                0x00004544                __initTimer_oshal_from_thumb
                0x000044d0                __eaInit_change_to_arm
                0x0000450c                __strlen_from_thumb
                0x00004540                __ctxSwitchIsr_oshal_change_to_arm
                0x00004520                __halDisableInterrupts_oshal_change_to_arm
                0x0000451c                __halDisableInterrupts_oshal_from_thumb
                0x000044fc                __restoreIrq_from_thumb
                0x00004508                __memcpy_change_to_arm
                0x00004560                ____divsi3_change_to_arm
                0x00004564                . = ALIGN (0x4)

.rodata         0x00004568    0x10200
 *(.rodata)
 .rodata        0x00004568       0x7f testLedMatrix.o
                0x00004568                eaText
 *fill*         0x000045e7        0x1 00
 .rodata        0x000045e8       0x10 testMotor.o
 .rodata        0x000045f8     0xf89e startupSound.o
                0x000045f8                startupSound
 *fill*         0x00013e96        0x2 00
 .rodata        0x00013e98       0x10 ./startup/libea_startup_thumb.a(consol.o)
 .rodata        0x00013ea8       0x10 usb/libusb.a(LPC_HID.o)
                0x00013ea8                StrPoin
 .rodata        0x00013eb8      0x101 /cygdrive/c/Embedded/GNUARM/bin/../lib/gcc/arm-elf/4.1.1/../../../../arm-elf/lib/interwork/libc.a(ctype_.o)
                0x00013eb8                _ctype_
 *fill*         0x00013fb9        0x3 00
 .rodata        0x00013fbc        0x4 /cygdrive/c/Embedded/GNUARM/bin/../lib/gcc/arm-elf/4.1.1/../../../../arm-elf/lib/interwork/libc.a(impure.o)
                0x00013fbc                _global_impure_ptr
 *(.rodata*)
 .rodata.str1.4
                0x00013fc0      0x28a main.o
                                0x28c (size before relaxing)
 *fill*         0x0001424a        0x2 00
 .rodata.str1.4
                0x0001424c        0xd testLcd.o
                                 0x10 (size before relaxing)
 *fill*         0x00014259        0x3 00
 .rodata.str1.4
                0x0001425c      0x1d4 testI2C.o
                                0x24c (size before relaxing)
 .rodata.str1.4
                0x00014430       0xc2 testAdc.o
                                0x140 (size before relaxing)
 *fill*         0x000144f2        0x2 00
 .rodata.str1.4
                0x000144f4      0x16d testXBee.o
                                0x224 (size before relaxing)
 *fill*         0x00014661        0x3 00
 .rodata.str1.4
                0x00014664       0x18 ./startup/libea_startup_thumb.a(consol.o)
 .rodata.str1.4
                0x0001467c       0xd8 ./startup/libea_startup_thumb.a(framework.o)
 .rodata.str1.4
                0x00014754       0x10 usb/libusb.a(LPC_HID.o)
 .rodata.str1.4
                0x00014764        0x4 /cygdrive/c/Embedded/GNUARM/bin/../lib/gcc/arm-elf/4.1.1/../../../../arm-elf/lib/interwork/libc.a(impure.o)
                0x00014768                . = ALIGN (0x4)
                0x00014768                _etext = .
                0x00014768                PROVIDE (etext, .)

.data           0x40000080      0x538 load address 0x00014768
                0x40000080                _data = .
 *(.data)
 .data          0x40000080        0x0 main.o
 .data          0x40000080        0x0 eeprom.o
 .data          0x40000080        0x0 i2c.o
 .data          0x40000080        0x0 uart.o
 .data          0x40000080        0x0 testLedMatrix.o
 .data          0x40000080        0x0 testLcd.o
 .data          0x40000080        0x0 testMotor.o
 .data          0x40000080        0x0 testRGB.o
 .data          0x40000080        0x0 testI2C.o
 .data          0x40000080        0x0 testAdc.o
 .data          0x40000080        0x0 testXBee.o
 .data          0x40000080        0x0 startupSound.o
 .data          0x40000080        0x4 irq/irq_code.a(irq_timer1.o)
 .data          0x40000084        0x0 irq/irq_code.a(irqUart.o)
 .data          0x40000084        0x0 ./startup/libea_startup_thumb.a(consol.o)
 .data          0x40000084        0x0 ./startup/libea_startup_thumb.a(framework.o)
 .data          0x40000084        0x0 ./startup/libea_startup_thumb.a(startup.o)
 .data          0x40000084        0x0 ./pre_emptive_os/pre_emptive_os.a(kernel.o)
 .data          0x40000084        0x0 ./pre_emptive_os/pre_emptive_os.a(prioqueue.o)
 .data          0x40000084        0x0 ./pre_emptive_os/pre_emptive_os.a(timer.o)
 .data          0x40000084        0x0 ./pre_emptive_os/pre_emptive_os.a(stack_usage.o)
 .data          0x40000084        0x0 ./pre_emptive_os/pre_emptive_os.a(a7hal.o)
 .data          0x40000084        0x0 ./pre_emptive_os/pre_emptive_os.a(a7hal_a.o)
 .data          0x40000084        0x0 ./pre_emptive_os/pre_emptive_os.a(count_sem.o)
 .data          0x40000084        0x0 ./pre_emptive_os/pre_emptive_os.a(event.o)
 .data          0x40000084        0x0 usb/libusb.a(LPC_USB.o)
 *fill*         0x40000084        0x4 00
 .data          0x40000088      0x128 usb/libusb.a(LPC_HID.o)
                0x40000108                ManufacturerStr
                0x400000d8                cfgDescriptor
                0x40000088                mouseDescriptor
                0x40000148                ProductStr
                0x40000100                LanguagesStr
                0x400000c0                devDescriptor
 .data          0x400001b0        0x0 /cygdrive/c/Embedded/GNUARM/bin/../lib/gcc/arm-elf/4.1.1/interwork/libgcc.a(_udivsi3.o)
 .data          0x400001b0        0x0 /cygdrive/c/Embedded/GNUARM/bin/../lib/gcc/arm-elf/4.1.1/interwork/libgcc.a(_divsi3.o)
 .data          0x400001b0        0x0 /cygdrive/c/Embedded/GNUARM/bin/../lib/gcc/arm-elf/4.1.1/interwork/libgcc.a(_umodsi3.o)
 .data          0x400001b0        0x0 /cygdrive/c/Embedded/GNUARM/bin/../lib/gcc/arm-elf/4.1.1/interwork/libgcc.a(_dvmd_tls.o)
 .data          0x400001b0        0x0 /cygdrive/c/Embedded/GNUARM/bin/../lib/gcc/arm-elf/4.1.1/interwork/libgcc.a(_call_via_rX.o)
 .data          0x400001b0        0x0 /cygdrive/c/Embedded/GNUARM/bin/../lib/gcc/arm-elf/4.1.1/../../../../arm-elf/lib/interwork/libc.a(atoi.o)
 .data          0x400001b0        0x0 /cygdrive/c/Embedded/GNUARM/bin/../lib/gcc/arm-elf/4.1.1/../../../../arm-elf/lib/interwork/libc.a(memcpy.o)
 .data          0x400001b0        0x0 /cygdrive/c/Embedded/GNUARM/bin/../lib/gcc/arm-elf/4.1.1/../../../../arm-elf/lib/interwork/libc.a(strlen.o)
 .data          0x400001b0        0x0 /cygdrive/c/Embedded/GNUARM/bin/../lib/gcc/arm-elf/4.1.1/../../../../arm-elf/lib/interwork/libc.a(strtol.o)
 .data          0x400001b0        0x4 /cygdrive/c/Embedded/GNUARM/bin/../lib/gcc/arm-elf/4.1.1/../../../../arm-elf/lib/interwork/libc.a(ctype_.o)
                0x400001b0                __ctype_ptr
 .data          0x400001b4      0x404 /cygdrive/c/Embedded/GNUARM/bin/../lib/gcc/arm-elf/4.1.1/../../../../arm-elf/lib/interwork/libc.a(impure.o)
                0x400001b4                _impure_ptr
                0x400005b8                . = ALIGN (0x4)
                0x400005b8                _edata = .
                0x400005b8                PROVIDE (edata, .)

.bss            0x400005b8     0x2ecc
                0x400005b8                _bss = .
                0x400005b8                __bss_start = .
                0x400005b8                __bss_start__ = .
 *(.bss)
 .bss           0x400005b8     0x299c main.o
                0x400005b8                msClock
 .bss           0x40002f54        0x0 eeprom.o
 .bss           0x40002f54        0x0 i2c.o
 .bss           0x40002f54       0x14 uart.o
                0x40002f5c                uart1TxRunning
                0x40002f54                uart1TxHead
                0x40002f58                uart1TxTail
                0x40002f60                uart1RxHead
                0x40002f64                uart1RxTail
 .bss           0x40002f68        0x8 testLedMatrix.o
                0x40002f68                pattern
 .bss           0x40002f70        0x0 testLcd.o
 .bss           0x40002f70        0x1 testMotor.o
 .bss           0x40002f71        0x0 testRGB.o
 .bss           0x40002f71        0x0 testI2C.o
 .bss           0x40002f71        0x0 testAdc.o
 .bss           0x40002f71        0x0 testXBee.o
 .bss           0x40002f71        0x0 startupSound.o
 .bss           0x40002f71        0x1 irq/irq_code.a(irq_timer1.o)
 .bss           0x40002f72        0x0 irq/irq_code.a(irqUart.o)
 .bss           0x40002f72        0x0 ./startup/libea_startup_thumb.a(consol.o)
 .bss           0x40002f72        0x0 ./startup/libea_startup_thumb.a(framework.o)
 .bss           0x40002f72        0x0 ./startup/libea_startup_thumb.a(startup.o)
 *fill*         0x40002f72        0x2 00
 .bss           0x40002f74       0x2c ./pre_emptive_os/pre_emptive_os.a(kernel.o)
                0x40002f74                osLockNesting
                0x40002f78                pNxtToRun
                0x40002f7c                pRunProc
                0x40002f75                isrNesting
 .bss           0x40002fa0        0x0 ./pre_emptive_os/pre_emptive_os.a(prioqueue.o)
 .bss           0x40002fa0      0x348 ./pre_emptive_os/pre_emptive_os.a(timer.o)
 .bss           0x400032e8        0x0 ./pre_emptive_os/pre_emptive_os.a(stack_usage.o)
 .bss           0x400032e8        0x0 ./pre_emptive_os/pre_emptive_os.a(a7hal.o)
 .bss           0x400032e8        0x0 ./pre_emptive_os/pre_emptive_os.a(a7hal_a.o)
 .bss           0x400032e8        0x0 ./pre_emptive_os/pre_emptive_os.a(count_sem.o)
 .bss           0x400032e8        0x0 ./pre_emptive_os/pre_emptive_os.a(event.o)
 .bss           0x400032e8        0x0 usb/libusb.a(LPC_USB.o)
 .bss           0x400032e8       0x10 usb/libusb.a(LPC_HID.o)
 .bss           0x400032f8        0x0 /cygdrive/c/Embedded/GNUARM/bin/../lib/gcc/arm-elf/4.1.1/interwork/libgcc.a(_udivsi3.o)
 .bss           0x400032f8        0x0 /cygdrive/c/Embedded/GNUARM/bin/../lib/gcc/arm-elf/4.1.1/interwork/libgcc.a(_divsi3.o)
 .bss           0x400032f8        0x0 /cygdrive/c/Embedded/GNUARM/bin/../lib/gcc/arm-elf/4.1.1/interwork/libgcc.a(_umodsi3.o)
 .bss           0x400032f8        0x0 /cygdrive/c/Embedded/GNUARM/bin/../lib/gcc/arm-elf/4.1.1/interwork/libgcc.a(_dvmd_tls.o)
 .bss           0x400032f8        0x0 /cygdrive/c/Embedded/GNUARM/bin/../lib/gcc/arm-elf/4.1.1/interwork/libgcc.a(_call_via_rX.o)
 .bss           0x400032f8        0x0 /cygdrive/c/Embedded/GNUARM/bin/../lib/gcc/arm-elf/4.1.1/../../../../arm-elf/lib/interwork/libc.a(atoi.o)
 .bss           0x400032f8        0x0 /cygdrive/c/Embedded/GNUARM/bin/../lib/gcc/arm-elf/4.1.1/../../../../arm-elf/lib/interwork/libc.a(memcpy.o)
 .bss           0x400032f8        0x0 /cygdrive/c/Embedded/GNUARM/bin/../lib/gcc/arm-elf/4.1.1/../../../../arm-elf/lib/interwork/libc.a(strlen.o)
 .bss           0x400032f8        0x0 /cygdrive/c/Embedded/GNUARM/bin/../lib/gcc/arm-elf/4.1.1/../../../../arm-elf/lib/interwork/libc.a(strtol.o)
 .bss           0x400032f8        0x0 /cygdrive/c/Embedded/GNUARM/bin/../lib/gcc/arm-elf/4.1.1/../../../../arm-elf/lib/interwork/libc.a(ctype_.o)
 .bss           0x400032f8        0x0 /cygdrive/c/Embedded/GNUARM/bin/../lib/gcc/arm-elf/4.1.1/../../../../arm-elf/lib/interwork/libc.a(impure.o)
 *(COMMON)
 COMMON         0x400032f8        0x1 main.o
                0x400032f8                xbeePresent
 COMMON         0x400032f9       0x80 uart.o
                0x400032f9                uart1RxBuf
                0x40003339                uart1TxBuf
 *fill*         0x40003379        0x3 00
 COMMON         0x4000337c        0x8 ./startup/libea_startup_thumb.a(framework.o)
                0x4000337c                pHeapEnd
                0x40003380                pHeapStart
 COMMON         0x40003384       0xf0 ./pre_emptive_os/pre_emptive_os.a(kernel.o)
                0x40003384                processControlBlocks
 COMMON         0x40003474        0x4 usb/libusb.a(LPC_USB.o)
                0x40003474                IntrCallback
 COMMON         0x40003478        0x9 usb/libusb.a(LPC_HID.o)
                0x40003478                currentConfiguration
                0x40003480                currentAddress
                0x40003484                . = ALIGN (0x4)
 *fill*         0x40003481        0x3 00
                0x40003484                . = ALIGN (0x4)
                0x40003484                __bss_end = .
                0x40003484                __bss_end__ = .
                0x40003484                _end = .
                0x40003484                PROVIDE (end, .)

.stab           0x00000000      0x600
 *(.stab)
 .stab          0x00000000      0x3c0 ./startup/libea_startup_thumb.a(startup.o)
 .stab          0x000003c0      0x240 ./pre_emptive_os/pre_emptive_os.a(a7hal_a.o)
                                0x24c (size before relaxing)

.stabstr        0x00000000       0x99
 *(.stabstr)
 .stabstr       0x00000000       0x99 ./startup/libea_startup_thumb.a(startup.o)

.stab.excl
 *(.stab.excl)

.stab.exclstr
 *(.stab.exclstr)

.stab.index
 *(.stab.index)

.stab.indexstr
 *(.stab.indexstr)

.comment        0x00000000      0x22e
 *(.comment)
 .comment       0x00000000       0x12 main.o
 .comment       0x00000012       0x12 eeprom.o
 .comment       0x00000024       0x12 i2c.o
 .comment       0x00000036       0x12 uart.o
 .comment       0x00000048       0x12 testLedMatrix.o
 .comment       0x0000005a       0x12 testLcd.o
 .comment       0x0000006c       0x12 testMotor.o
 .comment       0x0000007e       0x12 testRGB.o
 .comment       0x00000090       0x12 testI2C.o
 .comment       0x000000a2       0x12 testAdc.o
 .comment       0x000000b4       0x12 testXBee.o
 .comment       0x000000c6       0x12 startupSound.o
 .comment       0x000000d8       0x12 irq/irq_code.a(irq_timer1.o)
 .comment       0x000000ea       0x12 irq/irq_code.a(irqUart.o)
 .comment       0x000000fc       0x12 ./startup/libea_startup_thumb.a(consol.o)
 .comment       0x0000010e       0x12 ./startup/libea_startup_thumb.a(framework.o)
 .comment       0x00000120       0x12 ./pre_emptive_os/pre_emptive_os.a(kernel.o)
 .comment       0x00000132       0x12 ./pre_emptive_os/pre_emptive_os.a(prioqueue.o)
 .comment       0x00000144       0x12 ./pre_emptive_os/pre_emptive_os.a(timer.o)
 .comment       0x00000156       0x12 ./pre_emptive_os/pre_emptive_os.a(stack_usage.o)
 .comment       0x00000168       0x12 ./pre_emptive_os/pre_emptive_os.a(a7hal.o)
 .comment       0x0000017a       0x12 ./pre_emptive_os/pre_emptive_os.a(count_sem.o)
 .comment       0x0000018c       0x12 ./pre_emptive_os/pre_emptive_os.a(event.o)
 .comment       0x0000019e       0x12 usb/libusb.a(LPC_USB.o)
 .comment       0x000001b0       0x12 usb/libusb.a(LPC_HID.o)
 .comment       0x000001c2       0x12 /cygdrive/c/Embedded/GNUARM/bin/../lib/gcc/arm-elf/4.1.1/../../../../arm-elf/lib/interwork/libc.a(atoi.o)
 .comment       0x000001d4       0x12 /cygdrive/c/Embedded/GNUARM/bin/../lib/gcc/arm-elf/4.1.1/../../../../arm-elf/lib/interwork/libc.a(memcpy.o)
 .comment       0x000001e6       0x12 /cygdrive/c/Embedded/GNUARM/bin/../lib/gcc/arm-elf/4.1.1/../../../../arm-elf/lib/interwork/libc.a(strlen.o)
 .comment       0x000001f8       0x12 /cygdrive/c/Embedded/GNUARM/bin/../lib/gcc/arm-elf/4.1.1/../../../../arm-elf/lib/interwork/libc.a(strtol.o)
 .comment       0x0000020a       0x12 /cygdrive/c/Embedded/GNUARM/bin/../lib/gcc/arm-elf/4.1.1/../../../../arm-elf/lib/interwork/libc.a(ctype_.o)
 .comment       0x0000021c       0x12 /cygdrive/c/Embedded/GNUARM/bin/../lib/gcc/arm-elf/4.1.1/../../../../arm-elf/lib/interwork/libc.a(impure.o)

.debug
 *(.debug)

.line
 *(.line)

.debug_srcinfo
 *(.debug_srcinfo)

.debug_sfnames
 *(.debug_sfnames)

.debug_aranges  0x00000000      0x420
 *(.debug_aranges)
 .debug_aranges
                0x00000000       0x20 main.o
 .debug_aranges
                0x00000020       0x20 eeprom.o
 .debug_aranges
                0x00000040       0x20 i2c.o
 .debug_aranges
                0x00000060       0x20 uart.o
 .debug_aranges
                0x00000080       0x20 testLedMatrix.o
 .debug_aranges
                0x000000a0       0x20 testLcd.o
 .debug_aranges
                0x000000c0       0x20 testMotor.o
 .debug_aranges
                0x000000e0       0x20 testRGB.o
 .debug_aranges
                0x00000100       0x20 testI2C.o
 .debug_aranges
                0x00000120       0x20 testAdc.o
 .debug_aranges
                0x00000140       0x20 testXBee.o
 .debug_aranges
                0x00000160       0x20 irq/irq_code.a(irq_timer1.o)
 .debug_aranges
                0x00000180       0x20 irq/irq_code.a(irqUart.o)
 .debug_aranges
                0x000001a0       0x20 ./startup/libea_startup_thumb.a(consol.o)
 .debug_aranges
                0x000001c0       0x20 ./startup/libea_startup_thumb.a(framework.o)
 .debug_aranges
                0x000001e0       0x20 ./pre_emptive_os/pre_emptive_os.a(kernel.o)
 .debug_aranges
                0x00000200       0x20 ./pre_emptive_os/pre_emptive_os.a(prioqueue.o)
 .debug_aranges
                0x00000220       0x20 ./pre_emptive_os/pre_emptive_os.a(timer.o)
 .debug_aranges
                0x00000240       0x20 ./pre_emptive_os/pre_emptive_os.a(stack_usage.o)
 .debug_aranges
                0x00000260       0x20 ./pre_emptive_os/pre_emptive_os.a(a7hal.o)
 .debug_aranges
                0x00000280       0x20 ./pre_emptive_os/pre_emptive_os.a(count_sem.o)
 .debug_aranges
                0x000002a0       0x20 ./pre_emptive_os/pre_emptive_os.a(event.o)
 .debug_aranges
                0x000002c0       0x20 usb/libusb.a(LPC_USB.o)
 .debug_aranges
                0x000002e0       0x20 usb/libusb.a(LPC_HID.o)
 .debug_aranges
                0x00000300       0x20 /cygdrive/c/Embedded/GNUARM/bin/../lib/gcc/arm-elf/4.1.1/interwork/libgcc.a(_udivsi3.o)
 .debug_aranges
                0x00000320       0x20 /cygdrive/c/Embedded/GNUARM/bin/../lib/gcc/arm-elf/4.1.1/interwork/libgcc.a(_divsi3.o)
 .debug_aranges
                0x00000340       0x20 /cygdrive/c/Embedded/GNUARM/bin/../lib/gcc/arm-elf/4.1.1/interwork/libgcc.a(_umodsi3.o)
 .debug_aranges
                0x00000360       0x20 /cygdrive/c/Embedded/GNUARM/bin/../lib/gcc/arm-elf/4.1.1/interwork/libgcc.a(_dvmd_tls.o)
 .debug_aranges
                0x00000380       0x20 /cygdrive/c/Embedded/GNUARM/bin/../lib/gcc/arm-elf/4.1.1/interwork/libgcc.a(_call_via_rX.o)
 .debug_aranges
                0x000003a0       0x20 /cygdrive/c/Embedded/GNUARM/bin/../lib/gcc/arm-elf/4.1.1/../../../../arm-elf/lib/interwork/libc.a(atoi.o)
 .debug_aranges
                0x000003c0       0x20 /cygdrive/c/Embedded/GNUARM/bin/../lib/gcc/arm-elf/4.1.1/../../../../arm-elf/lib/interwork/libc.a(memcpy.o)
 .debug_aranges
                0x000003e0       0x20 /cygdrive/c/Embedded/GNUARM/bin/../lib/gcc/arm-elf/4.1.1/../../../../arm-elf/lib/interwork/libc.a(strlen.o)
 .debug_aranges
                0x00000400       0x20 /cygdrive/c/Embedded/GNUARM/bin/../lib/gcc/arm-elf/4.1.1/../../../../arm-elf/lib/interwork/libc.a(strtol.o)

.debug_pubnames
                0x00000000      0xc87
 *(.debug_pubnames)
 .debug_pubnames
                0x00000000       0x43 main.o
 .debug_pubnames
                0x00000043       0x65 eeprom.o
 .debug_pubnames
                0x000000a8       0xcc i2c.o
 .debug_pubnames
                0x00000174       0xfa uart.o
 .debug_pubnames
                0x0000026e       0x3b testLedMatrix.o
 .debug_pubnames
                0x000002a9       0x2e testLcd.o
 .debug_pubnames
                0x000002d7       0x20 testMotor.o
 .debug_pubnames
                0x000002f7       0x1e testRGB.o
 .debug_pubnames
                0x00000315       0x2d testI2C.o
 .debug_pubnames
                0x00000342       0x1e testAdc.o
 .debug_pubnames
                0x00000360       0x1f testXBee.o
 .debug_pubnames
                0x0000037f       0x23 startupSound.o
 .debug_pubnames
                0x000003a2       0x2d irq/irq_code.a(irq_timer1.o)
 .debug_pubnames
                0x000003cf       0x39 irq/irq_code.a(irqUart.o)
 .debug_pubnames
                0x00000408       0xda ./startup/libea_startup_thumb.a(consol.o)
 .debug_pubnames
                0x000004e2       0x63 ./startup/libea_startup_thumb.a(framework.o)
 .debug_pubnames
                0x00000545      0x17f ./pre_emptive_os/pre_emptive_os.a(kernel.o)
 .debug_pubnames
                0x000006c4       0x76 ./pre_emptive_os/pre_emptive_os.a(prioqueue.o)
 .debug_pubnames
                0x0000073a       0x55 ./pre_emptive_os/pre_emptive_os.a(timer.o)
 .debug_pubnames
                0x0000078f       0x4e ./pre_emptive_os/pre_emptive_os.a(stack_usage.o)
 .debug_pubnames
                0x000007dd       0xc1 ./pre_emptive_os/pre_emptive_os.a(a7hal.o)
 .debug_pubnames
                0x0000089e       0x4d ./pre_emptive_os/pre_emptive_os.a(count_sem.o)
 .debug_pubnames
                0x000008eb       0x63 ./pre_emptive_os/pre_emptive_os.a(event.o)
 .debug_pubnames
                0x0000094e       0xe4 usb/libusb.a(LPC_USB.o)
 .debug_pubnames
                0x00000a32      0x162 usb/libusb.a(LPC_HID.o)
 .debug_pubnames
                0x00000b94       0x27 /cygdrive/c/Embedded/GNUARM/bin/../lib/gcc/arm-elf/4.1.1/../../../../arm-elf/lib/interwork/libc.a(atoi.o)
 .debug_pubnames
                0x00000bbb       0x1d /cygdrive/c/Embedded/GNUARM/bin/../lib/gcc/arm-elf/4.1.1/../../../../arm-elf/lib/interwork/libc.a(memcpy.o)
 .debug_pubnames
                0x00000bd8       0x1d /cygdrive/c/Embedded/GNUARM/bin/../lib/gcc/arm-elf/4.1.1/../../../../arm-elf/lib/interwork/libc.a(strlen.o)
 .debug_pubnames
                0x00000bf5       0x2b /cygdrive/c/Embedded/GNUARM/bin/../lib/gcc/arm-elf/4.1.1/../../../../arm-elf/lib/interwork/libc.a(strtol.o)
 .debug_pubnames
                0x00000c20       0x2e /cygdrive/c/Embedded/GNUARM/bin/../lib/gcc/arm-elf/4.1.1/../../../../arm-elf/lib/interwork/libc.a(ctype_.o)
 .debug_pubnames
                0x00000c4e       0x39 /cygdrive/c/Embedded/GNUARM/bin/../lib/gcc/arm-elf/4.1.1/../../../../arm-elf/lib/interwork/libc.a(impure.o)

.debug_info     0x00000000     0x604c
 *(.debug_info .gnu.linkonce.wi.*)
 .debug_info    0x00000000      0x37b main.o
 .debug_info    0x0000037b      0x28a eeprom.o
 .debug_info    0x00000605      0x465 i2c.o
 .debug_info    0x00000a6a      0x2ae uart.o
 .debug_info    0x00000d18      0x10d testLedMatrix.o
 .debug_info    0x00000e25      0x199 testLcd.o
 .debug_info    0x00000fbe       0xcb testMotor.o
 .debug_info    0x00001089       0xd0 testRGB.o
 .debug_info    0x00001159      0x192 testI2C.o
 .debug_info    0x000012eb      0x15e testAdc.o
 .debug_info    0x00001449       0xd3 testXBee.o
 .debug_info    0x0000151c       0x5c startupSound.o
 .debug_info    0x00001578       0xf8 irq/irq_code.a(irq_timer1.o)
 .debug_info    0x00001670      0x197 irq/irq_code.a(irqUart.o)
 .debug_info    0x00001807      0x584 ./startup/libea_startup_thumb.a(consol.o)
 .debug_info    0x00001d8b      0x1e5 ./startup/libea_startup_thumb.a(framework.o)
 .debug_info    0x00001f70      0x5fe ./pre_emptive_os/pre_emptive_os.a(kernel.o)
 .debug_info    0x0000256e      0x2e8 ./pre_emptive_os/pre_emptive_os.a(prioqueue.o)
 .debug_info    0x00002856      0x4b8 ./pre_emptive_os/pre_emptive_os.a(timer.o)
 .debug_info    0x00002d0e      0x2cf ./pre_emptive_os/pre_emptive_os.a(stack_usage.o)
 .debug_info    0x00002fdd      0x189 ./pre_emptive_os/pre_emptive_os.a(a7hal.o)
 .debug_info    0x00003166      0x32b ./pre_emptive_os/pre_emptive_os.a(count_sem.o)
 .debug_info    0x00003491      0x2ee ./pre_emptive_os/pre_emptive_os.a(event.o)
 .debug_info    0x0000377f      0x411 usb/libusb.a(LPC_USB.o)
 .debug_info    0x00003b90      0x3e3 usb/libusb.a(LPC_HID.o)
 .debug_info    0x00003f73       0x68 /cygdrive/c/Embedded/GNUARM/bin/../lib/gcc/arm-elf/4.1.1/interwork/libgcc.a(_udivsi3.o)
 .debug_info    0x00003fdb       0x68 /cygdrive/c/Embedded/GNUARM/bin/../lib/gcc/arm-elf/4.1.1/interwork/libgcc.a(_divsi3.o)
 .debug_info    0x00004043       0x68 /cygdrive/c/Embedded/GNUARM/bin/../lib/gcc/arm-elf/4.1.1/interwork/libgcc.a(_umodsi3.o)
 .debug_info    0x000040ab       0x68 /cygdrive/c/Embedded/GNUARM/bin/../lib/gcc/arm-elf/4.1.1/interwork/libgcc.a(_dvmd_tls.o)
 .debug_info    0x00004113       0x68 /cygdrive/c/Embedded/GNUARM/bin/../lib/gcc/arm-elf/4.1.1/interwork/libgcc.a(_call_via_rX.o)
 .debug_info    0x0000417b      0x949 /cygdrive/c/Embedded/GNUARM/bin/../lib/gcc/arm-elf/4.1.1/../../../../arm-elf/lib/interwork/libc.a(atoi.o)
 .debug_info    0x00004ac4      0x10a /cygdrive/c/Embedded/GNUARM/bin/../lib/gcc/arm-elf/4.1.1/../../../../arm-elf/lib/interwork/libc.a(memcpy.o)
 .debug_info    0x00004bce       0xd4 /cygdrive/c/Embedded/GNUARM/bin/../lib/gcc/arm-elf/4.1.1/../../../../arm-elf/lib/interwork/libc.a(strlen.o)
 .debug_info    0x00004ca2      0xa0f /cygdrive/c/Embedded/GNUARM/bin/../lib/gcc/arm-elf/4.1.1/../../../../arm-elf/lib/interwork/libc.a(strtol.o)
 .debug_info    0x000056b1       0x79 /cygdrive/c/Embedded/GNUARM/bin/../lib/gcc/arm-elf/4.1.1/../../../../arm-elf/lib/interwork/libc.a(ctype_.o)
 .debug_info    0x0000572a      0x922 /cygdrive/c/Embedded/GNUARM/bin/../lib/gcc/arm-elf/4.1.1/../../../../arm-elf/lib/interwork/libc.a(impure.o)

.debug_abbrev   0x00000000     0x22ad
 *(.debug_abbrev)
 .debug_abbrev  0x00000000      0x17c main.o
 .debug_abbrev  0x0000017c      0x117 eeprom.o
 .debug_abbrev  0x00000293      0x1ac i2c.o
 .debug_abbrev  0x0000043f       0xed uart.o
 .debug_abbrev  0x0000052c       0xc8 testLedMatrix.o
 .debug_abbrev  0x000005f4      0x148 testLcd.o
 .debug_abbrev  0x0000073c       0x92 testMotor.o
 .debug_abbrev  0x000007ce       0x8a testRGB.o
 .debug_abbrev  0x00000858       0xd0 testI2C.o
 .debug_abbrev  0x00000928      0x112 testAdc.o
 .debug_abbrev  0x00000a3a       0x9c testXBee.o
 .debug_abbrev  0x00000ad6       0x49 startupSound.o
 .debug_abbrev  0x00000b1f       0xb3 irq/irq_code.a(irq_timer1.o)
 .debug_abbrev  0x00000bd2       0xf4 irq/irq_code.a(irqUart.o)
 .debug_abbrev  0x00000cc6      0x2a4 ./startup/libea_startup_thumb.a(consol.o)
 .debug_abbrev  0x00000f6a       0xd0 ./startup/libea_startup_thumb.a(framework.o)
 .debug_abbrev  0x0000103a      0x1b8 ./pre_emptive_os/pre_emptive_os.a(kernel.o)
 .debug_abbrev  0x000011f2      0x11e ./pre_emptive_os/pre_emptive_os.a(prioqueue.o)
 .debug_abbrev  0x00001310      0x154 ./pre_emptive_os/pre_emptive_os.a(timer.o)
 .debug_abbrev  0x00001464      0x170 ./pre_emptive_os/pre_emptive_os.a(stack_usage.o)
 .debug_abbrev  0x000015d4       0xf2 ./pre_emptive_os/pre_emptive_os.a(a7hal.o)
 .debug_abbrev  0x000016c6      0x101 ./pre_emptive_os/pre_emptive_os.a(count_sem.o)
 .debug_abbrev  0x000017c7      0x103 ./pre_emptive_os/pre_emptive_os.a(event.o)
 .debug_abbrev  0x000018ca      0x1db usb/libusb.a(LPC_USB.o)
 .debug_abbrev  0x00001aa5      0x197 usb/libusb.a(LPC_HID.o)
 .debug_abbrev  0x00001c3c       0x14 /cygdrive/c/Embedded/GNUARM/bin/../lib/gcc/arm-elf/4.1.1/interwork/libgcc.a(_udivsi3.o)
 .debug_abbrev  0x00001c50       0x14 /cygdrive/c/Embedded/GNUARM/bin/../lib/gcc/arm-elf/4.1.1/interwork/libgcc.a(_divsi3.o)
 .debug_abbrev  0x00001c64       0x14 /cygdrive/c/Embedded/GNUARM/bin/../lib/gcc/arm-elf/4.1.1/interwork/libgcc.a(_umodsi3.o)
 .debug_abbrev  0x00001c78       0x14 /cygdrive/c/Embedded/GNUARM/bin/../lib/gcc/arm-elf/4.1.1/interwork/libgcc.a(_dvmd_tls.o)
 .debug_abbrev  0x00001c8c       0x14 /cygdrive/c/Embedded/GNUARM/bin/../lib/gcc/arm-elf/4.1.1/interwork/libgcc.a(_call_via_rX.o)
 .debug_abbrev  0x00001ca0      0x176 /cygdrive/c/Embedded/GNUARM/bin/../lib/gcc/arm-elf/4.1.1/../../../../arm-elf/lib/interwork/libc.a(atoi.o)
 .debug_abbrev  0x00001e16       0xa6 /cygdrive/c/Embedded/GNUARM/bin/../lib/gcc/arm-elf/4.1.1/../../../../arm-elf/lib/interwork/libc.a(memcpy.o)
 .debug_abbrev  0x00001ebc       0x8b /cygdrive/c/Embedded/GNUARM/bin/../lib/gcc/arm-elf/4.1.1/../../../../arm-elf/lib/interwork/libc.a(strlen.o)
 .debug_abbrev  0x00001f47      0x1bd /cygdrive/c/Embedded/GNUARM/bin/../lib/gcc/arm-elf/4.1.1/../../../../arm-elf/lib/interwork/libc.a(strtol.o)
 .debug_abbrev  0x00002104       0x52 /cygdrive/c/Embedded/GNUARM/bin/../lib/gcc/arm-elf/4.1.1/../../../../arm-elf/lib/interwork/libc.a(ctype_.o)
 .debug_abbrev  0x00002156      0x157 /cygdrive/c/Embedded/GNUARM/bin/../lib/gcc/arm-elf/4.1.1/../../../../arm-elf/lib/interwork/libc.a(impure.o)

.debug_line     0x00000000     0x1bd0
 *(.debug_line)
 .debug_line    0x00000000       0xf1 main.o
 .debug_line    0x000000f1       0xef eeprom.o
 .debug_line    0x000001e0      0x123 i2c.o
 .debug_line    0x00000303       0xde uart.o
 .debug_line    0x000003e1       0x9a testLedMatrix.o
 .debug_line    0x0000047b       0xe5 testLcd.o
 .debug_line    0x00000560       0x8a testMotor.o
 .debug_line    0x000005ea       0xa1 testRGB.o
 .debug_line    0x0000068b       0xd7 testI2C.o
 .debug_line    0x00000762       0xdf testAdc.o
 .debug_line    0x00000841       0xa5 testXBee.o
 .debug_line    0x000008e6       0x2f startupSound.o
 .debug_line    0x00000915       0x7c irq/irq_code.a(irq_timer1.o)
 .debug_line    0x00000991       0x93 irq/irq_code.a(irqUart.o)
 .debug_line    0x00000a24      0x193 ./startup/libea_startup_thumb.a(consol.o)
 .debug_line    0x00000bb7       0xba ./startup/libea_startup_thumb.a(framework.o)
 .debug_line    0x00000c71      0x176 ./pre_emptive_os/pre_emptive_os.a(kernel.o)
 .debug_line    0x00000de7       0xbb ./pre_emptive_os/pre_emptive_os.a(prioqueue.o)
 .debug_line    0x00000ea2      0x109 ./pre_emptive_os/pre_emptive_os.a(timer.o)
 .debug_line    0x00000fab       0x97 ./pre_emptive_os/pre_emptive_os.a(stack_usage.o)
 .debug_line    0x00001042       0x8c ./pre_emptive_os/pre_emptive_os.a(a7hal.o)
 .debug_line    0x000010ce       0xd9 ./pre_emptive_os/pre_emptive_os.a(count_sem.o)
 .debug_line    0x000011a7       0xaf ./pre_emptive_os/pre_emptive_os.a(event.o)
 .debug_line    0x00001256       0xea usb/libusb.a(LPC_USB.o)
 .debug_line    0x00001340      0x125 usb/libusb.a(LPC_HID.o)
 .debug_line    0x00001465       0x84 /cygdrive/c/Embedded/GNUARM/bin/../lib/gcc/arm-elf/4.1.1/interwork/libgcc.a(_udivsi3.o)
 .debug_line    0x000014e9       0x90 /cygdrive/c/Embedded/GNUARM/bin/../lib/gcc/arm-elf/4.1.1/interwork/libgcc.a(_divsi3.o)
 .debug_line    0x00001579       0x6e /cygdrive/c/Embedded/GNUARM/bin/../lib/gcc/arm-elf/4.1.1/interwork/libgcc.a(_umodsi3.o)
 .debug_line    0x000015e7       0x5d /cygdrive/c/Embedded/GNUARM/bin/../lib/gcc/arm-elf/4.1.1/interwork/libgcc.a(_dvmd_tls.o)
 .debug_line    0x00001644       0x6b /cygdrive/c/Embedded/GNUARM/bin/../lib/gcc/arm-elf/4.1.1/interwork/libgcc.a(_call_via_rX.o)
 .debug_line    0x000016af       0xf9 /cygdrive/c/Embedded/GNUARM/bin/../lib/gcc/arm-elf/4.1.1/../../../../arm-elf/lib/interwork/libc.a(atoi.o)
 .debug_line    0x000017a8       0xc8 /cygdrive/c/Embedded/GNUARM/bin/../lib/gcc/arm-elf/4.1.1/../../../../arm-elf/lib/interwork/libc.a(memcpy.o)
 .debug_line    0x00001870       0xaf /cygdrive/c/Embedded/GNUARM/bin/../lib/gcc/arm-elf/4.1.1/../../../../arm-elf/lib/interwork/libc.a(strlen.o)
 .debug_line    0x0000191f      0x173 /cygdrive/c/Embedded/GNUARM/bin/../lib/gcc/arm-elf/4.1.1/../../../../arm-elf/lib/interwork/libc.a(strtol.o)
 .debug_line    0x00001a92       0x5b /cygdrive/c/Embedded/GNUARM/bin/../lib/gcc/arm-elf/4.1.1/../../../../arm-elf/lib/interwork/libc.a(ctype_.o)
 .debug_line    0x00001aed       0xe3 /cygdrive/c/Embedded/GNUARM/bin/../lib/gcc/arm-elf/4.1.1/../../../../arm-elf/lib/interwork/libc.a(impure.o)

.debug_frame    0x00000000     0x1000
 *(.debug_frame)
 .debug_frame   0x00000000       0xd8 main.o
 .debug_frame   0x000000d8       0xa4 eeprom.o
 .debug_frame   0x0000017c      0x108 i2c.o
 .debug_frame   0x00000284       0xc4 uart.o
 .debug_frame   0x00000348       0x28 testLedMatrix.o
 .debug_frame   0x00000370       0x68 testLcd.o
 .debug_frame   0x000003d8       0x28 testMotor.o
 .debug_frame   0x00000400       0x2c testRGB.o
 .debug_frame   0x0000042c       0x50 testI2C.o
 .debug_frame   0x0000047c       0x48 testAdc.o
 .debug_frame   0x000004c4       0x30 testXBee.o
 .debug_frame   0x000004f4       0x3c irq/irq_code.a(irq_timer1.o)
 .debug_frame   0x00000530       0x44 irq/irq_code.a(irqUart.o)
 .debug_frame   0x00000574      0x150 ./startup/libea_startup_thumb.a(consol.o)
 .debug_frame   0x000006c4       0xe0 ./startup/libea_startup_thumb.a(framework.o)
 .debug_frame   0x000007a4      0x1e8 ./pre_emptive_os/pre_emptive_os.a(kernel.o)
 .debug_frame   0x0000098c       0x8c ./pre_emptive_os/pre_emptive_os.a(prioqueue.o)
 .debug_frame   0x00000a18       0xb8 ./pre_emptive_os/pre_emptive_os.a(timer.o)
 .debug_frame   0x00000ad0       0x58 ./pre_emptive_os/pre_emptive_os.a(stack_usage.o)
 .debug_frame   0x00000b28       0xa0 ./pre_emptive_os/pre_emptive_os.a(a7hal.o)
 .debug_frame   0x00000bc8       0x84 ./pre_emptive_os/pre_emptive_os.a(count_sem.o)
 .debug_frame   0x00000c4c       0x94 ./pre_emptive_os/pre_emptive_os.a(event.o)
 .debug_frame   0x00000ce0       0xec usb/libusb.a(LPC_USB.o)
 .debug_frame   0x00000dcc       0xd8 usb/libusb.a(LPC_HID.o)
 .debug_frame   0x00000ea4       0x2c /cygdrive/c/Embedded/GNUARM/bin/../lib/gcc/arm-elf/4.1.1/interwork/libgcc.a(_udivsi3.o)
 .debug_frame   0x00000ed0       0x2c /cygdrive/c/Embedded/GNUARM/bin/../lib/gcc/arm-elf/4.1.1/interwork/libgcc.a(_divsi3.o)
 .debug_frame   0x00000efc       0x2c /cygdrive/c/Embedded/GNUARM/bin/../lib/gcc/arm-elf/4.1.1/interwork/libgcc.a(_umodsi3.o)
 .debug_frame   0x00000f28       0x40 /cygdrive/c/Embedded/GNUARM/bin/../lib/gcc/arm-elf/4.1.1/../../../../arm-elf/lib/interwork/libc.a(atoi.o)
 .debug_frame   0x00000f68       0x28 /cygdrive/c/Embedded/GNUARM/bin/../lib/gcc/arm-elf/4.1.1/../../../../arm-elf/lib/interwork/libc.a(memcpy.o)
 .debug_frame   0x00000f90       0x20 /cygdrive/c/Embedded/GNUARM/bin/../lib/gcc/arm-elf/4.1.1/../../../../arm-elf/lib/interwork/libc.a(strlen.o)
 .debug_frame   0x00000fb0       0x50 /cygdrive/c/Embedded/GNUARM/bin/../lib/gcc/arm-elf/4.1.1/../../../../arm-elf/lib/interwork/libc.a(strtol.o)

.debug_str      0x00000000     0x1a78
 *(.debug_str)
 .debug_str     0x00000000      0x144 main.o
                                0x174 (size before relaxing)
 .debug_str     0x00000144       0x85 eeprom.o
                                 0xfe (size before relaxing)
 .debug_str     0x000001c9       0x90 i2c.o
                                0x132 (size before relaxing)
 .debug_str     0x00000259      0x112 uart.o
                                0x1b2 (size before relaxing)
 .debug_str     0x0000036b       0x40 testLedMatrix.o
                                 0xd3 (size before relaxing)
 .debug_str     0x000003ab       0x4c testLcd.o
                                 0xe1 (size before relaxing)
 .debug_str     0x000003f7       0x34 testMotor.o
                                 0xbf (size before relaxing)
 .debug_str     0x0000042b       0x31 testRGB.o
                                 0xc8 (size before relaxing)
 .debug_str     0x0000045c       0x8c testI2C.o
                                0x12a (size before relaxing)
 .debug_str     0x000004e8       0x4b testAdc.o
                                 0xef (size before relaxing)
 .debug_str     0x00000533       0x26 testXBee.o
                                 0xc0 (size before relaxing)
 .debug_str     0x00000559        0xf startupSound.o
                                 0x63 (size before relaxing)
 .debug_str     0x00000568       0x6c irq/irq_code.a(irq_timer1.o)
                                 0xdb (size before relaxing)
 .debug_str     0x000005d4       0x52 irq/irq_code.a(irqUart.o)
                                0x13a (size before relaxing)
 .debug_str     0x00000626      0x17f ./startup/libea_startup_thumb.a(consol.o)
                                0x23f (size before relaxing)
 .debug_str     0x000007a5       0xdd ./startup/libea_startup_thumb.a(framework.o)
                                0x13b (size before relaxing)
 .debug_str     0x00000882      0x2e0 ./pre_emptive_os/pre_emptive_os.a(kernel.o)
                                0x35e (size before relaxing)
 .debug_str     0x00000b62       0x7d ./pre_emptive_os/pre_emptive_os.a(prioqueue.o)
                                0x246 (size before relaxing)
 .debug_str     0x00000bdf      0x10e ./pre_emptive_os/pre_emptive_os.a(timer.o)
                                0x2f7 (size before relaxing)
 .debug_str     0x00000ced       0x70 ./pre_emptive_os/pre_emptive_os.a(stack_usage.o)
                                0x22b (size before relaxing)
 .debug_str     0x00000d5d      0x158 ./pre_emptive_os/pre_emptive_os.a(a7hal.o)
                                0x1dd (size before relaxing)
 .debug_str     0x00000eb5       0x51 ./pre_emptive_os/pre_emptive_os.a(count_sem.o)
                                0x25b (size before relaxing)
 .debug_str     0x00000f06       0x51 ./pre_emptive_os/pre_emptive_os.a(event.o)
                                0x265 (size before relaxing)
 .debug_str     0x00000f57      0x309 usb/libusb.a(LPC_USB.o)
                                0x37d (size before relaxing)
 .debug_str     0x00001260      0x18a usb/libusb.a(LPC_HID.o)
                                0x23b (size before relaxing)
 .debug_str     0x000013ea      0x409 /cygdrive/c/Embedded/GNUARM/bin/../lib/gcc/arm-elf/4.1.1/../../../../arm-elf/lib/interwork/libc.a(atoi.o)
                                0x49e (size before relaxing)
 .debug_str     0x000017f3       0xaa /cygdrive/c/Embedded/GNUARM/bin/../lib/gcc/arm-elf/4.1.1/../../../../arm-elf/lib/interwork/libc.a(memcpy.o)
                                 0xd6 (size before relaxing)
 .debug_str     0x0000189d       0x56 /cygdrive/c/Embedded/GNUARM/bin/../lib/gcc/arm-elf/4.1.1/../../../../arm-elf/lib/interwork/libc.a(strlen.o)
                                0x11f (size before relaxing)
 .debug_str     0x000018f3       0x78 /cygdrive/c/Embedded/GNUARM/bin/../lib/gcc/arm-elf/4.1.1/../../../../arm-elf/lib/interwork/libc.a(strtol.o)
                                0x4e0 (size before relaxing)
 .debug_str     0x0000196b       0x7b /cygdrive/c/Embedded/GNUARM/bin/../lib/gcc/arm-elf/4.1.1/../../../../arm-elf/lib/interwork/libc.a(ctype_.o)
                                 0xaa (size before relaxing)
 .debug_str     0x000019e6       0x92 /cygdrive/c/Embedded/GNUARM/bin/../lib/gcc/arm-elf/4.1.1/../../../../arm-elf/lib/interwork/libc.a(impure.o)
                                0x4bc (size before relaxing)

.debug_loc      0x00000000     0x1f5a
 *(.debug_loc)
 .debug_loc     0x00000000      0x1dc main.o
 .debug_loc     0x000001dc      0x33d eeprom.o
 .debug_loc     0x00000519      0x406 i2c.o
 .debug_loc     0x0000091f      0x213 uart.o
 .debug_loc     0x00000b32       0x48 testLedMatrix.o
 .debug_loc     0x00000b7a      0x152 testLcd.o
 .debug_loc     0x00000ccc       0x32 testMotor.o
 .debug_loc     0x00000cfe       0xad testRGB.o
 .debug_loc     0x00000dab       0xa5 testI2C.o
 .debug_loc     0x00000e50       0xad testAdc.o
 .debug_loc     0x00000efd       0x51 testXBee.o
 .debug_loc     0x00000f4e       0x1f irq/irq_code.a(irq_timer1.o)
 .debug_loc     0x00000f6d       0x55 irq/irq_code.a(irqUart.o)
 .debug_loc     0x00000fc2      0x5ee ./startup/libea_startup_thumb.a(consol.o)
 .debug_loc     0x000015b0      0x1b2 ./startup/libea_startup_thumb.a(framework.o)
 .debug_loc     0x00001762      0x296 usb/libusb.a(LPC_USB.o)
 .debug_loc     0x000019f8      0x19d usb/libusb.a(LPC_HID.o)
 .debug_loc     0x00001b95       0x77 /cygdrive/c/Embedded/GNUARM/bin/../lib/gcc/arm-elf/4.1.1/../../../../arm-elf/lib/interwork/libc.a(atoi.o)
 .debug_loc     0x00001c0c       0xfc /cygdrive/c/Embedded/GNUARM/bin/../lib/gcc/arm-elf/4.1.1/../../../../arm-elf/lib/interwork/libc.a(memcpy.o)
 .debug_loc     0x00001d08       0x47 /cygdrive/c/Embedded/GNUARM/bin/../lib/gcc/arm-elf/4.1.1/../../../../arm-elf/lib/interwork/libc.a(strlen.o)
 .debug_loc     0x00001d4f      0x20b /cygdrive/c/Embedded/GNUARM/bin/../lib/gcc/arm-elf/4.1.1/../../../../arm-elf/lib/interwork/libc.a(strtol.o)

.debug_macinfo
 *(.debug_macinfo)

.debug_weaknames
 *(.debug_weaknames)

.debug_funcnames
 *(.debug_funcnames)

.debug_typenames
 *(.debug_typenames)

.debug_varnames
 *(.debug_varnames)
OUTPUT(testprogram_lpc2148_edu_v3_0.elf elf32-littlearm)

.debug_ranges   0x00000000       0x80
 .debug_ranges  0x00000000       0x18 main.o
 .debug_ranges  0x00000018       0x18 testI2C.o
 .debug_ranges  0x00000030       0x50 testAdc.o

Cross Reference Table

Symbol                                            File
HID_CallBack                                      usb/libusb.a(LPC_HID.o)
                                                  main.o
HID_CtrlStall                                     usb/libusb.a(LPC_HID.o)
HID_GetConfiguration                              usb/libusb.a(LPC_HID.o)
HID_ImplSetupPacket                               usb/libusb.a(LPC_HID.o)
HID_Init                                          usb/libusb.a(LPC_HID.o)
                                                  main.o
HID_SendDataByCtrlEP                              usb/libusb.a(LPC_HID.o)
HID_SendReport                                    usb/libusb.a(LPC_HID.o)
                                                  main.o
HID_SendZeroLengthByCtrlEP                        usb/libusb.a(LPC_HID.o)
IntrCallback                                      usb/libusb.a(LPC_USB.o)
LanguagesStr                                      usb/libusb.a(LPC_HID.o)
ManufacturerStr                                   usb/libusb.a(LPC_HID.o)
ProductStr                                        usb/libusb.a(LPC_HID.o)
StrPoin                                           usb/libusb.a(LPC_HID.o)
USB_ClearBuffer                                   usb/libusb.a(LPC_USB.o)
                                                  usb/libusb.a(LPC_HID.o)
USB_Cmd                                           usb/libusb.a(LPC_USB.o)
                                                  usb/libusb.a(LPC_HID.o)
USB_ISR                                           usb/libusb.a(LPC_USB.o)
USB_Init                                          usb/libusb.a(LPC_USB.o)
                                                  main.o
USB_RealizeEndPoint                               usb/libusb.a(LPC_USB.o)
                                                  usb/libusb.a(LPC_HID.o)
USB_SetAdd                                        usb/libusb.a(LPC_USB.o)
                                                  usb/libusb.a(LPC_HID.o)
USB_ValidateBuffer                                usb/libusb.a(LPC_USB.o)
                                                  usb/libusb.a(LPC_HID.o)
WriteString                                       testLcd.o
__HID_Init_change_to_arm                          /cygdrive/c/Embedded/GNUARM/bin/../lib/gcc/arm-elf/4.1.1/../../../../arm-elf/lib/interwork/libc.a(impure.o)
__HID_Init_from_thumb                             /cygdrive/c/Embedded/GNUARM/bin/../lib/gcc/arm-elf/4.1.1/../../../../arm-elf/lib/interwork/libc.a(impure.o)
__HID_SendReport_change_to_arm                    /cygdrive/c/Embedded/GNUARM/bin/../lib/gcc/arm-elf/4.1.1/../../../../arm-elf/lib/interwork/libc.a(impure.o)
__HID_SendReport_from_thumb                       /cygdrive/c/Embedded/GNUARM/bin/../lib/gcc/arm-elf/4.1.1/../../../../arm-elf/lib/interwork/libc.a(impure.o)
__USB_Init_change_to_arm                          /cygdrive/c/Embedded/GNUARM/bin/../lib/gcc/arm-elf/4.1.1/../../../../arm-elf/lib/interwork/libc.a(impure.o)
__USB_Init_from_thumb                             /cygdrive/c/Embedded/GNUARM/bin/../lib/gcc/arm-elf/4.1.1/../../../../arm-elf/lib/interwork/libc.a(impure.o)
____divsi3_change_to_arm                          /cygdrive/c/Embedded/GNUARM/bin/../lib/gcc/arm-elf/4.1.1/../../../../arm-elf/lib/interwork/libc.a(impure.o)
____divsi3_from_thumb                             /cygdrive/c/Embedded/GNUARM/bin/../lib/gcc/arm-elf/4.1.1/../../../../arm-elf/lib/interwork/libc.a(impure.o)
____udivsi3_change_to_arm                         /cygdrive/c/Embedded/GNUARM/bin/../lib/gcc/arm-elf/4.1.1/../../../../arm-elf/lib/interwork/libc.a(impure.o)
____udivsi3_from_thumb                            /cygdrive/c/Embedded/GNUARM/bin/../lib/gcc/arm-elf/4.1.1/../../../../arm-elf/lib/interwork/libc.a(impure.o)
__aeabi_idiv                                      /cygdrive/c/Embedded/GNUARM/bin/../lib/gcc/arm-elf/4.1.1/interwork/libgcc.a(_divsi3.o)
__aeabi_idiv0                                     /cygdrive/c/Embedded/GNUARM/bin/../lib/gcc/arm-elf/4.1.1/interwork/libgcc.a(_dvmd_tls.o)
__aeabi_idivmod                                   /cygdrive/c/Embedded/GNUARM/bin/../lib/gcc/arm-elf/4.1.1/interwork/libgcc.a(_divsi3.o)
__aeabi_ldiv0                                     /cygdrive/c/Embedded/GNUARM/bin/../lib/gcc/arm-elf/4.1.1/interwork/libgcc.a(_dvmd_tls.o)
__aeabi_uidiv                                     /cygdrive/c/Embedded/GNUARM/bin/../lib/gcc/arm-elf/4.1.1/interwork/libgcc.a(_udivsi3.o)
__aeabi_uidivmod                                  /cygdrive/c/Embedded/GNUARM/bin/../lib/gcc/arm-elf/4.1.1/interwork/libgcc.a(_udivsi3.o)
__bss_end__                                       ./startup/libea_startup_thumb.a(startup.o)
__bss_start__                                     ./startup/libea_startup_thumb.a(startup.o)
__consolSendNumber_change_to_arm                  /cygdrive/c/Embedded/GNUARM/bin/../lib/gcc/arm-elf/4.1.1/../../../../arm-elf/lib/interwork/libc.a(impure.o)
__consolSendNumber_from_thumb                     /cygdrive/c/Embedded/GNUARM/bin/../lib/gcc/arm-elf/4.1.1/../../../../arm-elf/lib/interwork/libc.a(impure.o)
__ctxSwitchIsr_oshal_change_to_arm                /cygdrive/c/Embedded/GNUARM/bin/../lib/gcc/arm-elf/4.1.1/../../../../arm-elf/lib/interwork/libc.a(impure.o)
__ctxSwitchIsr_oshal_from_thumb                   /cygdrive/c/Embedded/GNUARM/bin/../lib/gcc/arm-elf/4.1.1/../../../../arm-elf/lib/interwork/libc.a(impure.o)
__ctxSwitch_oshal_change_to_arm                   /cygdrive/c/Embedded/GNUARM/bin/../lib/gcc/arm-elf/4.1.1/../../../../arm-elf/lib/interwork/libc.a(impure.o)
__ctxSwitch_oshal_from_thumb                      /cygdrive/c/Embedded/GNUARM/bin/../lib/gcc/arm-elf/4.1.1/../../../../arm-elf/lib/interwork/libc.a(impure.o)
__ctype_ptr                                       /cygdrive/c/Embedded/GNUARM/bin/../lib/gcc/arm-elf/4.1.1/../../../../arm-elf/lib/interwork/libc.a(ctype_.o)
                                                  /cygdrive/c/Embedded/GNUARM/bin/../lib/gcc/arm-elf/4.1.1/../../../../arm-elf/lib/interwork/libc.a(strtol.o)
__disIrq_change_to_arm                            /cygdrive/c/Embedded/GNUARM/bin/../lib/gcc/arm-elf/4.1.1/../../../../arm-elf/lib/interwork/libc.a(impure.o)
__disIrq_from_thumb                               /cygdrive/c/Embedded/GNUARM/bin/../lib/gcc/arm-elf/4.1.1/../../../../arm-elf/lib/interwork/libc.a(impure.o)
__div0                                            /cygdrive/c/Embedded/GNUARM/bin/../lib/gcc/arm-elf/4.1.1/interwork/libgcc.a(_dvmd_tls.o)
                                                  /cygdrive/c/Embedded/GNUARM/bin/../lib/gcc/arm-elf/4.1.1/interwork/libgcc.a(_umodsi3.o)
                                                  /cygdrive/c/Embedded/GNUARM/bin/../lib/gcc/arm-elf/4.1.1/interwork/libgcc.a(_divsi3.o)
                                                  /cygdrive/c/Embedded/GNUARM/bin/../lib/gcc/arm-elf/4.1.1/interwork/libgcc.a(_udivsi3.o)
__divsi3                                          /cygdrive/c/Embedded/GNUARM/bin/../lib/gcc/arm-elf/4.1.1/interwork/libgcc.a(_divsi3.o)
                                                  ./pre_emptive_os/pre_emptive_os.a(stack_usage.o)
__eaInit_change_to_arm                            /cygdrive/c/Embedded/GNUARM/bin/../lib/gcc/arm-elf/4.1.1/../../../../arm-elf/lib/interwork/libc.a(impure.o)
__eaInit_from_thumb                               /cygdrive/c/Embedded/GNUARM/bin/../lib/gcc/arm-elf/4.1.1/../../../../arm-elf/lib/interwork/libc.a(impure.o)
__halDisableInterrupts_oshal_change_to_arm        /cygdrive/c/Embedded/GNUARM/bin/../lib/gcc/arm-elf/4.1.1/../../../../arm-elf/lib/interwork/libc.a(impure.o)
__halDisableInterrupts_oshal_from_thumb           /cygdrive/c/Embedded/GNUARM/bin/../lib/gcc/arm-elf/4.1.1/../../../../arm-elf/lib/interwork/libc.a(impure.o)
__halRestoreInterrupts_oshal_change_to_arm        /cygdrive/c/Embedded/GNUARM/bin/../lib/gcc/arm-elf/4.1.1/../../../../arm-elf/lib/interwork/libc.a(impure.o)
__halRestoreInterrupts_oshal_from_thumb           /cygdrive/c/Embedded/GNUARM/bin/../lib/gcc/arm-elf/4.1.1/../../../../arm-elf/lib/interwork/libc.a(impure.o)
__initTimer_oshal_change_to_arm                   /cygdrive/c/Embedded/GNUARM/bin/../lib/gcc/arm-elf/4.1.1/../../../../arm-elf/lib/interwork/libc.a(impure.o)
__initTimer_oshal_from_thumb                      /cygdrive/c/Embedded/GNUARM/bin/../lib/gcc/arm-elf/4.1.1/../../../../arm-elf/lib/interwork/libc.a(impure.o)
__memcpy_change_to_arm                            /cygdrive/c/Embedded/GNUARM/bin/../lib/gcc/arm-elf/4.1.1/../../../../arm-elf/lib/interwork/libc.a(impure.o)
__memcpy_from_thumb                               /cygdrive/c/Embedded/GNUARM/bin/../lib/gcc/arm-elf/4.1.1/../../../../arm-elf/lib/interwork/libc.a(impure.o)
__osISRExit_from_arm                              /cygdrive/c/Embedded/GNUARM/bin/../lib/gcc/arm-elf/4.1.1/../../../../arm-elf/lib/interwork/libc.a(impure.o)
__osTick_from_arm                                 /cygdrive/c/Embedded/GNUARM/bin/../lib/gcc/arm-elf/4.1.1/../../../../arm-elf/lib/interwork/libc.a(impure.o)
__restoreIrq_change_to_arm                        /cygdrive/c/Embedded/GNUARM/bin/../lib/gcc/arm-elf/4.1.1/../../../../arm-elf/lib/interwork/libc.a(impure.o)
__restoreIrq_from_thumb                           /cygdrive/c/Embedded/GNUARM/bin/../lib/gcc/arm-elf/4.1.1/../../../../arm-elf/lib/interwork/libc.a(impure.o)
__simplePrintf_change_to_arm                      /cygdrive/c/Embedded/GNUARM/bin/../lib/gcc/arm-elf/4.1.1/../../../../arm-elf/lib/interwork/libc.a(impure.o)
__simplePrintf_from_thumb                         /cygdrive/c/Embedded/GNUARM/bin/../lib/gcc/arm-elf/4.1.1/../../../../arm-elf/lib/interwork/libc.a(impure.o)
__startHighProc_oshal_change_to_arm               /cygdrive/c/Embedded/GNUARM/bin/../lib/gcc/arm-elf/4.1.1/../../../../arm-elf/lib/interwork/libc.a(impure.o)
__startHighProc_oshal_from_thumb                  /cygdrive/c/Embedded/GNUARM/bin/../lib/gcc/arm-elf/4.1.1/../../../../arm-elf/lib/interwork/libc.a(impure.o)
__stkFrameInit_oshal_change_to_arm                /cygdrive/c/Embedded/GNUARM/bin/../lib/gcc/arm-elf/4.1.1/../../../../arm-elf/lib/interwork/libc.a(impure.o)
__stkFrameInit_oshal_from_thumb                   /cygdrive/c/Embedded/GNUARM/bin/../lib/gcc/arm-elf/4.1.1/../../../../arm-elf/lib/interwork/libc.a(impure.o)
__strlen_change_to_arm                            /cygdrive/c/Embedded/GNUARM/bin/../lib/gcc/arm-elf/4.1.1/../../../../arm-elf/lib/interwork/libc.a(impure.o)
__strlen_from_thumb                               /cygdrive/c/Embedded/GNUARM/bin/../lib/gcc/arm-elf/4.1.1/../../../../arm-elf/lib/interwork/libc.a(impure.o)
__udivsi3                                         /cygdrive/c/Embedded/GNUARM/bin/../lib/gcc/arm-elf/4.1.1/interwork/libgcc.a(_udivsi3.o)
                                                  /cygdrive/c/Embedded/GNUARM/bin/../lib/gcc/arm-elf/4.1.1/../../../../arm-elf/lib/interwork/libc.a(strtol.o)
                                                  ./pre_emptive_os/pre_emptive_os.a(stack_usage.o)
                                                  ./startup/libea_startup_thumb.a(consol.o)
__umodsi3                                         /cygdrive/c/Embedded/GNUARM/bin/../lib/gcc/arm-elf/4.1.1/interwork/libgcc.a(_umodsi3.o)
                                                  /cygdrive/c/Embedded/GNUARM/bin/../lib/gcc/arm-elf/4.1.1/../../../../arm-elf/lib/interwork/libc.a(strtol.o)
                                                  ./startup/libea_startup_thumb.a(consol.o)
_atoi_r                                           /cygdrive/c/Embedded/GNUARM/bin/../lib/gcc/arm-elf/4.1.1/../../../../arm-elf/lib/interwork/libc.a(atoi.o)
_call_via_fp                                      /cygdrive/c/Embedded/GNUARM/bin/../lib/gcc/arm-elf/4.1.1/interwork/libgcc.a(_call_via_rX.o)
_call_via_ip                                      /cygdrive/c/Embedded/GNUARM/bin/../lib/gcc/arm-elf/4.1.1/interwork/libgcc.a(_call_via_rX.o)
_call_via_lr                                      /cygdrive/c/Embedded/GNUARM/bin/../lib/gcc/arm-elf/4.1.1/interwork/libgcc.a(_call_via_rX.o)
_call_via_r0                                      /cygdrive/c/Embedded/GNUARM/bin/../lib/gcc/arm-elf/4.1.1/interwork/libgcc.a(_call_via_rX.o)
_call_via_r1                                      /cygdrive/c/Embedded/GNUARM/bin/../lib/gcc/arm-elf/4.1.1/interwork/libgcc.a(_call_via_rX.o)
_call_via_r2                                      /cygdrive/c/Embedded/GNUARM/bin/../lib/gcc/arm-elf/4.1.1/interwork/libgcc.a(_call_via_rX.o)
_call_via_r3                                      /cygdrive/c/Embedded/GNUARM/bin/../lib/gcc/arm-elf/4.1.1/interwork/libgcc.a(_call_via_rX.o)
_call_via_r4                                      /cygdrive/c/Embedded/GNUARM/bin/../lib/gcc/arm-elf/4.1.1/interwork/libgcc.a(_call_via_rX.o)
                                                  ./pre_emptive_os/pre_emptive_os.a(timer.o)
_call_via_r5                                      /cygdrive/c/Embedded/GNUARM/bin/../lib/gcc/arm-elf/4.1.1/interwork/libgcc.a(_call_via_rX.o)
_call_via_r6                                      /cygdrive/c/Embedded/GNUARM/bin/../lib/gcc/arm-elf/4.1.1/interwork/libgcc.a(_call_via_rX.o)
_call_via_r7                                      /cygdrive/c/Embedded/GNUARM/bin/../lib/gcc/arm-elf/4.1.1/interwork/libgcc.a(_call_via_rX.o)
_call_via_r8                                      /cygdrive/c/Embedded/GNUARM/bin/../lib/gcc/arm-elf/4.1.1/interwork/libgcc.a(_call_via_rX.o)
[...]
appTick                                           main.o
                                                  ./pre_emptive_os/pre_emptive_os.a(kernel.o)
atoi                                              /cygdrive/c/Embedded/GNUARM/bin/../lib/gcc/arm-elf/4.1.1/../../../../arm-elf/lib/interwork/libc.a(atoi.o)
                                                  ./startup/libea_startup_thumb.a(consol.o)
cfgDescriptor                                     usb/libusb.a(LPC_HID.o)
checkStackLimit                                   ./pre_emptive_os/pre_emptive_os.a(stack_usage.o)
consolGetCh                                       ./startup/libea_startup_thumb.a(consol.o)
consolGetChar                                     ./startup/libea_startup_thumb.a(consol.o)
consolGetIntNum                                   ./startup/libea_startup_thumb.a(consol.o)
consolGetString                                   ./startup/libea_startup_thumb.a(consol.o)
consolInit                                        ./startup/libea_startup_thumb.a(consol.o)
                                                  ./startup/libea_startup_thumb.a(framework.o)
consolScanf                                       ./startup/libea_startup_thumb.a(consol.o)
consolSendCh                                      ./startup/libea_startup_thumb.a(consol.o)
consolSendChar                                    ./startup/libea_startup_thumb.a(consol.o)
consolSendNumber                                  ./startup/libea_startup_thumb.a(consol.o)
                                                  ./startup/libea_startup_thumb.a(framework.o)
                                                  testAdc.o
consolSendString                                  ./startup/libea_startup_thumb.a(consol.o)
                                                  ./startup/libea_startup_thumb.a(framework.o)
createStackPattern                                ./pre_emptive_os/pre_emptive_os.a(stack_usage.o)
                                                  ./pre_emptive_os/pre_emptive_os.a(kernel.o)
ctxSwitchIsr_oshal                                ./pre_emptive_os/pre_emptive_os.a(a7hal_a.o)
                                                  ./pre_emptive_os/pre_emptive_os.a(kernel.o)
ctxSwitch_oshal                                   ./pre_emptive_os/pre_emptive_os.a(a7hal_a.o)
                                                  ./pre_emptive_os/pre_emptive_os.a(kernel.o)
currentAddress                                    usb/libusb.a(LPC_HID.o)
currentConfiguration                              usb/libusb.a(LPC_HID.o)
devDescriptor                                     usb/libusb.a(LPC_HID.o)
disIrq                                            irq/irq_code.a(irqUart.o)
                                                  uart.o
eaInit                                            ./startup/libea_startup_thumb.a(framework.o)
                                                  main.o
eaText                                            testLedMatrix.o
eepromPageRead                                    eeprom.o
                                                  testI2C.o
eepromPoll                                        eeprom.o
                                                  testI2C.o
eepromStartRead                                   eeprom.o
eepromWrite                                       eeprom.o
                                                  testI2C.o
end                                               ./startup/libea_startup_thumb.a(framework.o)
eventInit                                         ./pre_emptive_os/pre_emptive_os.a(event.o)
                                                  ./pre_emptive_os/pre_emptive_os.a(count_sem.o)
eventIsEmpty                                      ./pre_emptive_os/pre_emptive_os.a(event.o)
                                                  ./pre_emptive_os/pre_emptive_os.a(count_sem.o)
eventSignal                                       ./pre_emptive_os/pre_emptive_os.a(event.o)
                                                  ./pre_emptive_os/pre_emptive_os.a(count_sem.o)
eventWait                                         ./pre_emptive_os/pre_emptive_os.a(event.o)
                                                  ./pre_emptive_os/pre_emptive_os.a(count_sem.o)
eventWaitReturn                                   ./pre_emptive_os/pre_emptive_os.a(event.o)
                                                  ./pre_emptive_os/pre_emptive_os.a(count_sem.o)
exceptionHandlerInit                              ./startup/libea_startup_thumb.a(framework.o)
                                                  ./startup/libea_startup_thumb.a(startup.o)
generalIRQ_oshal                                  ./pre_emptive_os/pre_emptive_os.a(a7hal_a.o)
                                                  ./pre_emptive_os/pre_emptive_os.a(a7hal.o)
getHighPrioQueue                                  ./pre_emptive_os/pre_emptive_os.a(prioqueue.o)
                                                  ./pre_emptive_os/pre_emptive_os.a(event.o)
                                                  ./pre_emptive_os/pre_emptive_os.a(kernel.o)
halDisableInterrupts                              usb/libusb.a(LPC_USB.o)
halDisableInterrupts_oshal                        ./pre_emptive_os/pre_emptive_os.a(a7hal.o)
                                                  ./pre_emptive_os/pre_emptive_os.a(count_sem.o)
                                                  ./pre_emptive_os/pre_emptive_os.a(timer.o)
                                                  ./pre_emptive_os/pre_emptive_os.a(kernel.o)
halEnableInterrupts                               usb/libusb.a(LPC_USB.o)
halEnableInterrupts_oshal                         ./pre_emptive_os/pre_emptive_os.a(a7hal.o)
halRestoreInterrupts                              usb/libusb.a(LPC_USB.o)
halRestoreInterrupts_oshal                        ./pre_emptive_os/pre_emptive_os.a(a7hal.o)
                                                  ./pre_emptive_os/pre_emptive_os.a(count_sem.o)
                                                  ./pre_emptive_os/pre_emptive_os.a(timer.o)
                                                  ./pre_emptive_os/pre_emptive_os.a(kernel.o)
handleIRQs_oshal                                  ./pre_emptive_os/pre_emptive_os.a(a7hal.o)
                                                  ./pre_emptive_os/pre_emptive_os.a(a7hal_a.o)
i2cCheckStatus                                    i2c.o
                                                  eeprom.o
i2cGetChar                                        i2c.o
                                                  eeprom.o
i2cInit                                           i2c.o
                                                  testI2C.o
i2cMyWrite                                        i2c.o
i2cPutChar                                        i2c.o
                                                  eeprom.o
i2cRead                                           i2c.o
i2cRepeatStart                                    i2c.o
                                                  eeprom.o
i2cStart                                          i2c.o
                                                  eeprom.o
i2cStop                                           i2c.o
                                                  eeprom.o
i2cWaitTransmit                                   i2c.o
i2cWrite                                          i2c.o
i2cWriteWithWait                                  i2c.o
                                                  eeprom.o
initPrioQueue                                     ./pre_emptive_os/pre_emptive_os.a(prioqueue.o)
                                                  ./pre_emptive_os/pre_emptive_os.a(event.o)
                                                  ./pre_emptive_os/pre_emptive_os.a(kernel.o)
initTimer_oshal                                   ./pre_emptive_os/pre_emptive_os.a(a7hal.o)
                                                  ./pre_emptive_os/pre_emptive_os.a(kernel.o)
initUart1                                         uart.o
                                                  testXBee.o
isEmptyPrioQueue                                  ./pre_emptive_os/pre_emptive_os.a(prioqueue.o)
                                                  ./pre_emptive_os/pre_emptive_os.a(event.o)
isrNesting                                        ./pre_emptive_os/pre_emptive_os.a(kernel.o)
                                                  ./pre_emptive_os/pre_emptive_os.a(event.o)
                                                  ./pre_emptive_os/pre_emptive_os.a(count_sem.o)
                                                  ./pre_emptive_os/pre_emptive_os.a(a7hal_a.o)
ledMatrix                                         irq/irq_code.a(irq_timer1.o)
                                                  testLedMatrix.o
lm75Read                                          eeprom.o
                                                  testAdc.o
                                                  testI2C.o
lowLevelInit                                      ./startup/libea_startup_thumb.a(framework.o)
                                                  ./startup/libea_startup_thumb.a(startup.o)
main                                              main.o
                                                  ./startup/libea_startup_thumb.a(startup.o)
memcpy                                            /cygdrive/c/Embedded/GNUARM/bin/../lib/gcc/arm-elf/4.1.1/../../../../arm-elf/lib/interwork/libc.a(memcpy.o)
                                                  ./startup/libea_startup_thumb.a(consol.o)
                                                  testI2C.o
mouseDescriptor                                   usb/libusb.a(LPC_HID.o)
msClock                                           main.o
                                                  testXBee.o
osCreateProcess                                   ./pre_emptive_os/pre_emptive_os.a(kernel.o)
                                                  ./pre_emptive_os/pre_emptive_os.a(timer.o)
                                                  main.o
osCreateTimer                                     ./pre_emptive_os/pre_emptive_os.a(timer.o)
osDeleteProcess                                   ./pre_emptive_os/pre_emptive_os.a(kernel.o)
                                                  main.o
osDeleteTimer                                     ./pre_emptive_os/pre_emptive_os.a(timer.o)
osGetHighPrioProc                                 ./pre_emptive_os/pre_emptive_os.a(kernel.o)
osISREnter                                        ./pre_emptive_os/pre_emptive_os.a(kernel.o)
osISRExit                                         ./pre_emptive_os/pre_emptive_os.a(kernel.o)
                                                  ./pre_emptive_os/pre_emptive_os.a(a7hal_a.o)
osInit                                            ./pre_emptive_os/pre_emptive_os.a(kernel.o)
                                                  main.o
osInitTimers                                      ./pre_emptive_os/pre_emptive_os.a(timer.o)
osLockNesting                                     ./pre_emptive_os/pre_emptive_os.a(kernel.o)
osPid                                             ./pre_emptive_os/pre_emptive_os.a(kernel.o)
osResume                                          ./pre_emptive_os/pre_emptive_os.a(kernel.o)
osSemGive                                         ./pre_emptive_os/pre_emptive_os.a(count_sem.o)
                                                  ./pre_emptive_os/pre_emptive_os.a(timer.o)
osSemInit                                         ./pre_emptive_os/pre_emptive_os.a(count_sem.o)
                                                  ./pre_emptive_os/pre_emptive_os.a(timer.o)
osSemTake                                         ./pre_emptive_os/pre_emptive_os.a(count_sem.o)
                                                  ./pre_emptive_os/pre_emptive_os.a(timer.o)
osSemTryTake                                      ./pre_emptive_os/pre_emptive_os.a(count_sem.o)
osSleep                                           ./pre_emptive_os/pre_emptive_os.a(kernel.o)
                                                  testXBee.o
                                                  testAdc.o
                                                  testI2C.o
                                                  testRGB.o
                                                  testMotor.o
                                                  testLcd.o
                                                  testLedMatrix.o
                                                  main.o
osStackUsage                                      ./pre_emptive_os/pre_emptive_os.a(stack_usage.o)
osStart                                           ./pre_emptive_os/pre_emptive_os.a(kernel.o)
                                                  main.o
osStartProcess                                    ./pre_emptive_os/pre_emptive_os.a(kernel.o)
                                                  ./pre_emptive_os/pre_emptive_os.a(timer.o)
                                                  main.o
osSuspend                                         ./pre_emptive_os/pre_emptive_os.a(kernel.o)
osTick                                            ./pre_emptive_os/pre_emptive_os.a(kernel.o)
                                                  ./pre_emptive_os/pre_emptive_os.a(a7hal.o)
pHeapEnd                                          ./startup/libea_startup_thumb.a(framework.o)
pHeapStart                                        ./startup/libea_startup_thumb.a(framework.o)
pNxtToRun                                         ./pre_emptive_os/pre_emptive_os.a(kernel.o)
                                                  ./pre_emptive_os/pre_emptive_os.a(a7hal_a.o)
pRunProc                                          ./pre_emptive_os/pre_emptive_os.a(kernel.o)
                                                  ./pre_emptive_os/pre_emptive_os.a(event.o)
                                                  ./pre_emptive_os/pre_emptive_os.a(a7hal_a.o)
pattern                                           testLedMatrix.o
                                                  irq/irq_code.a(irq_timer1.o)
processControlBlocks                              ./pre_emptive_os/pre_emptive_os.a(event.o)
                                                  ./pre_emptive_os/pre_emptive_os.a(stack_usage.o)
                                                  ./pre_emptive_os/pre_emptive_os.a(kernel.o)
restoreIrq                                        irq/irq_code.a(irqUart.o)
                                                  uart.o
rmvFromPrioQueue                                  ./pre_emptive_os/pre_emptive_os.a(prioqueue.o)
                                                  ./pre_emptive_os/pre_emptive_os.a(event.o)
                                                  ./pre_emptive_os/pre_emptive_os.a(kernel.o)
rmvFromRdyList                                    ./pre_emptive_os/pre_emptive_os.a(kernel.o)
                                                  ./pre_emptive_os/pre_emptive_os.a(event.o)
rmvFromTimeList                                   ./pre_emptive_os/pre_emptive_os.a(kernel.o)
                                                  ./pre_emptive_os/pre_emptive_os.a(event.o)
schedule                                          ./pre_emptive_os/pre_emptive_os.a(kernel.o)
                                                  ./pre_emptive_os/pre_emptive_os.a(event.o)
                                                  ./pre_emptive_os/pre_emptive_os.a(count_sem.o)
send_SPI                                          irq/irq_code.a(irq_timer1.o)
simplePrintf                                      ./startup/libea_startup_thumb.a(consol.o)
                                                  usb/libusb.a(LPC_HID.o)
                                                  testXBee.o
                                                  testAdc.o
                                                  testI2C.o
                                                  main.o
startHighProc_oshal                               ./pre_emptive_os/pre_emptive_os.a(a7hal_a.o)
                                                  ./pre_emptive_os/pre_emptive_os.a(kernel.o)
startupSound                                      startupSound.o
                                                  main.o
stkFrameInit_oshal                                ./pre_emptive_os/pre_emptive_os.a(a7hal.o)
                                                  ./pre_emptive_os/pre_emptive_os.a(kernel.o)
strlen                                            /cygdrive/c/Embedded/GNUARM/bin/../lib/gcc/arm-elf/4.1.1/../../../../arm-elf/lib/interwork/libc.a(strlen.o)
                                                  ./startup/libea_startup_thumb.a(consol.o)
                                                  testI2C.o
strtol                                            /cygdrive/c/Embedded/GNUARM/bin/../lib/gcc/arm-elf/4.1.1/../../../../arm-elf/lib/interwork/libc.a(strtol.o)
                                                  /cygdrive/c/Embedded/GNUARM/bin/../lib/gcc/arm-elf/4.1.1/../../../../arm-elf/lib/interwork/libc.a(atoi.o)
testAdc                                           testAdc.o
                                                  main.o
testEEPROM                                        testI2C.o
testI2C                                           testI2C.o
                                                  main.o
testLcd                                           testLcd.o
                                                  main.o
testLedMatrix                                     testLedMatrix.o
                                                  main.o
testMotor                                         testMotor.o
                                                  main.o
testRGB                                           testRGB.o
                                                  main.o
testXBee                                          testXBee.o
                                                  main.o
timerIsr_oshal                                    ./pre_emptive_os/pre_emptive_os.a(a7hal.o)
timerTick                                         ./pre_emptive_os/pre_emptive_os.a(timer.o)
                                                  ./pre_emptive_os/pre_emptive_os.a(kernel.o)
uart1GetCh                                        uart.o
uart1GetChar                                      uart.o
                                                  testXBee.o
uart1ISR                                          irq/irq_code.a(irqUart.o)
                                                  uart.o
uart1RxBuf                                        irq/irq_code.a(irqUart.o)
                                                  uart.o
uart1RxHead                                       uart.o
                                                  irq/irq_code.a(irqUart.o)
uart1RxTail                                       uart.o
                                                  irq/irq_code.a(irqUart.o)
uart1SendCh                                       uart.o
                                                  testXBee.o
uart1SendChar                                     uart.o
uart1SendChars                                    uart.o
uart1SendString                                   uart.o
uart1TxBuf                                        irq/irq_code.a(irqUart.o)
                                                  uart.o
uart1TxHead                                       uart.o
                                                  irq/irq_code.a(irqUart.o)
uart1TxRunning                                    uart.o
                                                  irq/irq_code.a(irqUart.o)
uart1TxTail                                       uart.o
                                                  irq/irq_code.a(irqUart.o)
xbeePresent                                       testRGB.o
                                                  main.o
