Archive member included because of file (symbol)

irq/irq_code.a(irq_timer1.o)  testLedMatrix.o (ledMatrix)
irq/irq_code.a(irqUart.o)     uart.o (uart1ISR)
./startup/libea_startup_thumb.a(consol.o)
                              testAdc.o (consolSendNumber)
./startup/libea_startup_thumb.a(framework.o)
                              main.o (eaInit)
./startup/libea_startup_thumb.a(startup.o)
                              (_startup)
./pre_emptive_os/pre_emptive_os.a(kernel.o)
                              main.o (osInit)
./pre_emptive_os/pre_emptive_os.a(prioqueue.o)
                              ./pre_emptive_os/pre_emptive_os.a(kernel.o) (initPrioQueue)
./pre_emptive_os/pre_emptive_os.a(timer.o)
                              ./pre_emptive_os/pre_emptive_os.a(kernel.o) (timerTick)
./pre_emptive_os/pre_emptive_os.a(stack_usage.o)
                              ./pre_emptive_os/pre_emptive_os.a(kernel.o) (createStackPattern)
./pre_emptive_os/pre_emptive_os.a(a7hal.o)
                              ./pre_emptive_os/pre_emptive_os.a(kernel.o) (stkFrameInit_oshal)
./pre_emptive_os/pre_emptive_os.a(a7hal_a.o)
                              ./pre_emptive_os/pre_emptive_os.a(kernel.o) (startHighProc_oshal)
./pre_emptive_os/pre_emptive_os.a(count_sem.o)
                              ./pre_emptive_os/pre_emptive_os.a(timer.o) (osSemInit)
./pre_emptive_os/pre_emptive_os.a(event.o)
                              ./pre_emptive_os/pre_emptive_os.a(count_sem.o) (eventInit)
usb/libusb.a(LPC_USB.o)       main.o (USB_Init)
usb/libusb.a(LPC_HID.o)       main.o (HID_SendReport)
./filesys/filesys.a(efs.o)    testMMC.o (efs_init)
./filesys/filesys.a(file.o)   testMMC.o (file_fclose)
./filesys/filesys.a(fs.o)     ./filesys/filesys.a(file.o) (fs_clusterToSector)
./filesys/filesys.a(ioman.o)  ./filesys/filesys.a(efs.o) (ioman_init)
./filesys/filesys.a(libc.o)   ./filesys/filesys.a(file.o) (memCpy)
./filesys/filesys.a(ls.o)     testMMC.o (ls_getNext)
./filesys/filesys.a(partition.o)
                              ./filesys/filesys.a(efs.o) (part_initPartition)
./filesys/filesys.a(time.o)   ./filesys/filesys.a(file.o) (fs_hasTimeSupport)
./filesys/filesys.a(extract.o)
                              ./filesys/filesys.a(fs.o) (ex_getb16)
./filesys/filesys.a(dir.o)    ./filesys/filesys.a(fs.o) (dir_addCluster)
./filesys/filesys.a(disc.o)   ./filesys/filesys.a(efs.o) (disc_initDisc)
./filesys/filesys.a(fat.o)    ./filesys/filesys.a(file.o) (fat_giveEocMarker)
./mmc/mmc.a(hwinterface.o)    ./filesys/filesys.a(ioman.o) (if_writeBuf)
./mmc/mmc.a(sd.o)             ./mmc/mmc.a(hwinterface.o) (sd_getDriveSize)
/cygdrive/c/Embedded/GNUARM/bin/../lib/gcc/arm-elf/4.1.1/interwork/libgcc.a(_udivsi3.o)
                              ./startup/libea_startup_thumb.a(consol.o) (__udivsi3)
/cygdrive/c/Embedded/GNUARM/bin/../lib/gcc/arm-elf/4.1.1/interwork/libgcc.a(_divsi3.o)
                              ./pre_emptive_os/pre_emptive_os.a(stack_usage.o) (__divsi3)
/cygdrive/c/Embedded/GNUARM/bin/../lib/gcc/arm-elf/4.1.1/interwork/libgcc.a(_umodsi3.o)
                              ./startup/libea_startup_thumb.a(consol.o) (__umodsi3)
/cygdrive/c/Embedded/GNUARM/bin/../lib/gcc/arm-elf/4.1.1/interwork/libgcc.a(_modsi3.o)
                              ./filesys/filesys.a(ls.o) (__modsi3)
/cygdrive/c/Embedded/GNUARM/bin/../lib/gcc/arm-elf/4.1.1/interwork/libgcc.a(_dvmd_tls.o)
                              /cygdrive/c/Embedded/GNUARM/bin/../lib/gcc/arm-elf/4.1.1/interwork/libgcc.a(_udivsi3.o) (__div0)
/cygdrive/c/Embedded/GNUARM/bin/../lib/gcc/arm-elf/4.1.1/interwork/libgcc.a(_call_via_rX.o)
                              ./pre_emptive_os/pre_emptive_os.a(timer.o) (_call_via_r4)
/cygdrive/c/Embedded/GNUARM/bin/../lib/gcc/arm-elf/4.1.1/../../../../arm-elf/lib/interwork/libc.a(atoi.o)
                              ./startup/libea_startup_thumb.a(consol.o) (atoi)
/cygdrive/c/Embedded/GNUARM/bin/../lib/gcc/arm-elf/4.1.1/../../../../arm-elf/lib/interwork/libc.a(memcpy.o)
                              testI2C.o (memcpy)
/cygdrive/c/Embedded/GNUARM/bin/../lib/gcc/arm-elf/4.1.1/../../../../arm-elf/lib/interwork/libc.a(strlen.o)
                              testI2C.o (strlen)
/cygdrive/c/Embedded/GNUARM/bin/../lib/gcc/arm-elf/4.1.1/../../../../arm-elf/lib/interwork/libc.a(strncpy.o)
                              testMMC.o (strncpy)
/cygdrive/c/Embedded/GNUARM/bin/../lib/gcc/arm-elf/4.1.1/../../../../arm-elf/lib/interwork/libc.a(strtol.o)
                              /cygdrive/c/Embedded/GNUARM/bin/../lib/gcc/arm-elf/4.1.1/../../../../arm-elf/lib/interwork/libc.a(atoi.o) (_strtol_r)
/cygdrive/c/Embedded/GNUARM/bin/../lib/gcc/arm-elf/4.1.1/../../../../arm-elf/lib/interwork/libc.a(ctype_.o)
                              /cygdrive/c/Embedded/GNUARM/bin/../lib/gcc/arm-elf/4.1.1/../../../../arm-elf/lib/interwork/libc.a(strtol.o) (__ctype_ptr)
/cygdrive/c/Embedded/GNUARM/bin/../lib/gcc/arm-elf/4.1.1/../../../../arm-elf/lib/interwork/libc.a(impure.o)
[...]
Memory Configuration

Name             Origin             Length             Attributes
FLASH            0x00000000         0x00080000         xr
RAM              0x40000000         0x00008000         rw
*default*        0x00000000         0xffffffff

Linker script and memory map

LOAD main.o
LOAD eeprom.o
LOAD i2c.o
LOAD uart.o
LOAD testLedMatrix.o
LOAD testLcd.o
LOAD testMMC.o
LOAD testMotor.o
LOAD testRGB.o
LOAD testI2C.o
LOAD testAdc.o
LOAD testXBee.o
LOAD startupSound.o
LOAD irq/irq_code.a
LOAD ./startup/libea_startup_thumb.a
LOAD ./pre_emptive_os/pre_emptive_os.a
LOAD usb/libusb.a
LOAD ./filesys/filesys.a
LOAD ./mmc/mmc.a
START GROUP
LOAD /cygdrive/c/Embedded/GNUARM/bin/../lib/gcc/arm-elf/4.1.1/interwork/libgcc.a
LOAD /cygdrive/c/Embedded/GNUARM/bin/../lib/gcc/arm-elf/4.1.1/../../../../arm-elf/lib/interwork/libc.a
END GROUP

.text           0x00000000     0x8a7c
 *startup.o(.text)
 .text          0x00000000      0x1d8 ./startup/libea_startup_thumb.a(startup.o)
                0x00000000                _startup
 *(.text)
 .text          0x000001d8      0x35c main.o
                0x000001d8                appTick
                0x000001e8                main
 .text          0x00000534      0x23c eeprom.o
                0x00000684                lm75Read
                0x00000534                eepromWrite
                0x000005a0                eepromPoll
                0x000006f8                eepromPageRead
                0x000005ec                eepromStartRead
 .text          0x00000770      0x39c i2c.o
                0x00000788                i2cInit
                0x000009cc                i2cRead
                0x000008f8                i2cWriteWithWait
                0x000007d4                i2cStart
                0x00000820                i2cStop
                0x00000770                i2cCheckStatus
                0x00000874                i2cGetChar
                0x00000980                i2cRepeatStart
                0x00000a6c                i2cWrite
                0x000008cc                i2cWaitTransmit
                0x00000928                i2cMyWrite
                0x00000848                i2cPutChar
 .text          0x00000b0c      0x204 uart.o
                0x00000c30                uart1SendChar
                0x00000cb4                uart1SendChars
                0x00000cf8                uart1SendString
                0x00000cdc                uart1SendCh
                0x00000b0c                initUart1
                0x00000be4                uart1GetChar
                0x00000c14                uart1GetCh
 .text          0x00000d10       0xdc testLedMatrix.o
                0x00000d10                testLedMatrix
 .text          0x00000dec      0x29c testLcd.o
                0x00000e9c                WriteString
                0x00000ebc                testLcd
 .text          0x00001088      0x198 testMMC.o
                0x00001088                format_file_name
                0x000010e0                testMMC
 .text          0x00001220       0x94 testMotor.o
                0x00001220                testMotor
 .text          0x000012b4      0x124 testRGB.o
                0x000012b4                testRGB
 .text          0x000013d8      0x2b4 testI2C.o
                0x000013d8                testEEPROM
                0x000014e8                testI2C
 .text          0x0000168c      0x2b4 testAdc.o
                0x000016c4                testAdc
 .text          0x00001940      0x154 testXBee.o
                0x00001940                testXBee
 .text          0x00001a94        0x0 startupSound.o
 .text          0x00001a94      0x124 irq/irq_code.a(irq_timer1.o)
                0x00001a94                send_SPI
                0x00001b28                ledMatrix
 .text          0x00001bb8      0x1e4 irq/irq_code.a(irqUart.o)
                0x00001bb8                uart1ISR
                0x00001d94                restoreIrq
                0x00001d74                disIrq
 .text          0x00001d9c      0x67c ./startup/libea_startup_thumb.a(consol.o)
                0x00002254                consolGetIntNum
                0x00001e90                consolSendCh
                0x0000205c                consolGetString
                0x00001f00                consolSendNumber
                0x00002018                consolGetCh
                0x00001e70                consolSendChar
                0x000020d4                simplePrintf
                0x00001ed4                consolSendString
                0x00002334                consolScanf
                0x00002038                consolGetChar
                0x00001e20                consolInit
 .text          0x00002418      0x2c0 ./startup/libea_startup_thumb.a(framework.o)
                0x00002544                eaInit
                0x00002490                lowLevelInit
                0x00002418                exceptionHandlerInit
 .text          0x000026d8      0x4f8 ./pre_emptive_os/pre_emptive_os.a(kernel.o)
                0x00002a54                osTick
                0x00002b18                rmvFromRdyList
                0x00002874                osGetHighPrioProc
                0x00002b34                osSuspend
                0x00002788                osInit
                0x00002b68                osDeleteProcess
                0x000027b4                osISREnter
                0x00002890                schedule
                0x000027d8                osCreateProcess
                0x000029d4                addToRdyList
                0x00002724                addToTimeList
                0x000029e8                osResume
                0x000026d8                osPid
                0x00002b98                osSleep
                0x000028fc                osISRExit
                0x00002964                osStart
                0x00002990                rmvFromTimeList
                0x00002ab0                osStartProcess
 .text          0x00002bd0      0x124 ./pre_emptive_os/pre_emptive_os.a(prioqueue.o)
                0x00002bd0                initPrioQueue
                0x00002c38                rmvFromPrioQueue
                0x00002bf0                addToPrioQueue
                0x00002cd4                isEmptyPrioQueue
                0x00002c9c                getHighPrioQueue
 .text          0x00002cf4      0x218 ./pre_emptive_os/pre_emptive_os.a(timer.o)
                0x00002cf4                timerTick
                0x00002e68                osInitTimers
                0x00002e04                osDeleteTimer
                0x00002dd8                osCreateTimer
 .text          0x00002f0c       0xa4 ./pre_emptive_os/pre_emptive_os.a(stack_usage.o)
                0x00002f0c                osStackUsage
                0x00002f50                createStackPattern
                0x00002f70                checkStackLimit
 .text          0x00002fb0      0x1ec ./pre_emptive_os/pre_emptive_os.a(a7hal.o)
                0x00002fe8                stkFrameInit_oshal
                0x00002fb0                timerIsr_oshal
                0x000030c8                halRestoreInterrupts_oshal
                0x000030d0                initTimer_oshal
                0x000030b8                halEnableInterrupts_oshal
                0x00003168                handleIRQs_oshal
                0x00003098                halDisableInterrupts_oshal
 .text          0x0000319c       0xc4 ./pre_emptive_os/pre_emptive_os.a(a7hal_a.o)
                0x000031a8                startHighProc_oshal
                0x000031d0                ctxSwitchIsr_oshal
                0x000031b0                ctxSwitch_oshal
                0x000031f0                generalIRQ_oshal
 .text          0x00003260      0x144 ./pre_emptive_os/pre_emptive_os.a(count_sem.o)
                0x00003300                osSemGive
                0x00003364                osSemTryTake
                0x00003260                osSemInit
                0x00003274                osSemTake
 .text          0x000033a4       0xd8 ./pre_emptive_os/pre_emptive_os.a(event.o)
                0x000033b4                eventWait
                0x000033a4                eventInit
                0x0000341c                eventIsEmpty
                0x000033ec                eventWaitReturn
                0x0000342c                eventSignal
 .text          0x0000347c      0x470 usb/libusb.a(LPC_USB.o)
                0x0000347c                halDisableInterrupts
                0x000036a0                USB_Init
                0x00003834                USB_ClearBuffer
                0x000038c0                USB_ISR
                0x0000349c                halEnableInterrupts
                0x00003890                USB_SetAdd
                0x00003858                USB_ValidateBuffer
                0x000034ac                halRestoreInterrupts
                0x000034b4                USB_Cmd
                0x00003794                USB_RealizeEndPoint
 .text          0x000038ec      0x650 usb/libusb.a(LPC_HID.o)
                0x000039b8                HID_SendZeroLengthByCtrlEP
                0x00003b3c                HID_ImplSetupPacket
                0x000038ec                HID_GetConfiguration
                0x00003a50                HID_SendDataByCtrlEP
                0x000038fc                HID_SendReport
                0x00003b24                HID_CtrlStall
                0x00003ea0                HID_CallBack
                0x00003e38                HID_Init
 .text          0x00003f3c       0xc0 ./filesys/filesys.a(efs.o)
                0x00003f3c                efs_init
 .text          0x00003ffc      0xa60 ./filesys/filesys.a(file.o)
                0x00004474                file_write
                0x000040f0                file_normalToFatName
                0x00004228                file_requiredCluster
                0x00004214                file_getAttr
                0x00004068                file_validateChar
                0x000046ac                file_fopen
                0x000045ec                file_read
                0x000044a0                file_fread
                0x000041f0                file_setAttr
                0x00004618                file_fclose
                0x00003ffc                file_setpos
                0x00004018                file_initFile
                0x000042cc                file_fwrite
 .text          0x00004a5c      0x93c ./filesys/filesys.a(fs.o)
                0x00004b14                fs_countDataSectors
                0x00005204                fs_loadVolumeId
                0x00004c68                fs_sectorToCluster
                0x00004ba0                fs_determineFatType
                0x00005318                fs_initFs
                0x00004c34                fs_clusterToSector
                0x00004f88                fs_findFile
                0x00005104                fs_findFreeFile
                0x00004d00                fs_setFirstClusterInDirEntry
                0x00004cc8                fs_getFirstClusterRootDir
                0x00004ed8                fs_flushFs
                0x00004efc                fs_umount
                0x00004cc0                fs_giveFreeClusterHint
                0x00004f14                fs_getLastCluster
                0x00004be4                fs_findFirstSectorRootDir
                0x00004d10                fs_setFsInfo
                0x000051bc                fs_getNextFreeCluster
                0x00004a5c                fs_verifySanity
                0x00004dac                fs_getFsInfo
                0x00004ce0                fs_initClusterChain
                0x00004c1c                fs_initCurrentDir
                0x00004e6c                fs_clearCluster
                0x000052c4                fs_isValidFat
 .text          0x00005398      0xea8 ./filesys/filesys.a(ioman.o)
                0x00005db8                ioman_putSectorInCache
                0x00005cc4                ioman_flushRange
                0x000056dc                ioman_getPtr
                0x00005638                ioman_push
                0x0000580c                ioman_findFreeSpot
                0x00005430                ioman_getUseCnt
                0x00005a58                ioman_printStatus
                0x00005bc0                ioman_flushSector
                0x00005d7c                ioman_readSector
                0x0000585c                ioman_findUnusedSpot
                0x00005ee8                ioman_getSector
                0x000057a8                ioman_findSectorInCache
                0x00005980                ioman_findOverallocableSpot
                0x000060c8                ioman_reset
                0x00005558                ioman_decRefCnt
                0x00005708                ioman_getBp
                0x00005494                ioman_decUseCnt
                0x00005398                ioman_getBuffer
                0x00005a98                ioman_writeSector
                0x000061a0                ioman_releaseSector
                0x00005ad8                ioman_directSectorWrite
                0x00006170                ioman_init
                0x00005c44                ioman_flushAll
                0x00005520                ioman_incRefCnt
                0x000053a0                ioman_setAttr
                0x00005e38                ioman_directSectorRead
                0x000055b8                ioman_pop
                0x000053f0                ioman_getAttr
                0x000054cc                ioman_resetUseCnt
                0x000054f4                ioman_getRefCnt
                0x00005590                ioman_resetRefCnt
                0x0000545c                ioman_incUseCnt
                0x00005764                ioman_resetCacheItem
 .text          0x00006240       0xcc ./filesys/filesys.a(libc.o)
                0x000062ec                memSet
                0x000062cc                memClr
                0x0000628c                memCpy
                0x00006240                strMatch
 .text          0x0000630c      0x2d0 ./filesys/filesys.a(ls.o)
                0x00006394                ls_getRootAreaEntry
                0x00006340                ls_fileEntryToDirListEntry
                0x000064dc                ls_getDirEntry
                0x00006414                ls_getRealDirEntry
                0x00006518                ls_getNext
                0x0000630c                ls_isValidFileEntry
                0x0000656c                ls_openDir
 .text          0x000065dc      0x1d8 ./filesys/filesys.a(partition.o)
                0x00006754                part_getSect
                0x0000668c                part_readBuf
                0x00006654                part_getRealLBA
                0x00006614                part_initPartition
                0x000066f0                part_directSectorRead
                0x000065dc                part_isFatPart
                0x00006780                part_writeBuf
                0x0000666c                part_relSect
                0x00006720                part_flushPart
                0x000066c0                part_directSectorWrite
 .text          0x000067b4       0x18 ./filesys/filesys.a(time.o)
                0x000067b4                fs_makeDate
                0x000067bc                fs_makeTime
                0x000067c4                fs_hasTimeSupport
 .text          0x000067cc      0x100 ./filesys/filesys.a(extract.o)
                0x00006854                ex_getPartitionField
                0x000067cc                ex_getb16
                0x00006828                ex_setb32
                0x000067e8                ex_getb32
                0x000068c8                ex_setPartitionField
                0x00006814                ex_setb16
 .text          0x000068cc      0x610 ./filesys/filesys.a(dir.o)
                0x00006a80                dir_updateDirectoryEntry
                0x00006d7c                dir_findinCluster
                0x00006e40                dir_findinDir
                0x00006b10                dir_setFirstCluster
                0x00006ca0                dir_findinBuf
                0x0000694c                dir_addCluster
                0x00006cc8                dir_findinRootArea
                0x00006b60                dir_createDirectoryEntry
                0x000069b0                dir_createDefaultEntry
                0x00006c00                dir_findFileinBuf
                0x00006ad0                dir_setFileSize
                0x000069fc                dir_getFatFileName
                0x00006bac                dir_getFileStructure
                0x000068cc                dir_findFreeEntryinBuf
 .text          0x00006edc       0x74 ./filesys/filesys.a(disc.o)
                0x00006f40                disc_initDisc
                0x00006edc                disc_loadMBR
 .text          0x00006f50      0xadc ./filesys/filesys.a(fat.o)
                0x00007230                fat_getNextClusterChain
                0x00007040                fat_setNextClusterAddressWBuf
                0x00006f50                fat_getSectorAddressFatEntry
                0x00007170                fat_getNextClusterAddressWBuf
                0x00007338                fat_LogicToDiscCluster
                0x000074ac                fat_setNextClusterAddress
                0x000077a8                fat_countFreeClusters
                0x000076a8                fat_getNextClusterAddress
                0x000073d8                fat_DiscToLogicCluster
                0x00006fb0                fat_isEocMarker
                0x000077f4                fat_allocClusterChain
                0x00007008                fat_giveEocMarker
                0x0000744c                fat_countClustersInChain
                0x00007628                fat_unlinkClusterChain
 .text          0x00007a2c      0x1bc ./mmc/mmc.a(hwinterface.o)
                0x00007a34                if_spiInit
                0x00007a2c                if_setPos
                0x00007ae4                if_spiSend
                0x00007b2c                if_writeBuf
                0x00007b44                if_readBuf
                0x00007ac8                if_spiSetSpeed
                0x00007b60                if_initInterface
 .text          0x00007be8      0x4fc ./mmc/mmc.a(sd.o)
                0x00007d54                sd_getDriveSize
                0x00007ec8                sd_readSector
                0x00007be8                sd_Resp8bError
                0x00007ccc                sd_Command
                0x00007c60                sd_Resp8b
                0x00007e30                sd_writeSector
                0x00007c98                sd_Resp16b
                0x00007f94                sd_State
                0x00007fc8                sd_Init
 .text          0x000080e4      0x114 /cygdrive/c/Embedded/GNUARM/bin/../lib/gcc/arm-elf/4.1.1/interwork/libgcc.a(_udivsi3.o)
                0x000080e4                __udivsi3
                0x000080e4                __aeabi_uidiv
                0x000081e0                __aeabi_uidivmod
 .text          0x000081f8      0x144 /cygdrive/c/Embedded/GNUARM/bin/../lib/gcc/arm-elf/4.1.1/interwork/libgcc.a(_divsi3.o)
                0x000081f8                __aeabi_idiv
                0x000081f8                __divsi3
                0x00008324                __aeabi_idivmod
 .text          0x0000833c       0xd0 /cygdrive/c/Embedded/GNUARM/bin/../lib/gcc/arm-elf/4.1.1/interwork/libgcc.a(_umodsi3.o)
                0x0000833c                __umodsi3
 .text          0x0000840c       0xe8 /cygdrive/c/Embedded/GNUARM/bin/../lib/gcc/arm-elf/4.1.1/interwork/libgcc.a(_modsi3.o)
                0x0000840c                __modsi3
 .text          0x000084f4        0x4 /cygdrive/c/Embedded/GNUARM/bin/../lib/gcc/arm-elf/4.1.1/interwork/libgcc.a(_dvmd_tls.o)
                0x000084f4                __aeabi_ldiv0
                0x000084f4                __div0
                0x000084f4                __aeabi_idiv0
 .text          0x000084f8       0x3c /cygdrive/c/Embedded/GNUARM/bin/../lib/gcc/arm-elf/4.1.1/interwork/libgcc.a(_call_via_rX.o)
                0x00008500                _call_via_r2
                0x00008510                _call_via_r6
                0x0000850c                _call_via_r5
                0x00008504                _call_via_r3
                0x00008524                _call_via_fp
                0x00008518                _call_via_r8
                0x00008514                _call_via_r7
                0x000084f8                _call_via_r0
                0x00008520                _call_via_sl
                0x0000852c                _call_via_sp
                0x0000851c                _call_via_r9
                0x00008508                _call_via_r4
                0x000084fc                _call_via_r1
                0x00008528                _call_via_ip
                0x00008530                _call_via_lr
 .text          0x00008534       0x30 /cygdrive/c/Embedded/GNUARM/bin/../lib/gcc/arm-elf/4.1.1/../../../../arm-elf/lib/interwork/libc.a(atoi.o)
                0x00008534                _atoi_r
                0x0000854c                atoi
 .text          0x00008564       0x9c /cygdrive/c/Embedded/GNUARM/bin/../lib/gcc/arm-elf/4.1.1/../../../../arm-elf/lib/interwork/libc.a(memcpy.o)
                0x00008564                memcpy
 .text          0x00008600       0x90 /cygdrive/c/Embedded/GNUARM/bin/../lib/gcc/arm-elf/4.1.1/../../../../arm-elf/lib/interwork/libc.a(strlen.o)
                0x00008600                strlen
 .text          0x00008690      0x114 /cygdrive/c/Embedded/GNUARM/bin/../lib/gcc/arm-elf/4.1.1/../../../../arm-elf/lib/interwork/libc.a(strncpy.o)
                0x00008690                strncpy
 .text          0x000087a4      0x1f0 /cygdrive/c/Embedded/GNUARM/bin/../lib/gcc/arm-elf/4.1.1/../../../../arm-elf/lib/interwork/libc.a(strtol.o)
                0x00008968                strtol
                0x000087a4                _strtol_r
 .text          0x00008994        0x0 /cygdrive/c/Embedded/GNUARM/bin/../lib/gcc/arm-elf/4.1.1/../../../../arm-elf/lib/interwork/libc.a(ctype_.o)
 .text          0x00008994        0x0 /cygdrive/c/Embedded/GNUARM/bin/../lib/gcc/arm-elf/4.1.1/../../../../arm-elf/lib/interwork/libc.a(impure.o)
 *(.glue_7)
 .glue_7        0x00008994        0x0 main.o
 .glue_7        0x00008994        0x0 eeprom.o
 .glue_7        0x00008994        0x0 i2c.o
 .glue_7        0x00008994        0x0 uart.o
 .glue_7        0x00008994        0x0 testLedMatrix.o
 .glue_7        0x00008994        0x0 testLcd.o
 .glue_7        0x00008994        0x0 testMMC.o
 .glue_7        0x00008994        0x0 testMotor.o
 .glue_7        0x00008994        0x0 testRGB.o
 .glue_7        0x00008994        0x0 testI2C.o
 .glue_7        0x00008994        0x0 testAdc.o
 .glue_7        0x00008994        0x0 testXBee.o
 .glue_7        0x00008994        0x0 startupSound.o
 .glue_7        0x00008994        0x0 irq/irq_code.a(irq_timer1.o)
 .glue_7        0x00008994        0x0 irq/irq_code.a(irqUart.o)
 .glue_7        0x00008994        0x0 ./startup/libea_startup_thumb.a(consol.o)
 .glue_7        0x00008994        0x0 ./startup/libea_startup_thumb.a(framework.o)
 .glue_7        0x00008994        0x0 ./startup/libea_startup_thumb.a(startup.o)
 .glue_7        0x00008994        0x0 ./pre_emptive_os/pre_emptive_os.a(kernel.o)
 .glue_7        0x00008994        0x0 ./pre_emptive_os/pre_emptive_os.a(prioqueue.o)
 .glue_7        0x00008994        0x0 ./pre_emptive_os/pre_emptive_os.a(timer.o)
 .glue_7        0x00008994        0x0 ./pre_emptive_os/pre_emptive_os.a(stack_usage.o)
 .glue_7        0x00008994        0x0 ./pre_emptive_os/pre_emptive_os.a(a7hal.o)
 .glue_7        0x00008994        0x0 ./pre_emptive_os/pre_emptive_os.a(a7hal_a.o)
 .glue_7        0x00008994        0x0 ./pre_emptive_os/pre_emptive_os.a(count_sem.o)
 .glue_7        0x00008994        0x0 ./pre_emptive_os/pre_emptive_os.a(event.o)
 .glue_7        0x00008994        0x0 usb/libusb.a(LPC_USB.o)
 .glue_7        0x00008994        0x0 usb/libusb.a(LPC_HID.o)
 .glue_7        0x00008994        0x0 ./filesys/filesys.a(efs.o)
 .glue_7        0x00008994        0x0 ./filesys/filesys.a(file.o)
 .glue_7        0x00008994        0x0 ./filesys/filesys.a(fs.o)
 .glue_7        0x00008994        0x0 ./filesys/filesys.a(ioman.o)
 .glue_7        0x00008994        0x0 ./filesys/filesys.a(libc.o)
 .glue_7        0x00008994        0x0 ./filesys/filesys.a(ls.o)
 .glue_7        0x00008994        0x0 ./filesys/filesys.a(partition.o)
 .glue_7        0x00008994        0x0 ./filesys/filesys.a(time.o)
 .glue_7        0x00008994        0x0 ./filesys/filesys.a(extract.o)
 .glue_7        0x00008994        0x0 ./filesys/filesys.a(dir.o)
 .glue_7        0x00008994        0x0 ./filesys/filesys.a(disc.o)
 .glue_7        0x00008994        0x0 ./filesys/filesys.a(fat.o)
 .glue_7        0x00008994        0x0 ./mmc/mmc.a(hwinterface.o)
 .glue_7        0x00008994        0x0 ./mmc/mmc.a(sd.o)
 .glue_7        0x00008994        0x0 /cygdrive/c/Embedded/GNUARM/bin/../lib/gcc/arm-elf/4.1.1/interwork/libgcc.a(_udivsi3.o)
 .glue_7        0x00008994        0x0 /cygdrive/c/Embedded/GNUARM/bin/../lib/gcc/arm-elf/4.1.1/interwork/libgcc.a(_divsi3.o)
 .glue_7        0x00008994        0x0 /cygdrive/c/Embedded/GNUARM/bin/../lib/gcc/arm-elf/4.1.1/interwork/libgcc.a(_umodsi3.o)
 .glue_7        0x00008994        0x0 /cygdrive/c/Embedded/GNUARM/bin/../lib/gcc/arm-elf/4.1.1/interwork/libgcc.a(_modsi3.o)
 .glue_7        0x00008994        0x0 /cygdrive/c/Embedded/GNUARM/bin/../lib/gcc/arm-elf/4.1.1/interwork/libgcc.a(_dvmd_tls.o)
 .glue_7        0x00008994        0x0 /cygdrive/c/Embedded/GNUARM/bin/../lib/gcc/arm-elf/4.1.1/interwork/libgcc.a(_call_via_rX.o)
 .glue_7        0x00008994        0x0 /cygdrive/c/Embedded/GNUARM/bin/../lib/gcc/arm-elf/4.1.1/../../../../arm-elf/lib/interwork/libc.a(atoi.o)
 .glue_7        0x00008994        0x0 /cygdrive/c/Embedded/GNUARM/bin/../lib/gcc/arm-elf/4.1.1/../../../../arm-elf/lib/interwork/libc.a(memcpy.o)
 .glue_7        0x00008994        0x0 /cygdrive/c/Embedded/GNUARM/bin/../lib/gcc/arm-elf/4.1.1/../../../../arm-elf/lib/interwork/libc.a(strlen.o)
 .glue_7        0x00008994        0x0 /cygdrive/c/Embedded/GNUARM/bin/../lib/gcc/arm-elf/4.1.1/../../../../arm-elf/lib/interwork/libc.a(strncpy.o)
 .glue_7        0x00008994        0x0 /cygdrive/c/Embedded/GNUARM/bin/../lib/gcc/arm-elf/4.1.1/../../../../arm-elf/lib/interwork/libc.a(strtol.o)
 .glue_7        0x00008994        0x0 /cygdrive/c/Embedded/GNUARM/bin/../lib/gcc/arm-elf/4.1.1/../../../../arm-elf/lib/interwork/libc.a(ctype_.o)
 .glue_7        0x00008994       0x18 /cygdrive/c/Embedded/GNUARM/bin/../lib/gcc/arm-elf/4.1.1/../../../../arm-elf/lib/interwork/libc.a(impure.o)
                0x000089a0                __osISRExit_from_arm
                0x00008994                __osTick_from_arm
 *(.glue_7t)
 .glue_7t       0x000089ac        0x0 main.o
 .glue_7t       0x000089ac        0x0 eeprom.o
 .glue_7t       0x000089ac        0x0 i2c.o
 .glue_7t       0x000089ac        0x0 uart.o
 .glue_7t       0x000089ac        0x0 testLedMatrix.o
 .glue_7t       0x000089ac        0x0 testLcd.o
 .glue_7t       0x000089ac        0x0 testMMC.o
 .glue_7t       0x000089ac        0x0 testMotor.o
 .glue_7t       0x000089ac        0x0 testRGB.o
 .glue_7t       0x000089ac        0x0 testI2C.o
 .glue_7t       0x000089ac        0x0 testAdc.o
 .glue_7t       0x000089ac        0x0 testXBee.o
 .glue_7t       0x000089ac        0x0 startupSound.o
 .glue_7t       0x000089ac        0x0 irq/irq_code.a(irq_timer1.o)
 .glue_7t       0x000089ac        0x0 irq/irq_code.a(irqUart.o)
 .glue_7t       0x000089ac        0x0 ./startup/libea_startup_thumb.a(consol.o)
 .glue_7t       0x000089ac        0x0 ./startup/libea_startup_thumb.a(framework.o)
 .glue_7t       0x000089ac        0x0 ./startup/libea_startup_thumb.a(startup.o)
 .glue_7t       0x000089ac        0x0 ./pre_emptive_os/pre_emptive_os.a(kernel.o)
 .glue_7t       0x000089ac        0x0 ./pre_emptive_os/pre_emptive_os.a(prioqueue.o)
 .glue_7t       0x000089ac        0x0 ./pre_emptive_os/pre_emptive_os.a(timer.o)
 .glue_7t       0x000089ac        0x0 ./pre_emptive_os/pre_emptive_os.a(stack_usage.o)
 .glue_7t       0x000089ac        0x0 ./pre_emptive_os/pre_emptive_os.a(a7hal.o)
 .glue_7t       0x000089ac        0x0 ./pre_emptive_os/pre_emptive_os.a(a7hal_a.o)
 .glue_7t       0x000089ac        0x0 ./pre_emptive_os/pre_emptive_os.a(count_sem.o)
 .glue_7t       0x000089ac        0x0 ./pre_emptive_os/pre_emptive_os.a(event.o)
 .glue_7t       0x000089ac        0x0 usb/libusb.a(LPC_USB.o)
 .glue_7t       0x000089ac        0x0 usb/libusb.a(LPC_HID.o)
 .glue_7t       0x000089ac        0x0 ./filesys/filesys.a(efs.o)
 .glue_7t       0x000089ac        0x0 ./filesys/filesys.a(file.o)
 .glue_7t       0x000089ac        0x0 ./filesys/filesys.a(fs.o)
 .glue_7t       0x000089ac        0x0 ./filesys/filesys.a(ioman.o)
 .glue_7t       0x000089ac        0x0 ./filesys/filesys.a(libc.o)
 .glue_7t       0x000089ac        0x0 ./filesys/filesys.a(ls.o)
 .glue_7t       0x000089ac        0x0 ./filesys/filesys.a(partition.o)
 .glue_7t       0x000089ac        0x0 ./filesys/filesys.a(time.o)
 .glue_7t       0x000089ac        0x0 ./filesys/filesys.a(extract.o)
 .glue_7t       0x000089ac        0x0 ./filesys/filesys.a(dir.o)
 .glue_7t       0x000089ac        0x0 ./filesys/filesys.a(disc.o)
 .glue_7t       0x000089ac        0x0 ./filesys/filesys.a(fat.o)
 .glue_7t       0x000089ac        0x0 ./mmc/mmc.a(hwinterface.o)
 .glue_7t       0x000089ac        0x0 ./mmc/mmc.a(sd.o)
 .glue_7t       0x000089ac        0x0 /cygdrive/c/Embedded/GNUARM/bin/../lib/gcc/arm-elf/4.1.1/interwork/libgcc.a(_udivsi3.o)
 .glue_7t       0x000089ac        0x0 /cygdrive/c/Embedded/GNUARM/bin/../lib/gcc/arm-elf/4.1.1/interwork/libgcc.a(_divsi3.o)
 .glue_7t       0x000089ac        0x0 /cygdrive/c/Embedded/GNUARM/bin/../lib/gcc/arm-elf/4.1.1/interwork/libgcc.a(_umodsi3.o)
 .glue_7t       0x000089ac        0x0 /cygdrive/c/Embedded/GNUARM/bin/../lib/gcc/arm-elf/4.1.1/interwork/libgcc.a(_modsi3.o)
 .glue_7t       0x000089ac        0x0 /cygdrive/c/Embedded/GNUARM/bin/../lib/gcc/arm-elf/4.1.1/interwork/libgcc.a(_dvmd_tls.o)
 .glue_7t       0x000089ac        0x0 /cygdrive/c/Embedded/GNUARM/bin/../lib/gcc/arm-elf/4.1.1/interwork/libgcc.a(_call_via_rX.o)
 .glue_7t       0x000089ac        0x0 /cygdrive/c/Embedded/GNUARM/bin/../lib/gcc/arm-elf/4.1.1/../../../../arm-elf/lib/interwork/libc.a(atoi.o)
 .glue_7t       0x000089ac        0x0 /cygdrive/c/Embedded/GNUARM/bin/../lib/gcc/arm-elf/4.1.1/../../../../arm-elf/lib/interwork/libc.a(memcpy.o)
 .glue_7t       0x000089ac        0x0 /cygdrive/c/Embedded/GNUARM/bin/../lib/gcc/arm-elf/4.1.1/../../../../arm-elf/lib/interwork/libc.a(strlen.o)
 .glue_7t       0x000089ac        0x0 /cygdrive/c/Embedded/GNUARM/bin/../lib/gcc/arm-elf/4.1.1/../../../../arm-elf/lib/interwork/libc.a(strncpy.o)
 .glue_7t       0x000089ac        0x0 /cygdrive/c/Embedded/GNUARM/bin/../lib/gcc/arm-elf/4.1.1/../../../../arm-elf/lib/interwork/libc.a(strtol.o)
 .glue_7t       0x000089ac        0x0 /cygdrive/c/Embedded/GNUARM/bin/../lib/gcc/arm-elf/4.1.1/../../../../arm-elf/lib/interwork/libc.a(ctype_.o)
 .glue_7t       0x000089ac       0xd0 /cygdrive/c/Embedded/GNUARM/bin/../lib/gcc/arm-elf/4.1.1/../../../../arm-elf/lib/interwork/libc.a(impure.o)
                0x00008a08                __file_fclose_change_to_arm
                0x00008a30                __consolSendNumber_change_to_arm
                0x00008a10                __ls_getNext_change_to_arm
                0x00008a2c                __consolSendNumber_from_thumb
                0x000089e4                __strncpy_from_thumb
                0x00008a3c                __halRestoreInterrupts_oshal_from_thumb
                0x00008a28                __strlen_change_to_arm
                0x000089e0                __restoreIrq_change_to_arm
                0x00008a1c                __memcpy_from_thumb
                0x00008a18                __fs_umount_change_to_arm
                0x00008a4c                __ctxSwitch_oshal_from_thumb
                0x00008a48                __stkFrameInit_oshal_change_to_arm
                0x00008a60                __initTimer_oshal_change_to_arm
                0x000089f4                __ls_openDir_from_thumb
                0x00008a64                __startHighProc_oshal_from_thumb
                0x00008a70                ____udivsi3_change_to_arm
                0x00008a68                __startHighProc_oshal_change_to_arm
                0x00008a54                __ctxSwitchIsr_oshal_from_thumb
                0x000089d8                __disIrq_change_to_arm
                0x000089f0                __efs_init_change_to_arm
                0x000089cc                __HID_SendReport_from_thumb
                0x00008a14                __fs_umount_from_thumb
                0x000089d4                __disIrq_from_thumb
                0x000089d0                __HID_SendReport_change_to_arm
                0x00008a40                __halRestoreInterrupts_oshal_change_to_arm
                0x000089b8                __simplePrintf_change_to_arm
                0x000089c8                __HID_Init_change_to_arm
                0x000089c4                __HID_Init_from_thumb
                0x000089fc                __file_fopen_from_thumb
                0x00008a74                ____divsi3_from_thumb
                0x000089ec                __efs_init_from_thumb
                0x000089c0                __USB_Init_change_to_arm
                0x00008a50                __ctxSwitch_oshal_change_to_arm
                0x00008a44                __stkFrameInit_oshal_from_thumb
                0x00008a6c                ____udivsi3_from_thumb
                0x000089ac                __eaInit_from_thumb
                0x000089bc                __USB_Init_from_thumb
                0x000089b4                __simplePrintf_from_thumb
                0x00008a00                __file_fopen_change_to_arm
                0x00008a5c                __initTimer_oshal_from_thumb
                0x000089b0                __eaInit_change_to_arm
                0x00008a24                __strlen_from_thumb
                0x00008a58                __ctxSwitchIsr_oshal_change_to_arm
                0x000089f8                __ls_openDir_change_to_arm
                0x00008a38                __halDisableInterrupts_oshal_change_to_arm
                0x00008a34                __halDisableInterrupts_oshal_from_thumb
                0x00008a04                __file_fclose_from_thumb
                0x00008a0c                __ls_getNext_from_thumb
                0x000089dc                __restoreIrq_from_thumb
                0x00008a20                __memcpy_change_to_arm
                0x000089e8                __strncpy_change_to_arm
                0x00008a78                ____divsi3_change_to_arm
                0x00008a7c                . = ALIGN (0x4)

.rodata         0x00008a80    0x102cc
 *(.rodata)
 .rodata        0x00008a80       0x7f testLedMatrix.o
                0x00008a80                eaText
 *fill*         0x00008aff        0x1 00
 .rodata        0x00008b00       0x10 testMotor.o
 .rodata        0x00008b10     0xf89e startupSound.o
                0x00008b10                startupSound
 *fill*         0x000183ae        0x2 00
 .rodata        0x000183b0       0x10 ./startup/libea_startup_thumb.a(consol.o)
 .rodata        0x000183c0       0x10 usb/libusb.a(LPC_HID.o)
                0x000183c0                StrPoin
 .rodata        0x000183d0      0x101 /cygdrive/c/Embedded/GNUARM/bin/../lib/gcc/arm-elf/4.1.1/../../../../arm-elf/lib/interwork/libc.a(ctype_.o)
                0x000183d0                _ctype_
 *fill*         0x000184d1        0x3 00
 .rodata        0x000184d4        0x4 /cygdrive/c/Embedded/GNUARM/bin/../lib/gcc/arm-elf/4.1.1/../../../../arm-elf/lib/interwork/libc.a(impure.o)
                0x000184d4                _global_impure_ptr
 *(.rodata*)
 .rodata.str1.4
                0x000184d8      0x28a main.o
                                0x28c (size before relaxing)
 *fill*         0x00018762        0x2 00
 .rodata.str1.4
                0x00018764       0xd9 testMMC.o
                                 0xdc (size before relaxing)
 *fill*         0x0001883d        0x3 00
 .rodata.str1.4
                0x00018840      0x1d4 testI2C.o
                                0x24c (size before relaxing)
 .rodata.str1.4
                0x00018a14       0xc2 testAdc.o
                                0x140 (size before relaxing)
 *fill*         0x00018ad6        0x2 00
 .rodata.str1.4
                0x00018ad8      0x16d testXBee.o
                                0x224 (size before relaxing)
 *fill*         0x00018c45        0x3 00
 .rodata.str1.4
                0x00018c48       0x18 ./startup/libea_startup_thumb.a(consol.o)
 .rodata.str1.4
                0x00018c60       0xd8 ./startup/libea_startup_thumb.a(framework.o)
 .rodata.str1.4
                0x00018d38       0x10 usb/libusb.a(LPC_HID.o)
 .rodata.str1.4
                0x00018d48        0x4 /cygdrive/c/Embedded/GNUARM/bin/../lib/gcc/arm-elf/4.1.1/../../../../arm-elf/lib/interwork/libc.a(impure.o)
                0x00018d4c                . = ALIGN (0x4)
                0x00018d4c                _etext = .
                0x00018d4c                PROVIDE (etext, .)

.data           0x40000080      0x538 load address 0x00018d4c
                0x40000080                _data = .
 *(.data)
 .data          0x40000080        0x0 main.o
 .data          0x40000080        0x0 eeprom.o
 .data          0x40000080        0x0 i2c.o
 .data          0x40000080        0x0 uart.o
 .data          0x40000080        0x0 testLedMatrix.o
 .data          0x40000080        0x0 testLcd.o
 .data          0x40000080        0x0 testMMC.o
 .data          0x40000080        0x0 testMotor.o
 .data          0x40000080        0x0 testRGB.o
 .data          0x40000080        0x0 testI2C.o
 .data          0x40000080        0x0 testAdc.o
 .data          0x40000080        0x0 testXBee.o
 .data          0x40000080        0x0 startupSound.o
 .data          0x40000080        0x4 irq/irq_code.a(irq_timer1.o)
 .data          0x40000084        0x0 irq/irq_code.a(irqUart.o)
 .data          0x40000084        0x0 ./startup/libea_startup_thumb.a(consol.o)
 .data          0x40000084        0x0 ./startup/libea_startup_thumb.a(framework.o)
 .data          0x40000084        0x0 ./startup/libea_startup_thumb.a(startup.o)
 .data          0x40000084        0x0 ./pre_emptive_os/pre_emptive_os.a(kernel.o)
 .data          0x40000084        0x0 ./pre_emptive_os/pre_emptive_os.a(prioqueue.o)
 .data          0x40000084        0x0 ./pre_emptive_os/pre_emptive_os.a(timer.o)
 .data          0x40000084        0x0 ./pre_emptive_os/pre_emptive_os.a(stack_usage.o)
 .data          0x40000084        0x0 ./pre_emptive_os/pre_emptive_os.a(a7hal.o)
 .data          0x40000084        0x0 ./pre_emptive_os/pre_emptive_os.a(a7hal_a.o)
 .data          0x40000084        0x0 ./pre_emptive_os/pre_emptive_os.a(count_sem.o)
 .data          0x40000084        0x0 ./pre_emptive_os/pre_emptive_os.a(event.o)
 .data          0x40000084        0x0 usb/libusb.a(LPC_USB.o)
 *fill*         0x40000084        0x4 00
 .data          0x40000088      0x128 usb/libusb.a(LPC_HID.o)
                0x40000108                ManufacturerStr
                0x400000d8                cfgDescriptor
                0x40000088                mouseDescriptor
                0x40000148                ProductStr
                0x40000100                LanguagesStr
                0x400000c0                devDescriptor
 .data          0x400001b0        0x0 ./filesys/filesys.a(efs.o)
 .data          0x400001b0        0x0 ./filesys/filesys.a(file.o)
 .data          0x400001b0        0x0 ./filesys/filesys.a(fs.o)
 .data          0x400001b0        0x0 ./filesys/filesys.a(ioman.o)
 .data          0x400001b0        0x0 ./filesys/filesys.a(libc.o)
 .data          0x400001b0        0x0 ./filesys/filesys.a(ls.o)
 .data          0x400001b0        0x0 ./filesys/filesys.a(partition.o)
 .data          0x400001b0        0x0 ./filesys/filesys.a(time.o)
 .data          0x400001b0        0x0 ./filesys/filesys.a(extract.o)
 .data          0x400001b0        0x0 ./filesys/filesys.a(dir.o)
 .data          0x400001b0        0x0 ./filesys/filesys.a(disc.o)
 .data          0x400001b0        0x0 ./filesys/filesys.a(fat.o)
 .data          0x400001b0        0x0 ./mmc/mmc.a(hwinterface.o)
 .data          0x400001b0        0x0 ./mmc/mmc.a(sd.o)
 .data          0x400001b0        0x0 /cygdrive/c/Embedded/GNUARM/bin/../lib/gcc/arm-elf/4.1.1/interwork/libgcc.a(_udivsi3.o)
 .data          0x400001b0        0x0 /cygdrive/c/Embedded/GNUARM/bin/../lib/gcc/arm-elf/4.1.1/interwork/libgcc.a(_divsi3.o)
 .data          0x400001b0        0x0 /cygdrive/c/Embedded/GNUARM/bin/../lib/gcc/arm-elf/4.1.1/interwork/libgcc.a(_umodsi3.o)
 .data          0x400001b0        0x0 /cygdrive/c/Embedded/GNUARM/bin/../lib/gcc/arm-elf/4.1.1/interwork/libgcc.a(_modsi3.o)
 .data          0x400001b0        0x0 /cygdrive/c/Embedded/GNUARM/bin/../lib/gcc/arm-elf/4.1.1/interwork/libgcc.a(_dvmd_tls.o)
 .data          0x400001b0        0x0 /cygdrive/c/Embedded/GNUARM/bin/../lib/gcc/arm-elf/4.1.1/interwork/libgcc.a(_call_via_rX.o)
 .data          0x400001b0        0x0 /cygdrive/c/Embedded/GNUARM/bin/../lib/gcc/arm-elf/4.1.1/../../../../arm-elf/lib/interwork/libc.a(atoi.o)
 .data          0x400001b0        0x0 /cygdrive/c/Embedded/GNUARM/bin/../lib/gcc/arm-elf/4.1.1/../../../../arm-elf/lib/interwork/libc.a(memcpy.o)
 .data          0x400001b0        0x0 /cygdrive/c/Embedded/GNUARM/bin/../lib/gcc/arm-elf/4.1.1/../../../../arm-elf/lib/interwork/libc.a(strlen.o)
 .data          0x400001b0        0x0 /cygdrive/c/Embedded/GNUARM/bin/../lib/gcc/arm-elf/4.1.1/../../../../arm-elf/lib/interwork/libc.a(strncpy.o)
 .data          0x400001b0        0x0 /cygdrive/c/Embedded/GNUARM/bin/../lib/gcc/arm-elf/4.1.1/../../../../arm-elf/lib/interwork/libc.a(strtol.o)
 .data          0x400001b0        0x4 /cygdrive/c/Embedded/GNUARM/bin/../lib/gcc/arm-elf/4.1.1/../../../../arm-elf/lib/interwork/libc.a(ctype_.o)
                0x400001b0                __ctype_ptr
 .data          0x400001b4      0x404 /cygdrive/c/Embedded/GNUARM/bin/../lib/gcc/arm-elf/4.1.1/../../../../arm-elf/lib/interwork/libc.a(impure.o)
                0x400001b4                _impure_ptr
                0x400005b8                . = ALIGN (0x4)
                0x400005b8                _edata = .
                0x400005b8                PROVIDE (edata, .)

.bss            0x400005b8     0x222c
                0x400005b8                _bss = .
                0x400005b8                __bss_start = .
                0x400005b8                __bss_start__ = .
 *(.bss)
 .bss           0x400005b8     0x1998 main.o
                0x400005b8                msClock
 .bss           0x40001f50        0x0 eeprom.o
 .bss           0x40001f50        0x0 i2c.o
 .bss           0x40001f50       0x14 uart.o
                0x40001f58                uart1TxRunning
                0x40001f50                uart1TxHead
                0x40001f54                uart1TxTail
                0x40001f5c                uart1RxHead
                0x40001f60                uart1RxTail
 .bss           0x40001f64        0x8 testLedMatrix.o
                0x40001f64                pattern
 .bss           0x40001f6c        0x0 testLcd.o
 .bss           0x40001f6c        0x0 testMMC.o
 .bss           0x40001f6c        0x1 testMotor.o
 .bss           0x40001f6d        0x0 testRGB.o
 .bss           0x40001f6d        0x0 testI2C.o
 .bss           0x40001f6d        0x0 testAdc.o
 .bss           0x40001f6d        0x0 testXBee.o
 .bss           0x40001f6d        0x0 startupSound.o
 .bss           0x40001f6d        0x1 irq/irq_code.a(irq_timer1.o)
 .bss           0x40001f6e        0x0 irq/irq_code.a(irqUart.o)
 .bss           0x40001f6e        0x0 ./startup/libea_startup_thumb.a(consol.o)
 .bss           0x40001f6e        0x0 ./startup/libea_startup_thumb.a(framework.o)
 .bss           0x40001f6e        0x0 ./startup/libea_startup_thumb.a(startup.o)
 *fill*         0x40001f6e        0x2 00
 .bss           0x40001f70       0x2c ./pre_emptive_os/pre_emptive_os.a(kernel.o)
                0x40001f70                osLockNesting
                0x40001f74                pNxtToRun
                0x40001f78                pRunProc
                0x40001f71                isrNesting
 .bss           0x40001f9c        0x0 ./pre_emptive_os/pre_emptive_os.a(prioqueue.o)
 .bss           0x40001f9c      0x348 ./pre_emptive_os/pre_emptive_os.a(timer.o)
 .bss           0x400022e4        0x0 ./pre_emptive_os/pre_emptive_os.a(stack_usage.o)
 .bss           0x400022e4        0x0 ./pre_emptive_os/pre_emptive_os.a(a7hal.o)
 .bss           0x400022e4        0x0 ./pre_emptive_os/pre_emptive_os.a(a7hal_a.o)
 .bss           0x400022e4        0x0 ./pre_emptive_os/pre_emptive_os.a(count_sem.o)
 .bss           0x400022e4        0x0 ./pre_emptive_os/pre_emptive_os.a(event.o)
 .bss           0x400022e4        0x0 usb/libusb.a(LPC_USB.o)
 *fill*         0x400022e4        0x4 00
 .bss           0x400022e8       0x10 usb/libusb.a(LPC_HID.o)
 .bss           0x400022f8        0x0 ./filesys/filesys.a(efs.o)
 .bss           0x400022f8        0x0 ./filesys/filesys.a(file.o)
 .bss           0x400022f8        0x0 ./filesys/filesys.a(fs.o)
 .bss           0x400022f8        0x0 ./filesys/filesys.a(ioman.o)
 .bss           0x400022f8        0x0 ./filesys/filesys.a(libc.o)
 .bss           0x400022f8        0x0 ./filesys/filesys.a(ls.o)
 .bss           0x400022f8        0x0 ./filesys/filesys.a(partition.o)
 .bss           0x400022f8        0x0 ./filesys/filesys.a(time.o)
 .bss           0x400022f8        0x0 ./filesys/filesys.a(extract.o)
 .bss           0x400022f8        0x0 ./filesys/filesys.a(dir.o)
 .bss           0x400022f8        0x0 ./filesys/filesys.a(disc.o)
 .bss           0x400022f8        0x0 ./filesys/filesys.a(fat.o)
 .bss           0x400022f8        0x0 ./mmc/mmc.a(hwinterface.o)
 .bss           0x400022f8        0x0 ./mmc/mmc.a(sd.o)
 .bss           0x400022f8        0x0 /cygdrive/c/Embedded/GNUARM/bin/../lib/gcc/arm-elf/4.1.1/interwork/libgcc.a(_udivsi3.o)
 .bss           0x400022f8        0x0 /cygdrive/c/Embedded/GNUARM/bin/../lib/gcc/arm-elf/4.1.1/interwork/libgcc.a(_divsi3.o)
 .bss           0x400022f8        0x0 /cygdrive/c/Embedded/GNUARM/bin/../lib/gcc/arm-elf/4.1.1/interwork/libgcc.a(_umodsi3.o)
 .bss           0x400022f8        0x0 /cygdrive/c/Embedded/GNUARM/bin/../lib/gcc/arm-elf/4.1.1/interwork/libgcc.a(_modsi3.o)
 .bss           0x400022f8        0x0 /cygdrive/c/Embedded/GNUARM/bin/../lib/gcc/arm-elf/4.1.1/interwork/libgcc.a(_dvmd_tls.o)
 .bss           0x400022f8        0x0 /cygdrive/c/Embedded/GNUARM/bin/../lib/gcc/arm-elf/4.1.1/interwork/libgcc.a(_call_via_rX.o)
 .bss           0x400022f8        0x0 /cygdrive/c/Embedded/GNUARM/bin/../lib/gcc/arm-elf/4.1.1/../../../../arm-elf/lib/interwork/libc.a(atoi.o)
 .bss           0x400022f8        0x0 /cygdrive/c/Embedded/GNUARM/bin/../lib/gcc/arm-elf/4.1.1/../../../../arm-elf/lib/interwork/libc.a(memcpy.o)
 .bss           0x400022f8        0x0 /cygdrive/c/Embedded/GNUARM/bin/../lib/gcc/arm-elf/4.1.1/../../../../arm-elf/lib/interwork/libc.a(strlen.o)
 .bss           0x400022f8        0x0 /cygdrive/c/Embedded/GNUARM/bin/../lib/gcc/arm-elf/4.1.1/../../../../arm-elf/lib/interwork/libc.a(strncpy.o)
 .bss           0x400022f8        0x0 /cygdrive/c/Embedded/GNUARM/bin/../lib/gcc/arm-elf/4.1.1/../../../../arm-elf/lib/interwork/libc.a(strtol.o)
 .bss           0x400022f8        0x0 /cygdrive/c/Embedded/GNUARM/bin/../lib/gcc/arm-elf/4.1.1/../../../../arm-elf/lib/interwork/libc.a(ctype_.o)
 .bss           0x400022f8        0x0 /cygdrive/c/Embedded/GNUARM/bin/../lib/gcc/arm-elf/4.1.1/../../../../arm-elf/lib/interwork/libc.a(impure.o)
 *(COMMON)
 COMMON         0x400022f8        0x8 main.o
                0x400022f8                xbeePresent
                0x400022fc                fileName
 COMMON         0x40002300       0x80 uart.o
                0x40002300                uart1RxBuf
                0x40002340                uart1TxBuf
 COMMON         0x40002380      0x35c testMMC.o
                0x40002380                list
                0x400023b4                efs
                0x40002678                file_name
                0x40002688                file
                0x400026d8                size
 COMMON         0x400026dc        0x8 ./startup/libea_startup_thumb.a(framework.o)
                0x400026dc                pHeapEnd
                0x400026e0                pHeapStart
 COMMON         0x400026e4       0xf0 ./pre_emptive_os/pre_emptive_os.a(kernel.o)
                0x400026e4                processControlBlocks
 COMMON         0x400027d4        0x4 usb/libusb.a(LPC_USB.o)
                0x400027d4                IntrCallback
 COMMON         0x400027d8        0x9 usb/libusb.a(LPC_HID.o)
                0x400027d8                currentConfiguration
                0x400027e0                currentAddress
                0x400027e4                . = ALIGN (0x4)
 *fill*         0x400027e1        0x3 00
                0x400027e4                . = ALIGN (0x4)
                0x400027e4                __bss_end = .
                0x400027e4                __bss_end__ = .
                0x400027e4                _end = .
                0x400027e4                PROVIDE (end, .)

.stab           0x00000000      0x600
 *(.stab)
 .stab          0x00000000      0x3c0 ./startup/libea_startup_thumb.a(startup.o)
 .stab          0x000003c0      0x240 ./pre_emptive_os/pre_emptive_os.a(a7hal_a.o)
                                0x24c (size before relaxing)

.stabstr        0x00000000       0x99
 *(.stabstr)
 .stabstr       0x00000000       0x99 ./startup/libea_startup_thumb.a(startup.o)

.stab.excl
 *(.stab.excl)

.stab.exclstr
 *(.stab.exclstr)

.stab.index
 *(.stab.index)

.stab.indexstr
 *(.stab.indexstr)

.comment        0x00000000      0x34e
 *(.comment)
 .comment       0x00000000       0x12 main.o
 .comment       0x00000012       0x12 eeprom.o
 .comment       0x00000024       0x12 i2c.o
 .comment       0x00000036       0x12 uart.o
 .comment       0x00000048       0x12 testLedMatrix.o
 .comment       0x0000005a       0x12 testLcd.o
 .comment       0x0000006c       0x12 testMMC.o
 .comment       0x0000007e       0x12 testMotor.o
 .comment       0x00000090       0x12 testRGB.o
 .comment       0x000000a2       0x12 testI2C.o
 .comment       0x000000b4       0x12 testAdc.o
 .comment       0x000000c6       0x12 testXBee.o
 .comment       0x000000d8       0x12 startupSound.o
 .comment       0x000000ea       0x12 irq/irq_code.a(irq_timer1.o)
 .comment       0x000000fc       0x12 irq/irq_code.a(irqUart.o)
 .comment       0x0000010e       0x12 ./startup/libea_startup_thumb.a(consol.o)
 .comment       0x00000120       0x12 ./startup/libea_startup_thumb.a(framework.o)
 .comment       0x00000132       0x12 ./pre_emptive_os/pre_emptive_os.a(kernel.o)
 .comment       0x00000144       0x12 ./pre_emptive_os/pre_emptive_os.a(prioqueue.o)
 .comment       0x00000156       0x12 ./pre_emptive_os/pre_emptive_os.a(timer.o)
 .comment       0x00000168       0x12 ./pre_emptive_os/pre_emptive_os.a(stack_usage.o)
 .comment       0x0000017a       0x12 ./pre_emptive_os/pre_emptive_os.a(a7hal.o)
 .comment       0x0000018c       0x12 ./pre_emptive_os/pre_emptive_os.a(count_sem.o)
 .comment       0x0000019e       0x12 ./pre_emptive_os/pre_emptive_os.a(event.o)
 .comment       0x000001b0       0x12 usb/libusb.a(LPC_USB.o)
 .comment       0x000001c2       0x12 usb/libusb.a(LPC_HID.o)
 .comment       0x000001d4       0x12 ./filesys/filesys.a(efs.o)
 .comment       0x000001e6       0x12 ./filesys/filesys.a(file.o)
 .comment       0x000001f8       0x12 ./filesys/filesys.a(fs.o)
 .comment       0x0000020a       0x12 ./filesys/filesys.a(ioman.o)
 .comment       0x0000021c       0x12 ./filesys/filesys.a(libc.o)
 .comment       0x0000022e       0x12 ./filesys/filesys.a(ls.o)
 .comment       0x00000240       0x12 ./filesys/filesys.a(partition.o)
 .comment       0x00000252       0x12 ./filesys/filesys.a(time.o)
 .comment       0x00000264       0x12 ./filesys/filesys.a(extract.o)
 .comment       0x00000276       0x12 ./filesys/filesys.a(dir.o)
 .comment       0x00000288       0x12 ./filesys/filesys.a(disc.o)
 .comment       0x0000029a       0x12 ./filesys/filesys.a(fat.o)
 .comment       0x000002ac       0x12 ./mmc/mmc.a(hwinterface.o)
 .comment       0x000002be       0x12 ./mmc/mmc.a(sd.o)
 .comment       0x000002d0       0x12 /cygdrive/c/Embedded/GNUARM/bin/../lib/gcc/arm-elf/4.1.1/../../../../arm-elf/lib/interwork/libc.a(atoi.o)
 .comment       0x000002e2       0x12 /cygdrive/c/Embedded/GNUARM/bin/../lib/gcc/arm-elf/4.1.1/../../../../arm-elf/lib/interwork/libc.a(memcpy.o)
 .comment       0x000002f4       0x12 /cygdrive/c/Embedded/GNUARM/bin/../lib/gcc/arm-elf/4.1.1/../../../../arm-elf/lib/interwork/libc.a(strlen.o)
 .comment       0x00000306       0x12 /cygdrive/c/Embedded/GNUARM/bin/../lib/gcc/arm-elf/4.1.1/../../../../arm-elf/lib/interwork/libc.a(strncpy.o)
 .comment       0x00000318       0x12 /cygdrive/c/Embedded/GNUARM/bin/../lib/gcc/arm-elf/4.1.1/../../../../arm-elf/lib/interwork/libc.a(strtol.o)
 .comment       0x0000032a       0x12 /cygdrive/c/Embedded/GNUARM/bin/../lib/gcc/arm-elf/4.1.1/../../../../arm-elf/lib/interwork/libc.a(ctype_.o)
 .comment       0x0000033c       0x12 /cygdrive/c/Embedded/GNUARM/bin/../lib/gcc/arm-elf/4.1.1/../../../../arm-elf/lib/interwork/libc.a(impure.o)

.debug
 *(.debug)

.line
 *(.line)

.debug_srcinfo
 *(.debug_srcinfo)

.debug_sfnames
 *(.debug_sfnames)

.debug_aranges  0x00000000      0x640
 *(.debug_aranges)
 .debug_aranges
                0x00000000       0x20 main.o
 .debug_aranges
                0x00000020       0x20 eeprom.o
 .debug_aranges
                0x00000040       0x20 i2c.o
 .debug_aranges
                0x00000060       0x20 uart.o
 .debug_aranges
                0x00000080       0x20 testLedMatrix.o
 .debug_aranges
                0x000000a0       0x20 testLcd.o
 .debug_aranges
                0x000000c0       0x20 testMMC.o
 .debug_aranges
                0x000000e0       0x20 testMotor.o
 .debug_aranges
                0x00000100       0x20 testRGB.o
 .debug_aranges
                0x00000120       0x20 testI2C.o
 .debug_aranges
                0x00000140       0x20 testAdc.o
 .debug_aranges
                0x00000160       0x20 testXBee.o
 .debug_aranges
                0x00000180       0x20 irq/irq_code.a(irq_timer1.o)
 .debug_aranges
                0x000001a0       0x20 irq/irq_code.a(irqUart.o)
 .debug_aranges
                0x000001c0       0x20 ./startup/libea_startup_thumb.a(consol.o)
 .debug_aranges
                0x000001e0       0x20 ./startup/libea_startup_thumb.a(framework.o)
 .debug_aranges
                0x00000200       0x20 ./pre_emptive_os/pre_emptive_os.a(kernel.o)
 .debug_aranges
                0x00000220       0x20 ./pre_emptive_os/pre_emptive_os.a(prioqueue.o)
 .debug_aranges
                0x00000240       0x20 ./pre_emptive_os/pre_emptive_os.a(timer.o)
 .debug_aranges
                0x00000260       0x20 ./pre_emptive_os/pre_emptive_os.a(stack_usage.o)
 .debug_aranges
                0x00000280       0x20 ./pre_emptive_os/pre_emptive_os.a(a7hal.o)
 .debug_aranges
                0x000002a0       0x20 ./pre_emptive_os/pre_emptive_os.a(count_sem.o)
 .debug_aranges
                0x000002c0       0x20 ./pre_emptive_os/pre_emptive_os.a(event.o)
 .debug_aranges
                0x000002e0       0x20 usb/libusb.a(LPC_USB.o)
 .debug_aranges
                0x00000300       0x20 usb/libusb.a(LPC_HID.o)
 .debug_aranges
                0x00000320       0x20 ./filesys/filesys.a(efs.o)
 .debug_aranges
                0x00000340       0x20 ./filesys/filesys.a(file.o)
 .debug_aranges
                0x00000360       0x20 ./filesys/filesys.a(fs.o)
 .debug_aranges
                0x00000380       0x20 ./filesys/filesys.a(ioman.o)
 .debug_aranges
                0x000003a0       0x20 ./filesys/filesys.a(libc.o)
 .debug_aranges
                0x000003c0       0x20 ./filesys/filesys.a(ls.o)
 .debug_aranges
                0x000003e0       0x20 ./filesys/filesys.a(partition.o)
 .debug_aranges
                0x00000400       0x20 ./filesys/filesys.a(time.o)
 .debug_aranges
                0x00000420       0x20 ./filesys/filesys.a(extract.o)
 .debug_aranges
                0x00000440       0x20 ./filesys/filesys.a(dir.o)
 .debug_aranges
                0x00000460       0x20 ./filesys/filesys.a(disc.o)
 .debug_aranges
                0x00000480       0x20 ./filesys/filesys.a(fat.o)
 .debug_aranges
                0x000004a0       0x20 ./mmc/mmc.a(hwinterface.o)
 .debug_aranges
                0x000004c0       0x20 ./mmc/mmc.a(sd.o)
 .debug_aranges
                0x000004e0       0x20 /cygdrive/c/Embedded/GNUARM/bin/../lib/gcc/arm-elf/4.1.1/interwork/libgcc.a(_udivsi3.o)
 .debug_aranges
                0x00000500       0x20 /cygdrive/c/Embedded/GNUARM/bin/../lib/gcc/arm-elf/4.1.1/interwork/libgcc.a(_divsi3.o)
 .debug_aranges
                0x00000520       0x20 /cygdrive/c/Embedded/GNUARM/bin/../lib/gcc/arm-elf/4.1.1/interwork/libgcc.a(_umodsi3.o)
 .debug_aranges
                0x00000540       0x20 /cygdrive/c/Embedded/GNUARM/bin/../lib/gcc/arm-elf/4.1.1/interwork/libgcc.a(_modsi3.o)
 .debug_aranges
                0x00000560       0x20 /cygdrive/c/Embedded/GNUARM/bin/../lib/gcc/arm-elf/4.1.1/interwork/libgcc.a(_dvmd_tls.o)
 .debug_aranges
                0x00000580       0x20 /cygdrive/c/Embedded/GNUARM/bin/../lib/gcc/arm-elf/4.1.1/interwork/libgcc.a(_call_via_rX.o)
 .debug_aranges
                0x000005a0       0x20 /cygdrive/c/Embedded/GNUARM/bin/../lib/gcc/arm-elf/4.1.1/../../../../arm-elf/lib/interwork/libc.a(atoi.o)
 .debug_aranges
                0x000005c0       0x20 /cygdrive/c/Embedded/GNUARM/bin/../lib/gcc/arm-elf/4.1.1/../../../../arm-elf/lib/interwork/libc.a(memcpy.o)
 .debug_aranges
                0x000005e0       0x20 /cygdrive/c/Embedded/GNUARM/bin/../lib/gcc/arm-elf/4.1.1/../../../../arm-elf/lib/interwork/libc.a(strlen.o)
 .debug_aranges
                0x00000600       0x20 /cygdrive/c/Embedded/GNUARM/bin/../lib/gcc/arm-elf/4.1.1/../../../../arm-elf/lib/interwork/libc.a(strncpy.o)
 .debug_aranges
                0x00000620       0x20 /cygdrive/c/Embedded/GNUARM/bin/../lib/gcc/arm-elf/4.1.1/../../../../arm-elf/lib/interwork/libc.a(strtol.o)

.debug_pubnames
                0x00000000     0x19da
 *(.debug_pubnames)
 .debug_pubnames
                0x00000000       0x50 main.o
 .debug_pubnames
                0x00000050       0x65 eeprom.o
 .debug_pubnames
                0x000000b5       0xcc i2c.o
 .debug_pubnames
                0x00000181       0xfa uart.o
 .debug_pubnames
                0x0000027b       0x3b testLedMatrix.o
 .debug_pubnames
                0x000002b6       0x2e testLcd.o
 .debug_pubnames
                0x000002e4       0x64 testMMC.o
 .debug_pubnames
                0x00000348       0x20 testMotor.o
 .debug_pubnames
                0x00000368       0x1e testRGB.o
 .debug_pubnames
                0x00000386       0x2d testI2C.o
 .debug_pubnames
                0x000003b3       0x1e testAdc.o
 .debug_pubnames
                0x000003d1       0x1f testXBee.o
 .debug_pubnames
                0x000003f0       0x23 startupSound.o
 .debug_pubnames
                0x00000413       0x2d irq/irq_code.a(irq_timer1.o)
 .debug_pubnames
                0x00000440       0x39 irq/irq_code.a(irqUart.o)
 .debug_pubnames
                0x00000479       0xda ./startup/libea_startup_thumb.a(consol.o)
 .debug_pubnames
                0x00000553       0x63 ./startup/libea_startup_thumb.a(framework.o)
 .debug_pubnames
                0x000005b6      0x17f ./pre_emptive_os/pre_emptive_os.a(kernel.o)
 .debug_pubnames
                0x00000735       0x76 ./pre_emptive_os/pre_emptive_os.a(prioqueue.o)
 .debug_pubnames
                0x000007ab       0x55 ./pre_emptive_os/pre_emptive_os.a(timer.o)
 .debug_pubnames
                0x00000800       0x4e ./pre_emptive_os/pre_emptive_os.a(stack_usage.o)
 .debug_pubnames
                0x0000084e       0xc1 ./pre_emptive_os/pre_emptive_os.a(a7hal.o)
 .debug_pubnames
                0x0000090f       0x4d ./pre_emptive_os/pre_emptive_os.a(count_sem.o)
 .debug_pubnames
                0x0000095c       0x63 ./pre_emptive_os/pre_emptive_os.a(event.o)
 .debug_pubnames
                0x000009bf       0xe4 usb/libusb.a(LPC_USB.o)
 .debug_pubnames
                0x00000aa3      0x162 usb/libusb.a(LPC_HID.o)
 .debug_pubnames
                0x00000c05       0x1f ./filesys/filesys.a(efs.o)
 .debug_pubnames
                0x00000c24       0xf9 ./filesys/filesys.a(file.o)
 .debug_pubnames
                0x00000d1d      0x205 ./filesys/filesys.a(fs.o)
 .debug_pubnames
                0x00000f22      0x2cd ./filesys/filesys.a(ioman.o)
 .debug_pubnames
                0x000011ef       0x40 ./filesys/filesys.a(libc.o)
 .debug_pubnames
                0x0000122f       0xa9 ./filesys/filesys.a(ls.o)
 .debug_pubnames
                0x000012d8       0xdd ./filesys/filesys.a(partition.o)
 .debug_pubnames
                0x000013b5       0x48 ./filesys/filesys.a(time.o)
 .debug_pubnames
                0x000013fd       0x7c ./filesys/filesys.a(extract.o)
 .debug_pubnames
                0x00001479      0x158 ./filesys/filesys.a(dir.o)
 .debug_pubnames
                0x000015d1       0x35 ./filesys/filesys.a(disc.o)
 .debug_pubnames
                0x00001606      0x19b ./filesys/filesys.a(fat.o)
 .debug_pubnames
                0x000017a1       0x85 ./mmc/mmc.a(hwinterface.o)
 .debug_pubnames
                0x00001826       0xa3 ./mmc/mmc.a(sd.o)
 .debug_pubnames
                0x000018c9       0x27 /cygdrive/c/Embedded/GNUARM/bin/../lib/gcc/arm-elf/4.1.1/../../../../arm-elf/lib/interwork/libc.a(atoi.o)
 .debug_pubnames
                0x000018f0       0x1d /cygdrive/c/Embedded/GNUARM/bin/../lib/gcc/arm-elf/4.1.1/../../../../arm-elf/lib/interwork/libc.a(memcpy.o)
 .debug_pubnames
                0x0000190d       0x1d /cygdrive/c/Embedded/GNUARM/bin/../lib/gcc/arm-elf/4.1.1/../../../../arm-elf/lib/interwork/libc.a(strlen.o)
 .debug_pubnames
                0x0000192a       0x1e /cygdrive/c/Embedded/GNUARM/bin/../lib/gcc/arm-elf/4.1.1/../../../../arm-elf/lib/interwork/libc.a(strncpy.o)
 .debug_pubnames
                0x00001948       0x2b /cygdrive/c/Embedded/GNUARM/bin/../lib/gcc/arm-elf/4.1.1/../../../../arm-elf/lib/interwork/libc.a(strtol.o)
 .debug_pubnames
                0x00001973       0x2e /cygdrive/c/Embedded/GNUARM/bin/../lib/gcc/arm-elf/4.1.1/../../../../arm-elf/lib/interwork/libc.a(ctype_.o)
 .debug_pubnames
                0x000019a1       0x39 /cygdrive/c/Embedded/GNUARM/bin/../lib/gcc/arm-elf/4.1.1/../../../../arm-elf/lib/interwork/libc.a(impure.o)

.debug_info     0x00000000     0xc5a5
 *(.debug_info .gnu.linkonce.wi.*)
 .debug_info    0x00000000      0x335 main.o
 .debug_info    0x00000335      0x28a eeprom.o
 .debug_info    0x000005bf      0x465 i2c.o
 .debug_info    0x00000a24      0x2ae uart.o
 .debug_info    0x00000cd2      0x10d testLedMatrix.o
 .debug_info    0x00000ddf      0x1a4 testLcd.o
 .debug_info    0x00000f83      0x906 testMMC.o
 .debug_info    0x00001889       0xcb testMotor.o
 .debug_info    0x00001954       0xd0 testRGB.o
 .debug_info    0x00001a24      0x192 testI2C.o
 .debug_info    0x00001bb6      0x15e testAdc.o
 .debug_info    0x00001d14       0xd3 testXBee.o
 .debug_info    0x00001de7       0x5c startupSound.o
 .debug_info    0x00001e43       0xf8 irq/irq_code.a(irq_timer1.o)
 .debug_info    0x00001f3b      0x197 irq/irq_code.a(irqUart.o)
 .debug_info    0x000020d2      0x584 ./startup/libea_startup_thumb.a(consol.o)
 .debug_info    0x00002656      0x1e5 ./startup/libea_startup_thumb.a(framework.o)
 .debug_info    0x0000283b      0x5fe ./pre_emptive_os/pre_emptive_os.a(kernel.o)
 .debug_info    0x00002e39      0x2e8 ./pre_emptive_os/pre_emptive_os.a(prioqueue.o)
 .debug_info    0x00003121      0x4b8 ./pre_emptive_os/pre_emptive_os.a(timer.o)
 .debug_info    0x000035d9      0x2cf ./pre_emptive_os/pre_emptive_os.a(stack_usage.o)
 .debug_info    0x000038a8      0x189 ./pre_emptive_os/pre_emptive_os.a(a7hal.o)
 .debug_info    0x00003a31      0x32b ./pre_emptive_os/pre_emptive_os.a(count_sem.o)
 .debug_info    0x00003d5c      0x2ee ./pre_emptive_os/pre_emptive_os.a(event.o)
 .debug_info    0x0000404a      0x411 usb/libusb.a(LPC_USB.o)
 .debug_info    0x0000445b      0x3e3 usb/libusb.a(LPC_HID.o)
 .debug_info    0x0000483e      0x4f9 ./filesys/filesys.a(efs.o)
 .debug_info    0x00004d37      0xc03 ./filesys/filesys.a(file.o)
 .debug_info    0x0000593a      0xc66 ./filesys/filesys.a(fs.o)
 .debug_info    0x000065a0      0xbe8 ./filesys/filesys.a(ioman.o)
 .debug_info    0x00007188      0x167 ./filesys/filesys.a(libc.o)
 .debug_info    0x000072ef      0x75b ./filesys/filesys.a(ls.o)
 .debug_info    0x00007a4a      0x5be ./filesys/filesys.a(partition.o)
 .debug_info    0x00008008       0x79 ./filesys/filesys.a(time.o)
 .debug_info    0x00008081      0x279 ./filesys/filesys.a(extract.o)
 .debug_info    0x000082fa      0xb59 ./filesys/filesys.a(dir.o)
 .debug_info    0x00008e53      0x32c ./filesys/filesys.a(disc.o)
 .debug_info    0x0000917f      0xaca ./filesys/filesys.a(fat.o)
 .debug_info    0x00009c49      0x2e4 ./mmc/mmc.a(hwinterface.o)
 .debug_info    0x00009f2d      0x410 ./mmc/mmc.a(sd.o)
 .debug_info    0x0000a33d       0x68 /cygdrive/c/Embedded/GNUARM/bin/../lib/gcc/arm-elf/4.1.1/interwork/libgcc.a(_udivsi3.o)
 .debug_info    0x0000a3a5       0x68 /cygdrive/c/Embedded/GNUARM/bin/../lib/gcc/arm-elf/4.1.1/interwork/libgcc.a(_divsi3.o)
 .debug_info    0x0000a40d       0x68 /cygdrive/c/Embedded/GNUARM/bin/../lib/gcc/arm-elf/4.1.1/interwork/libgcc.a(_umodsi3.o)
 .debug_info    0x0000a475       0x68 /cygdrive/c/Embedded/GNUARM/bin/../lib/gcc/arm-elf/4.1.1/interwork/libgcc.a(_modsi3.o)
 .debug_info    0x0000a4dd       0x68 /cygdrive/c/Embedded/GNUARM/bin/../lib/gcc/arm-elf/4.1.1/interwork/libgcc.a(_dvmd_tls.o)
 .debug_info    0x0000a545       0x68 /cygdrive/c/Embedded/GNUARM/bin/../lib/gcc/arm-elf/4.1.1/interwork/libgcc.a(_call_via_rX.o)
 .debug_info    0x0000a5ad      0x949 /cygdrive/c/Embedded/GNUARM/bin/../lib/gcc/arm-elf/4.1.1/../../../../arm-elf/lib/interwork/libc.a(atoi.o)
 .debug_info    0x0000aef6      0x10a /cygdrive/c/Embedded/GNUARM/bin/../lib/gcc/arm-elf/4.1.1/../../../../arm-elf/lib/interwork/libc.a(memcpy.o)
 .debug_info    0x0000b000       0xd4 /cygdrive/c/Embedded/GNUARM/bin/../lib/gcc/arm-elf/4.1.1/../../../../arm-elf/lib/interwork/libc.a(strlen.o)
 .debug_info    0x0000b0d4      0x127 /cygdrive/c/Embedded/GNUARM/bin/../lib/gcc/arm-elf/4.1.1/../../../../arm-elf/lib/interwork/libc.a(strncpy.o)
 .debug_info    0x0000b1fb      0xa0f /cygdrive/c/Embedded/GNUARM/bin/../lib/gcc/arm-elf/4.1.1/../../../../arm-elf/lib/interwork/libc.a(strtol.o)
 .debug_info    0x0000bc0a       0x79 /cygdrive/c/Embedded/GNUARM/bin/../lib/gcc/arm-elf/4.1.1/../../../../arm-elf/lib/interwork/libc.a(ctype_.o)
 .debug_info    0x0000bc83      0x922 /cygdrive/c/Embedded/GNUARM/bin/../lib/gcc/arm-elf/4.1.1/../../../../arm-elf/lib/interwork/libc.a(impure.o)

.debug_abbrev   0x00000000     0x39fc
 *(.debug_abbrev)
 .debug_abbrev  0x00000000      0x192 main.o
 .debug_abbrev  0x00000192      0x117 eeprom.o
 .debug_abbrev  0x000002a9      0x1ac i2c.o
 .debug_abbrev  0x00000455       0xed uart.o
 .debug_abbrev  0x00000542       0xc8 testLedMatrix.o
 .debug_abbrev  0x0000060a      0x146 testLcd.o
 .debug_abbrev  0x00000750      0x14c testMMC.o
 .debug_abbrev  0x0000089c       0x92 testMotor.o
 .debug_abbrev  0x0000092e       0x8a testRGB.o
 .debug_abbrev  0x000009b8       0xd0 testI2C.o
 .debug_abbrev  0x00000a88      0x112 testAdc.o
 .debug_abbrev  0x00000b9a       0x9c testXBee.o
 .debug_abbrev  0x00000c36       0x49 startupSound.o
 .debug_abbrev  0x00000c7f       0xb3 irq/irq_code.a(irq_timer1.o)
 .debug_abbrev  0x00000d32       0xf4 irq/irq_code.a(irqUart.o)
 .debug_abbrev  0x00000e26      0x2a4 ./startup/libea_startup_thumb.a(consol.o)
 .debug_abbrev  0x000010ca       0xd0 ./startup/libea_startup_thumb.a(framework.o)
 .debug_abbrev  0x0000119a      0x1b8 ./pre_emptive_os/pre_emptive_os.a(kernel.o)
 .debug_abbrev  0x00001352      0x11e ./pre_emptive_os/pre_emptive_os.a(prioqueue.o)
 .debug_abbrev  0x00001470      0x154 ./pre_emptive_os/pre_emptive_os.a(timer.o)
 .debug_abbrev  0x000015c4      0x170 ./pre_emptive_os/pre_emptive_os.a(stack_usage.o)
 .debug_abbrev  0x00001734       0xf2 ./pre_emptive_os/pre_emptive_os.a(a7hal.o)
 .debug_abbrev  0x00001826      0x101 ./pre_emptive_os/pre_emptive_os.a(count_sem.o)
 .debug_abbrev  0x00001927      0x103 ./pre_emptive_os/pre_emptive_os.a(event.o)
 .debug_abbrev  0x00001a2a      0x1db usb/libusb.a(LPC_USB.o)
 .debug_abbrev  0x00001c05      0x197 usb/libusb.a(LPC_HID.o)
 .debug_abbrev  0x00001d9c       0xe8 ./filesys/filesys.a(efs.o)
 .debug_abbrev  0x00001e84      0x26d ./filesys/filesys.a(file.o)
 .debug_abbrev  0x000020f1      0x2d2 ./filesys/filesys.a(fs.o)
 .debug_abbrev  0x000023c3      0x276 ./filesys/filesys.a(ioman.o)
 .debug_abbrev  0x00002639       0xb2 ./filesys/filesys.a(libc.o)
 .debug_abbrev  0x000026eb      0x11e ./filesys/filesys.a(ls.o)
 .debug_abbrev  0x00002809      0x16c ./filesys/filesys.a(partition.o)
 .debug_abbrev  0x00002975       0x36 ./filesys/filesys.a(time.o)
 .debug_abbrev  0x000029ab       0xfd ./filesys/filesys.a(extract.o)
 .debug_abbrev  0x00002aa8      0x1c2 ./filesys/filesys.a(dir.o)
 .debug_abbrev  0x00002c6a       0xe1 ./filesys/filesys.a(disc.o)
 .debug_abbrev  0x00002d4b      0x247 ./filesys/filesys.a(fat.o)
 .debug_abbrev  0x00002f92      0x170 ./mmc/mmc.a(hwinterface.o)
 .debug_abbrev  0x00003102      0x1e8 ./mmc/mmc.a(sd.o)
 .debug_abbrev  0x000032ea       0x14 /cygdrive/c/Embedded/GNUARM/bin/../lib/gcc/arm-elf/4.1.1/interwork/libgcc.a(_udivsi3.o)
 .debug_abbrev  0x000032fe       0x14 /cygdrive/c/Embedded/GNUARM/bin/../lib/gcc/arm-elf/4.1.1/interwork/libgcc.a(_divsi3.o)
 .debug_abbrev  0x00003312       0x14 /cygdrive/c/Embedded/GNUARM/bin/../lib/gcc/arm-elf/4.1.1/interwork/libgcc.a(_umodsi3.o)
 .debug_abbrev  0x00003326       0x14 /cygdrive/c/Embedded/GNUARM/bin/../lib/gcc/arm-elf/4.1.1/interwork/libgcc.a(_modsi3.o)
 .debug_abbrev  0x0000333a       0x14 /cygdrive/c/Embedded/GNUARM/bin/../lib/gcc/arm-elf/4.1.1/interwork/libgcc.a(_dvmd_tls.o)
 .debug_abbrev  0x0000334e       0x14 /cygdrive/c/Embedded/GNUARM/bin/../lib/gcc/arm-elf/4.1.1/interwork/libgcc.a(_call_via_rX.o)
 .debug_abbrev  0x00003362      0x176 /cygdrive/c/Embedded/GNUARM/bin/../lib/gcc/arm-elf/4.1.1/../../../../arm-elf/lib/interwork/libc.a(atoi.o)
 .debug_abbrev  0x000034d8       0xa6 /cygdrive/c/Embedded/GNUARM/bin/../lib/gcc/arm-elf/4.1.1/../../../../arm-elf/lib/interwork/libc.a(memcpy.o)
 .debug_abbrev  0x0000357e       0x8b /cygdrive/c/Embedded/GNUARM/bin/../lib/gcc/arm-elf/4.1.1/../../../../arm-elf/lib/interwork/libc.a(strlen.o)
 .debug_abbrev  0x00003609       0x8d /cygdrive/c/Embedded/GNUARM/bin/../lib/gcc/arm-elf/4.1.1/../../../../arm-elf/lib/interwork/libc.a(strncpy.o)
 .debug_abbrev  0x00003696      0x1bd /cygdrive/c/Embedded/GNUARM/bin/../lib/gcc/arm-elf/4.1.1/../../../../arm-elf/lib/interwork/libc.a(strtol.o)
 .debug_abbrev  0x00003853       0x52 /cygdrive/c/Embedded/GNUARM/bin/../lib/gcc/arm-elf/4.1.1/../../../../arm-elf/lib/interwork/libc.a(ctype_.o)
 .debug_abbrev  0x000038a5      0x157 /cygdrive/c/Embedded/GNUARM/bin/../lib/gcc/arm-elf/4.1.1/../../../../arm-elf/lib/interwork/libc.a(impure.o)

.debug_line     0x00000000     0x2e26
 *(.debug_line)
 .debug_line    0x00000000       0xea main.o
 .debug_line    0x000000ea       0xef eeprom.o
 .debug_line    0x000001d9      0x123 i2c.o
 .debug_line    0x000002fc       0xde uart.o
 .debug_line    0x000003da       0x9a testLedMatrix.o
 .debug_line    0x00000474       0xec testLcd.o
 .debug_line    0x00000560       0xe0 testMMC.o
 .debug_line    0x00000640       0x8a testMotor.o
 .debug_line    0x000006ca       0xa1 testRGB.o
 .debug_line    0x0000076b       0xd7 testI2C.o
 .debug_line    0x00000842       0xdf testAdc.o
 .debug_line    0x00000921       0xa5 testXBee.o
 .debug_line    0x000009c6       0x2f startupSound.o
 .debug_line    0x000009f5       0x7c irq/irq_code.a(irq_timer1.o)
 .debug_line    0x00000a71       0x93 irq/irq_code.a(irqUart.o)
 .debug_line    0x00000b04      0x193 ./startup/libea_startup_thumb.a(consol.o)
 .debug_line    0x00000c97       0xba ./startup/libea_startup_thumb.a(framework.o)
 .debug_line    0x00000d51      0x176 ./pre_emptive_os/pre_emptive_os.a(kernel.o)
 .debug_line    0x00000ec7       0xbb ./pre_emptive_os/pre_emptive_os.a(prioqueue.o)
 .debug_line    0x00000f82      0x109 ./pre_emptive_os/pre_emptive_os.a(timer.o)
 .debug_line    0x0000108b       0x97 ./pre_emptive_os/pre_emptive_os.a(stack_usage.o)
 .debug_line    0x00001122       0x8c ./pre_emptive_os/pre_emptive_os.a(a7hal.o)
 .debug_line    0x000011ae       0xd9 ./pre_emptive_os/pre_emptive_os.a(count_sem.o)
 .debug_line    0x00001287       0xaf ./pre_emptive_os/pre_emptive_os.a(event.o)
 .debug_line    0x00001336       0xea usb/libusb.a(LPC_USB.o)
 .debug_line    0x00001420      0x125 usb/libusb.a(LPC_HID.o)
 .debug_line    0x00001545       0xb0 ./filesys/filesys.a(efs.o)
 .debug_line    0x000015f5      0x219 ./filesys/filesys.a(file.o)
 .debug_line    0x0000180e      0x205 ./filesys/filesys.a(fs.o)
 .debug_line    0x00001a13      0x2ca ./filesys/filesys.a(ioman.o)
 .debug_line    0x00001cdd       0x52 ./filesys/filesys.a(libc.o)
 .debug_line    0x00001d2f       0xdd ./filesys/filesys.a(ls.o)
 .debug_line    0x00001e0c       0xcd ./filesys/filesys.a(partition.o)
 .debug_line    0x00001ed9       0x3f ./filesys/filesys.a(time.o)
 .debug_line    0x00001f18       0x80 ./filesys/filesys.a(extract.o)
 .debug_line    0x00001f98      0x16a ./filesys/filesys.a(dir.o)
 .debug_line    0x00002102       0x7b ./filesys/filesys.a(disc.o)
 .debug_line    0x0000217d      0x234 ./filesys/filesys.a(fat.o)
 .debug_line    0x000023b1       0xb1 ./mmc/mmc.a(hwinterface.o)
 .debug_line    0x00002462      0x110 ./mmc/mmc.a(sd.o)
 .debug_line    0x00002572       0x84 /cygdrive/c/Embedded/GNUARM/bin/../lib/gcc/arm-elf/4.1.1/interwork/libgcc.a(_udivsi3.o)
 .debug_line    0x000025f6       0x90 /cygdrive/c/Embedded/GNUARM/bin/../lib/gcc/arm-elf/4.1.1/interwork/libgcc.a(_divsi3.o)
 .debug_line    0x00002686       0x6e /cygdrive/c/Embedded/GNUARM/bin/../lib/gcc/arm-elf/4.1.1/interwork/libgcc.a(_umodsi3.o)
 .debug_line    0x000026f4       0x74 /cygdrive/c/Embedded/GNUARM/bin/../lib/gcc/arm-elf/4.1.1/interwork/libgcc.a(_modsi3.o)
 .debug_line    0x00002768       0x5d /cygdrive/c/Embedded/GNUARM/bin/../lib/gcc/arm-elf/4.1.1/interwork/libgcc.a(_dvmd_tls.o)
 .debug_line    0x000027c5       0x6b /cygdrive/c/Embedded/GNUARM/bin/../lib/gcc/arm-elf/4.1.1/interwork/libgcc.a(_call_via_rX.o)
 .debug_line    0x00002830       0xf9 /cygdrive/c/Embedded/GNUARM/bin/../lib/gcc/arm-elf/4.1.1/../../../../arm-elf/lib/interwork/libc.a(atoi.o)
 .debug_line    0x00002929       0xc8 /cygdrive/c/Embedded/GNUARM/bin/../lib/gcc/arm-elf/4.1.1/../../../../arm-elf/lib/interwork/libc.a(memcpy.o)
 .debug_line    0x000029f1       0xaf /cygdrive/c/Embedded/GNUARM/bin/../lib/gcc/arm-elf/4.1.1/../../../../arm-elf/lib/interwork/libc.a(strlen.o)
 .debug_line    0x00002aa0       0xd5 /cygdrive/c/Embedded/GNUARM/bin/../lib/gcc/arm-elf/4.1.1/../../../../arm-elf/lib/interwork/libc.a(strncpy.o)
 .debug_line    0x00002b75      0x173 /cygdrive/c/Embedded/GNUARM/bin/../lib/gcc/arm-elf/4.1.1/../../../../arm-elf/lib/interwork/libc.a(strtol.o)
 .debug_line    0x00002ce8       0x5b /cygdrive/c/Embedded/GNUARM/bin/../lib/gcc/arm-elf/4.1.1/../../../../arm-elf/lib/interwork/libc.a(ctype_.o)
 .debug_line    0x00002d43       0xe3 /cygdrive/c/Embedded/GNUARM/bin/../lib/gcc/arm-elf/4.1.1/../../../../arm-elf/lib/interwork/libc.a(impure.o)

.debug_frame    0x00000000     0x1fac
 *(.debug_frame)
 .debug_frame   0x00000000       0xa8 main.o
 .debug_frame   0x000000a8       0xa4 eeprom.o
 .debug_frame   0x0000014c      0x108 i2c.o
 .debug_frame   0x00000254       0xc4 uart.o
 .debug_frame   0x00000318       0x28 testLedMatrix.o
 .debug_frame   0x00000340       0x68 testLcd.o
 .debug_frame   0x000003a8       0x48 testMMC.o
 .debug_frame   0x000003f0       0x28 testMotor.o
 .debug_frame   0x00000418       0x2c testRGB.o
 .debug_frame   0x00000444       0x50 testI2C.o
 .debug_frame   0x00000494       0x48 testAdc.o
 .debug_frame   0x000004dc       0x30 testXBee.o
 .debug_frame   0x0000050c       0x3c irq/irq_code.a(irq_timer1.o)
 .debug_frame   0x00000548       0x44 irq/irq_code.a(irqUart.o)
 .debug_frame   0x0000058c      0x150 ./startup/libea_startup_thumb.a(consol.o)
 .debug_frame   0x000006dc       0xe0 ./startup/libea_startup_thumb.a(framework.o)
 .debug_frame   0x000007bc      0x1e8 ./pre_emptive_os/pre_emptive_os.a(kernel.o)
 .debug_frame   0x000009a4       0x8c ./pre_emptive_os/pre_emptive_os.a(prioqueue.o)
 .debug_frame   0x00000a30       0xb8 ./pre_emptive_os/pre_emptive_os.a(timer.o)
 .debug_frame   0x00000ae8       0x58 ./pre_emptive_os/pre_emptive_os.a(stack_usage.o)
 .debug_frame   0x00000b40       0xa0 ./pre_emptive_os/pre_emptive_os.a(a7hal.o)
 .debug_frame   0x00000be0       0x84 ./pre_emptive_os/pre_emptive_os.a(count_sem.o)
 .debug_frame   0x00000c64       0x94 ./pre_emptive_os/pre_emptive_os.a(event.o)
 .debug_frame   0x00000cf8       0xec usb/libusb.a(LPC_USB.o)
 .debug_frame   0x00000de4       0xd8 usb/libusb.a(LPC_HID.o)
 .debug_frame   0x00000ebc       0x30 ./filesys/filesys.a(efs.o)
 .debug_frame   0x00000eec      0x16c ./filesys/filesys.a(file.o)
 .debug_frame   0x00001058      0x23c ./filesys/filesys.a(fs.o)
 .debug_frame   0x00001294      0x340 ./filesys/filesys.a(ioman.o)
 .debug_frame   0x000015d4       0x64 ./filesys/filesys.a(libc.o)
 .debug_frame   0x00001638       0xc8 ./filesys/filesys.a(ls.o)
 .debug_frame   0x00001700       0xf4 ./filesys/filesys.a(partition.o)
 .debug_frame   0x000017f4       0x40 ./filesys/filesys.a(time.o)
 .debug_frame   0x00001834       0x84 ./filesys/filesys.a(extract.o)
 .debug_frame   0x000018b8      0x1c0 ./filesys/filesys.a(dir.o)
 .debug_frame   0x00001a78       0x40 ./filesys/filesys.a(disc.o)
 .debug_frame   0x00001ab8      0x19c ./filesys/filesys.a(fat.o)
 .debug_frame   0x00001c54       0x9c ./mmc/mmc.a(hwinterface.o)
 .debug_frame   0x00001cf0      0x108 ./mmc/mmc.a(sd.o)
 .debug_frame   0x00001df8       0x2c /cygdrive/c/Embedded/GNUARM/bin/../lib/gcc/arm-elf/4.1.1/interwork/libgcc.a(_udivsi3.o)
 .debug_frame   0x00001e24       0x2c /cygdrive/c/Embedded/GNUARM/bin/../lib/gcc/arm-elf/4.1.1/interwork/libgcc.a(_divsi3.o)
 .debug_frame   0x00001e50       0x2c /cygdrive/c/Embedded/GNUARM/bin/../lib/gcc/arm-elf/4.1.1/interwork/libgcc.a(_umodsi3.o)
 .debug_frame   0x00001e7c       0x2c /cygdrive/c/Embedded/GNUARM/bin/../lib/gcc/arm-elf/4.1.1/interwork/libgcc.a(_modsi3.o)
 .debug_frame   0x00001ea8       0x40 /cygdrive/c/Embedded/GNUARM/bin/../lib/gcc/arm-elf/4.1.1/../../../../arm-elf/lib/interwork/libc.a(atoi.o)
 .debug_frame   0x00001ee8       0x28 /cygdrive/c/Embedded/GNUARM/bin/../lib/gcc/arm-elf/4.1.1/../../../../arm-elf/lib/interwork/libc.a(memcpy.o)
 .debug_frame   0x00001f10       0x20 /cygdrive/c/Embedded/GNUARM/bin/../lib/gcc/arm-elf/4.1.1/../../../../arm-elf/lib/interwork/libc.a(strlen.o)
 .debug_frame   0x00001f30       0x2c /cygdrive/c/Embedded/GNUARM/bin/../lib/gcc/arm-elf/4.1.1/../../../../arm-elf/lib/interwork/libc.a(strncpy.o)
 .debug_frame   0x00001f5c       0x50 /cygdrive/c/Embedded/GNUARM/bin/../lib/gcc/arm-elf/4.1.1/../../../../arm-elf/lib/interwork/libc.a(strtol.o)

.debug_str      0x00000000     0x2b1a
 *(.debug_str)
 .debug_str     0x00000000      0x141 main.o
                                0x17a (size before relaxing)
 .debug_str     0x00000141       0x85 eeprom.o
                                 0xfe (size before relaxing)
 .debug_str     0x000001c6       0x90 i2c.o
                                0x132 (size before relaxing)
 .debug_str     0x00000256      0x112 uart.o
                                0x1b2 (size before relaxing)
 .debug_str     0x00000368       0x40 testLedMatrix.o
                                 0xd3 (size before relaxing)
 .debug_str     0x000003a8       0x4c testLcd.o
                                 0xe1 (size before relaxing)
 .debug_str     0x000003f4      0x3a8 testMMC.o
                                0x572 (size before relaxing)
 .debug_str     0x0000079c       0x34 testMotor.o
                                 0xbf (size before relaxing)
 .debug_str     0x000007d0       0x31 testRGB.o
                                 0xc8 (size before relaxing)
 .debug_str     0x00000801       0x67 testI2C.o
                                0x12a (size before relaxing)
 .debug_str     0x00000868       0x4b testAdc.o
                                 0xef (size before relaxing)
 .debug_str     0x000008b3       0x26 testXBee.o
                                 0xc0 (size before relaxing)
 .debug_str     0x000008d9        0xf startupSound.o
                                 0x63 (size before relaxing)
 .debug_str     0x000008e8       0x6c irq/irq_code.a(irq_timer1.o)
                                 0xdb (size before relaxing)
 .debug_str     0x00000954       0x52 irq/irq_code.a(irqUart.o)
                                0x13a (size before relaxing)
 .debug_str     0x000009a6      0x17f ./startup/libea_startup_thumb.a(consol.o)
                                0x23f (size before relaxing)
 .debug_str     0x00000b25       0xdd ./startup/libea_startup_thumb.a(framework.o)
                                0x13b (size before relaxing)
 .debug_str     0x00000c02      0x2e0 ./pre_emptive_os/pre_emptive_os.a(kernel.o)
                                0x35e (size before relaxing)
 .debug_str     0x00000ee2       0x7d ./pre_emptive_os/pre_emptive_os.a(prioqueue.o)
                                0x246 (size before relaxing)
 .debug_str     0x00000f5f      0x10e ./pre_emptive_os/pre_emptive_os.a(timer.o)
                                0x2f7 (size before relaxing)
 .debug_str     0x0000106d       0x70 ./pre_emptive_os/pre_emptive_os.a(stack_usage.o)
                                0x22b (size before relaxing)
 .debug_str     0x000010dd      0x158 ./pre_emptive_os/pre_emptive_os.a(a7hal.o)
                                0x1dd (size before relaxing)
 .debug_str     0x00001235       0x49 ./pre_emptive_os/pre_emptive_os.a(count_sem.o)
                                0x25b (size before relaxing)
 .debug_str     0x0000127e       0x51 ./pre_emptive_os/pre_emptive_os.a(event.o)
                                0x265 (size before relaxing)
 .debug_str     0x000012cf      0x301 usb/libusb.a(LPC_USB.o)
                                0x37d (size before relaxing)
 .debug_str     0x000015d0      0x18a usb/libusb.a(LPC_HID.o)
                                0x23b (size before relaxing)
 .debug_str     0x0000175a       0x40 ./filesys/filesys.a(efs.o)
                                0x319 (size before relaxing)
 .debug_str     0x0000179a      0x14f ./filesys/filesys.a(file.o)
                                0x578 (size before relaxing)
 .debug_str     0x000018e9      0x215 ./filesys/filesys.a(fs.o)
                                0x622 (size before relaxing)
 .debug_str     0x00001afe      0x278 ./filesys/filesys.a(ioman.o)
                                0x3ac (size before relaxing)
 .debug_str     0x00001d76       0x3a ./filesys/filesys.a(libc.o)
                                 0xb4 (size before relaxing)
 .debug_str     0x00001db0       0x8e ./filesys/filesys.a(ls.o)
                                0x426 (size before relaxing)
 .debug_str     0x00001e3e       0xc5 ./filesys/filesys.a(partition.o)
                                0x267 (size before relaxing)
 .debug_str     0x00001f03       0x31 ./filesys/filesys.a(time.o)
                                 0x8a (size before relaxing)
 .debug_str     0x00001f34       0x6c ./filesys/filesys.a(extract.o)
                                0x152 (size before relaxing)
 .debug_str     0x00001fa0      0x16e ./filesys/filesys.a(dir.o)
                                0x589 (size before relaxing)
 .debug_str     0x0000210e       0x22 ./filesys/filesys.a(disc.o)
                                0x198 (size before relaxing)
 .debug_str     0x00002130      0x1bf ./filesys/filesys.a(fat.o)
                                0x512 (size before relaxing)
 .debug_str     0x000022ef       0xa8 ./mmc/mmc.a(hwinterface.o)
                                0x159 (size before relaxing)
 .debug_str     0x00002397       0xc9 ./mmc/mmc.a(sd.o)
                                0x18b (size before relaxing)
 .debug_str     0x00002460      0x3f0 /cygdrive/c/Embedded/GNUARM/bin/../lib/gcc/arm-elf/4.1.1/../../../../arm-elf/lib/interwork/libc.a(atoi.o)
                                0x49e (size before relaxing)
 .debug_str     0x00002850       0xaa /cygdrive/c/Embedded/GNUARM/bin/../lib/gcc/arm-elf/4.1.1/../../../../arm-elf/lib/interwork/libc.a(memcpy.o)
                                 0xd6 (size before relaxing)
 .debug_str     0x000028fa       0x56 /cygdrive/c/Embedded/GNUARM/bin/../lib/gcc/arm-elf/4.1.1/../../../../arm-elf/lib/interwork/libc.a(strlen.o)
                                0x11f (size before relaxing)
 .debug_str     0x00002950       0x45 /cygdrive/c/Embedded/GNUARM/bin/../lib/gcc/arm-elf/4.1.1/../../../../arm-elf/lib/interwork/libc.a(strncpy.o)
                                0x136 (size before relaxing)
 .debug_str     0x00002995       0x78 /cygdrive/c/Embedded/GNUARM/bin/../lib/gcc/arm-elf/4.1.1/../../../../arm-elf/lib/interwork/libc.a(strtol.o)
                                0x4e0 (size before relaxing)
 .debug_str     0x00002a0d       0x7b /cygdrive/c/Embedded/GNUARM/bin/../lib/gcc/arm-elf/4.1.1/../../../../arm-elf/lib/interwork/libc.a(ctype_.o)
                                 0xaa (size before relaxing)
 .debug_str     0x00002a88       0x92 /cygdrive/c/Embedded/GNUARM/bin/../lib/gcc/arm-elf/4.1.1/../../../../arm-elf/lib/interwork/libc.a(impure.o)
                                0x4bc (size before relaxing)

.debug_loc      0x00000000     0x639e
 *(.debug_loc)
 .debug_loc     0x00000000      0x178 main.o
 .debug_loc     0x00000178      0x33d eeprom.o
 .debug_loc     0x000004b5      0x406 i2c.o
 .debug_loc     0x000008bb      0x213 uart.o
 .debug_loc     0x00000ace       0x48 testLedMatrix.o
 .debug_loc     0x00000b16      0x170 testLcd.o
 .debug_loc     0x00000c86      0x176 testMMC.o
 .debug_loc     0x00000dfc       0x32 testMotor.o
 .debug_loc     0x00000e2e       0xad testRGB.o
 .debug_loc     0x00000edb       0xa5 testI2C.o
 .debug_loc     0x00000f80       0xad testAdc.o
 .debug_loc     0x0000102d       0x51 testXBee.o
 .debug_loc     0x0000107e       0x1f irq/irq_code.a(irq_timer1.o)
 .debug_loc     0x0000109d       0x55 irq/irq_code.a(irqUart.o)
 .debug_loc     0x000010f2      0x5ee ./startup/libea_startup_thumb.a(consol.o)
 .debug_loc     0x000016e0      0x1b2 ./startup/libea_startup_thumb.a(framework.o)
 .debug_loc     0x00001892      0x296 usb/libusb.a(LPC_USB.o)
 .debug_loc     0x00001b28      0x19d usb/libusb.a(LPC_HID.o)
 .debug_loc     0x00001cc5       0x8f ./filesys/filesys.a(efs.o)
 .debug_loc     0x00001d54      0x7ed ./filesys/filesys.a(file.o)
 .debug_loc     0x00002541      0x86b ./filesys/filesys.a(fs.o)
 .debug_loc     0x00002dac      0xe6d ./filesys/filesys.a(ioman.o)
 .debug_loc     0x00003c19      0x123 ./filesys/filesys.a(libc.o)
 .debug_loc     0x00003d3c      0x283 ./filesys/filesys.a(ls.o)
 .debug_loc     0x00003fbf      0x2d6 ./filesys/filesys.a(partition.o)
 .debug_loc     0x00004295       0xc6 ./filesys/filesys.a(extract.o)
 .debug_loc     0x0000435b      0xa18 ./filesys/filesys.a(dir.o)
 .debug_loc     0x00004d73       0x63 ./filesys/filesys.a(disc.o)
 .debug_loc     0x00004dd6      0xb13 ./filesys/filesys.a(fat.o)
 .debug_loc     0x000058e9      0x17c ./mmc/mmc.a(hwinterface.o)
 .debug_loc     0x00005a65      0x436 ./mmc/mmc.a(sd.o)
 .debug_loc     0x00005e9b       0x77 /cygdrive/c/Embedded/GNUARM/bin/../lib/gcc/arm-elf/4.1.1/../../../../arm-elf/lib/interwork/libc.a(atoi.o)
 .debug_loc     0x00005f12       0xfc /cygdrive/c/Embedded/GNUARM/bin/../lib/gcc/arm-elf/4.1.1/../../../../arm-elf/lib/interwork/libc.a(memcpy.o)
 .debug_loc     0x0000600e       0x47 /cygdrive/c/Embedded/GNUARM/bin/../lib/gcc/arm-elf/4.1.1/../../../../arm-elf/lib/interwork/libc.a(strlen.o)
 .debug_loc     0x00006055      0x13e /cygdrive/c/Embedded/GNUARM/bin/../lib/gcc/arm-elf/4.1.1/../../../../arm-elf/lib/interwork/libc.a(strncpy.o)
 .debug_loc     0x00006193      0x20b /cygdrive/c/Embedded/GNUARM/bin/../lib/gcc/arm-elf/4.1.1/../../../../arm-elf/lib/interwork/libc.a(strtol.o)

.debug_macinfo
 *(.debug_macinfo)

.debug_weaknames
 *(.debug_weaknames)

.debug_funcnames
 *(.debug_funcnames)

.debug_typenames
 *(.debug_typenames)

.debug_varnames
 *(.debug_varnames)
OUTPUT(testprogram_lpc2148_edu_v3_0.elf elf32-littlearm)

.debug_ranges   0x00000000      0x1a8
 .debug_ranges  0x00000000       0x18 main.o
 .debug_ranges  0x00000018       0x18 testLcd.o
 .debug_ranges  0x00000030       0x18 testI2C.o
 .debug_ranges  0x00000048       0x50 testAdc.o
 .debug_ranges  0x00000098       0x18 ./filesys/filesys.a(file.o)
 .debug_ranges  0x000000b0       0x68 ./filesys/filesys.a(ioman.o)
 .debug_ranges  0x00000118       0x18 ./filesys/filesys.a(partition.o)
 .debug_ranges  0x00000130       0x30 ./filesys/filesys.a(fat.o)
 .debug_ranges  0x00000160       0x48 ./mmc/mmc.a(hwinterface.o)

Cross Reference Table

Symbol                                            File
HID_CallBack                                      usb/libusb.a(LPC_HID.o)
                                                  main.o
HID_CtrlStall                                     usb/libusb.a(LPC_HID.o)
HID_GetConfiguration                              usb/libusb.a(LPC_HID.o)
HID_ImplSetupPacket                               usb/libusb.a(LPC_HID.o)
HID_Init                                          usb/libusb.a(LPC_HID.o)
                                                  main.o
HID_SendDataByCtrlEP                              usb/libusb.a(LPC_HID.o)
HID_SendReport                                    usb/libusb.a(LPC_HID.o)
                                                  main.o
HID_SendZeroLengthByCtrlEP                        usb/libusb.a(LPC_HID.o)
IntrCallback                                      usb/libusb.a(LPC_USB.o)
LanguagesStr                                      usb/libusb.a(LPC_HID.o)
ManufacturerStr                                   usb/libusb.a(LPC_HID.o)
ProductStr                                        usb/libusb.a(LPC_HID.o)
StrPoin                                           usb/libusb.a(LPC_HID.o)
USB_ClearBuffer                                   usb/libusb.a(LPC_USB.o)
                                                  usb/libusb.a(LPC_HID.o)
USB_Cmd                                           usb/libusb.a(LPC_USB.o)
                                                  usb/libusb.a(LPC_HID.o)
USB_ISR                                           usb/libusb.a(LPC_USB.o)
USB_Init                                          usb/libusb.a(LPC_USB.o)
                                                  main.o
USB_RealizeEndPoint                               usb/libusb.a(LPC_USB.o)
                                                  usb/libusb.a(LPC_HID.o)
USB_SetAdd                                        usb/libusb.a(LPC_USB.o)
                                                  usb/libusb.a(LPC_HID.o)
USB_ValidateBuffer                                usb/libusb.a(LPC_USB.o)
                                                  usb/libusb.a(LPC_HID.o)
WriteString                                       testLcd.o
__HID_Init_change_to_arm                          /cygdrive/c/Embedded/GNUARM/bin/../lib/gcc/arm-elf/4.1.1/../../../../arm-elf/lib/interwork/libc.a(impure.o)
__HID_Init_from_thumb                             /cygdrive/c/Embedded/GNUARM/bin/../lib/gcc/arm-elf/4.1.1/../../../../arm-elf/lib/interwork/libc.a(impure.o)
__HID_SendReport_change_to_arm                    /cygdrive/c/Embedded/GNUARM/bin/../lib/gcc/arm-elf/4.1.1/../../../../arm-elf/lib/interwork/libc.a(impure.o)
__HID_SendReport_from_thumb                       /cygdrive/c/Embedded/GNUARM/bin/../lib/gcc/arm-elf/4.1.1/../../../../arm-elf/lib/interwork/libc.a(impure.o)
__USB_Init_change_to_arm                          /cygdrive/c/Embedded/GNUARM/bin/../lib/gcc/arm-elf/4.1.1/../../../../arm-elf/lib/interwork/libc.a(impure.o)
__USB_Init_from_thumb                             /cygdrive/c/Embedded/GNUARM/bin/../lib/gcc/arm-elf/4.1.1/../../../../arm-elf/lib/interwork/libc.a(impure.o)
____divsi3_change_to_arm                          /cygdrive/c/Embedded/GNUARM/bin/../lib/gcc/arm-elf/4.1.1/../../../../arm-elf/lib/interwork/libc.a(impure.o)
____divsi3_from_thumb                             /cygdrive/c/Embedded/GNUARM/bin/../lib/gcc/arm-elf/4.1.1/../../../../arm-elf/lib/interwork/libc.a(impure.o)
____udivsi3_change_to_arm                         /cygdrive/c/Embedded/GNUARM/bin/../lib/gcc/arm-elf/4.1.1/../../../../arm-elf/lib/interwork/libc.a(impure.o)
____udivsi3_from_thumb                            /cygdrive/c/Embedded/GNUARM/bin/../lib/gcc/arm-elf/4.1.1/../../../../arm-elf/lib/interwork/libc.a(impure.o)
__aeabi_idiv                                      /cygdrive/c/Embedded/GNUARM/bin/../lib/gcc/arm-elf/4.1.1/interwork/libgcc.a(_divsi3.o)
__aeabi_idiv0                                     /cygdrive/c/Embedded/GNUARM/bin/../lib/gcc/arm-elf/4.1.1/interwork/libgcc.a(_dvmd_tls.o)
__aeabi_idivmod                                   /cygdrive/c/Embedded/GNUARM/bin/../lib/gcc/arm-elf/4.1.1/interwork/libgcc.a(_divsi3.o)
__aeabi_ldiv0                                     /cygdrive/c/Embedded/GNUARM/bin/../lib/gcc/arm-elf/4.1.1/interwork/libgcc.a(_dvmd_tls.o)
__aeabi_uidiv                                     /cygdrive/c/Embedded/GNUARM/bin/../lib/gcc/arm-elf/4.1.1/interwork/libgcc.a(_udivsi3.o)