Archive member included because of file (symbol)

irq/irq_code.a(irq_timer1.o)  testLedMatrix.o (ledMatrix)
irq/irq_code.a(irqUart.o)     uart.o (uart1ISR)
./startup/libea_startup_thumb.a(consol.o)
                              testAdc.o (consolSendNumber)
./startup/libea_startup_thumb.a(framework.o)
                              main.o (eaInit)
./startup/libea_startup_thumb.a(startup.o)
                              (_startup)
./pre_emptive_os/pre_emptive_os.a(kernel.o)
                              main.o (osInit)
./pre_emptive_os/pre_emptive_os.a(prioqueue.o)
                              ./pre_emptive_os/pre_emptive_os.a(kernel.o) (initPrioQueue)
./pre_emptive_os/pre_emptive_os.a(timer.o)
                              ./pre_emptive_os/pre_emptive_os.a(kernel.o) (timerTick)
./pre_emptive_os/pre_emptive_os.a(stack_usage.o)
                              ./pre_emptive_os/pre_emptive_os.a(kernel.o) (createStackPattern)
./pre_emptive_os/pre_emptive_os.a(a7hal.o)
                              ./pre_emptive_os/pre_emptive_os.a(kernel.o) (stkFrameInit_oshal)
./pre_emptive_os/pre_emptive_os.a(a7hal_a.o)
                              ./pre_emptive_os/pre_emptive_os.a(kernel.o) (startHighProc_oshal)
./pre_emptive_os/pre_emptive_os.a(count_sem.o)
                              ./pre_emptive_os/pre_emptive_os.a(timer.o) (osSemInit)
./pre_emptive_os/pre_emptive_os.a(event.o)
                              ./pre_emptive_os/pre_emptive_os.a(count_sem.o) (eventInit)
usb/libusb.a(LPC_USB.o)       main.o (USB_Init)
usb/libusb.a(LPC_HID.o)       main.o (HID_SendReport)
./filesys/filesys.a(efs.o)    testMMC.o (efs_init)
./filesys/filesys.a(file.o)   testMMC.o (file_fread)
./filesys/filesys.a(fs.o)     ./filesys/filesys.a(file.o) (fs_clusterToSector)
./filesys/filesys.a(ioman.o)  ./filesys/filesys.a(efs.o) (ioman_init)
./filesys/filesys.a(libc.o)   ./filesys/filesys.a(file.o) (memCpy)
./filesys/filesys.a(ls.o)     testMMC.o (ls_getNext)
./filesys/filesys.a(partition.o)
                              ./filesys/filesys.a(efs.o) (part_initPartition)
./filesys/filesys.a(time.o)   ./filesys/filesys.a(file.o) (fs_hasTimeSupport)
./filesys/filesys.a(extract.o)
                              ./filesys/filesys.a(fs.o) (ex_getb16)
./filesys/filesys.a(dir.o)    ./filesys/filesys.a(fs.o) (dir_addCluster)
./filesys/filesys.a(disc.o)   ./filesys/filesys.a(efs.o) (disc_initDisc)
./filesys/filesys.a(fat.o)    ./filesys/filesys.a(file.o) (fat_giveEocMarker)
./mmc/mmc.a(hwinterface.o)    ./filesys/filesys.a(ioman.o) (if_writeBuf)
./mmc/mmc.a(sd.o)             ./mmc/mmc.a(hwinterface.o) (sd_getDriveSize)
/cygdrive/c/Embedded/GNUARM/bin/../lib/gcc/arm-elf/4.1.1/interwork/libgcc.a(_udivsi3.o)
                              ./startup/libea_startup_thumb.a(consol.o) (__udivsi3)
/cygdrive/c/Embedded/GNUARM/bin/../lib/gcc/arm-elf/4.1.1/interwork/libgcc.a(_divsi3.o)
                              ./pre_emptive_os/pre_emptive_os.a(stack_usage.o) (__divsi3)
/cygdrive/c/Embedded/GNUARM/bin/../lib/gcc/arm-elf/4.1.1/interwork/libgcc.a(_umodsi3.o)
                              ./startup/libea_startup_thumb.a(consol.o) (__umodsi3)
/cygdrive/c/Embedded/GNUARM/bin/../lib/gcc/arm-elf/4.1.1/interwork/libgcc.a(_modsi3.o)
                              testMMC.o (__modsi3)
/cygdrive/c/Embedded/GNUARM/bin/../lib/gcc/arm-elf/4.1.1/interwork/libgcc.a(_dvmd_tls.o)
                              /cygdrive/c/Embedded/GNUARM/bin/../lib/gcc/arm-elf/4.1.1/interwork/libgcc.a(_udivsi3.o) (__div0)
/cygdrive/c/Embedded/GNUARM/bin/../lib/gcc/arm-elf/4.1.1/interwork/libgcc.a(_call_via_rX.o)
                              ./pre_emptive_os/pre_emptive_os.a(timer.o) (_call_via_r4)
/cygdrive/c/Embedded/GNUARM/bin/../lib/gcc/arm-elf/4.1.1/interwork/libgcc.a(_addsubsf3.o)
                              testMMC.o (__addsf3)
/cygdrive/c/Embedded/GNUARM/bin/../lib/gcc/arm-elf/4.1.1/interwork/libgcc.a(_muldivsf3.o)
                              testMMC.o (__mulsf3)
/cygdrive/c/Embedded/GNUARM/bin/../lib/gcc/arm-elf/4.1.1/interwork/libgcc.a(_fixsfsi.o)
                              testMMC.o (__fixsfsi)
/cygdrive/c/Embedded/GNUARM/bin/../lib/gcc/arm-elf/4.1.1/../../../../arm-elf/lib/interwork/libc.a(atoi.o)
                              ./startup/libea_startup_thumb.a(consol.o) (atoi)
/cygdrive/c/Embedded/GNUARM/bin/../lib/gcc/arm-elf/4.1.1/../../../../arm-elf/lib/interwork/libc.a(memcpy.o)
                              testI2C.o (memcpy)
/cygdrive/c/Embedded/GNUARM/bin/../lib/gcc/arm-elf/4.1.1/../../../../arm-elf/lib/interwork/libc.a(strlen.o)
                              testI2C.o (strlen)
/cygdrive/c/Embedded/GNUARM/bin/../lib/gcc/arm-elf/4.1.1/../../../../arm-elf/lib/interwork/libc.a(strncpy.o)
                              testMMC.o (strncpy)
/cygdrive/c/Embedded/GNUARM/bin/../lib/gcc/arm-elf/4.1.1/../../../../arm-elf/lib/interwork/libc.a(strtol.o)
[...]
Memory Configuration

Name             Origin             Length             Attributes
FLASH            0x00000000         0x00080000         xr
RAM              0x40000000         0x00008000         rw
*default*        0x00000000         0xffffffff

Linker script and memory map

LOAD main.o
LOAD eeprom.o
LOAD i2c.o
LOAD uart.o
LOAD testLedMatrix.o
LOAD testLcd.o
LOAD testMMC.o
LOAD testMotor.o
LOAD testRGB.o
LOAD testI2C.o
LOAD testAdc.o
LOAD testXBee.o
LOAD startupSound.o
LOAD irq/irq_code.a
LOAD ./startup/libea_startup_thumb.a
LOAD ./pre_emptive_os/pre_emptive_os.a
LOAD usb/libusb.a
LOAD ./filesys/filesys.a
LOAD ./mmc/mmc.a
START GROUP
LOAD /cygdrive/c/Embedded/GNUARM/bin/../lib/gcc/arm-elf/4.1.1/interwork/libgcc.a
LOAD /cygdrive/c/Embedded/GNUARM/bin/../lib/gcc/arm-elf/4.1.1/../../../../arm-elf/lib/interwork/libc.a
END GROUP

.text           0x00000000     0x93c4
 *startup.o(.text)
 .text          0x00000000      0x1d8 ./startup/libea_startup_thumb.a(startup.o)
                0x00000000                _startup
 *(.text)
 .text          0x000001d8      0x370 main.o
                0x000001e8                InitializeSharedData
                0x000001d8                appTick
                0x0000025c                main
 .text          0x00000548      0x23c eeprom.o
                0x00000698                lm75Read
                0x00000548                eepromWrite
                0x000005b4                eepromPoll
                0x0000070c                eepromPageRead
                0x00000600                eepromStartRead
 .text          0x00000784      0x39c i2c.o
                0x0000079c                i2cInit
                0x000009e0                i2cRead
                0x0000090c                i2cWriteWithWait
                0x000007e8                i2cStart
                0x00000834                i2cStop
                0x00000784                i2cCheckStatus
                0x00000888                i2cGetChar
                0x00000994                i2cRepeatStart
                0x00000a80                i2cWrite
                0x000008e0                i2cWaitTransmit
                0x0000093c                i2cMyWrite
                0x0000085c                i2cPutChar
 .text          0x00000b20      0x204 uart.o
                0x00000c44                uart1SendChar
                0x00000cc8                uart1SendChars
                0x00000d0c                uart1SendString
                0x00000cf0                uart1SendCh
                0x00000b20                initUart1
                0x00000bf8                uart1GetChar
                0x00000c28                uart1GetCh
 .text          0x00000d24       0xdc testLedMatrix.o
                0x00000d24                testLedMatrix
 .text          0x00000e00      0x2c8 testLcd.o
                0x00000edc                ScreenShiftLeft
                0x00000eb0                numberToChar
                0x00000ebc                WriteString
                0x00000f0c                clearScr
                0x00000f98                testLcd
 .text          0x000010c8      0x470 testMMC.o
                0x000010c8                playTestSound
                0x00001238                initMMC
                0x00001320                format_file_name
                0x00001158                testMMC
                0x00001378                getFileNames
                0x000013d4                MMCproc
 .text          0x00001538       0x94 testMotor.o
                0x00001538                testMotor
 .text          0x000015cc      0x124 testRGB.o
                0x000015cc                testRGB
 .text          0x000016f0      0x2b4 testI2C.o
                0x000016f0                testEEPROM
                0x00001800                testI2C
 .text          0x000019a4      0x2b4 testAdc.o
                0x000019dc                testAdc
 .text          0x00001c58      0x154 testXBee.o
                0x00001c58                testXBee
 .text          0x00001dac        0x0 startupSound.o
 .text          0x00001dac      0x124 irq/irq_code.a(irq_timer1.o)
                0x00001dac                send_SPI
                0x00001e40                ledMatrix
 .text          0x00001ed0      0x1e4 irq/irq_code.a(irqUart.o)
                0x00001ed0                uart1ISR
                0x000020ac                restoreIrq
                0x0000208c                disIrq
 .text          0x000020b4      0x67c ./startup/libea_startup_thumb.a(consol.o)
                0x0000256c                consolGetIntNum
                0x000021a8                consolSendCh
                0x00002374                consolGetString
                0x00002218                consolSendNumber
                0x00002330                consolGetCh
                0x00002188                consolSendChar
                0x000023ec                simplePrintf
                0x000021ec                consolSendString
                0x0000264c                consolScanf
                0x00002350                consolGetChar
                0x00002138                consolInit
 .text          0x00002730      0x2c0 ./startup/libea_startup_thumb.a(framework.o)
                0x0000285c                eaInit
                0x000027a8                lowLevelInit
                0x00002730                exceptionHandlerInit
 .text          0x000029f0      0x4f8 ./pre_emptive_os/pre_emptive_os.a(kernel.o)
                0x00002d6c                osTick
                0x00002e30                rmvFromRdyList
                0x00002b8c                osGetHighPrioProc
                0x00002e4c                osSuspend
                0x00002aa0                osInit
                0x00002e80                osDeleteProcess
                0x00002acc                osISREnter
                0x00002ba8                schedule
                0x00002af0                osCreateProcess
                0x00002cec                addToRdyList
                0x00002a3c                addToTimeList
                0x00002d00                osResume
                0x000029f0                osPid
                0x00002eb0                osSleep
                0x00002c14                osISRExit
                0x00002c7c                osStart
                0x00002ca8                rmvFromTimeList
                0x00002dc8                osStartProcess
 .text          0x00002ee8      0x124 ./pre_emptive_os/pre_emptive_os.a(prioqueue.o)
                0x00002ee8                initPrioQueue
                0x00002f50                rmvFromPrioQueue
                0x00002f08                addToPrioQueue
                0x00002fec                isEmptyPrioQueue
                0x00002fb4                getHighPrioQueue
 .text          0x0000300c      0x218 ./pre_emptive_os/pre_emptive_os.a(timer.o)
                0x0000300c                timerTick
                0x00003180                osInitTimers
                0x0000311c                osDeleteTimer
                0x000030f0                osCreateTimer
 .text          0x00003224       0xa4 ./pre_emptive_os/pre_emptive_os.a(stack_usage.o)
                0x00003224                osStackUsage
                0x00003268                createStackPattern
                0x00003288                checkStackLimit
 .text          0x000032c8      0x1ec ./pre_emptive_os/pre_emptive_os.a(a7hal.o)
                0x00003300                stkFrameInit_oshal
                0x000032c8                timerIsr_oshal
                0x000033e0                halRestoreInterrupts_oshal
                0x000033e8                initTimer_oshal
                0x000033d0                halEnableInterrupts_oshal
                0x00003480                handleIRQs_oshal
                0x000033b0                halDisableInterrupts_oshal
 .text          0x000034b4       0xc4 ./pre_emptive_os/pre_emptive_os.a(a7hal_a.o)
                0x000034c0                startHighProc_oshal
                0x000034e8                ctxSwitchIsr_oshal
                0x000034c8                ctxSwitch_oshal
                0x00003508                generalIRQ_oshal
 .text          0x00003578      0x144 ./pre_emptive_os/pre_emptive_os.a(count_sem.o)
                0x00003618                osSemGive
                0x0000367c                osSemTryTake
                0x00003578                osSemInit
                0x0000358c                osSemTake
 .text          0x000036bc       0xd8 ./pre_emptive_os/pre_emptive_os.a(event.o)
                0x000036cc                eventWait
                0x000036bc                eventInit
                0x00003734                eventIsEmpty
                0x00003704                eventWaitReturn
                0x00003744                eventSignal
 .text          0x00003794      0x470 usb/libusb.a(LPC_USB.o)
                0x00003794                halDisableInterrupts
                0x000039b8                USB_Init
                0x00003b4c                USB_ClearBuffer
                0x00003bd8                USB_ISR
                0x000037b4                halEnableInterrupts
                0x00003ba8                USB_SetAdd
                0x00003b70                USB_ValidateBuffer
                0x000037c4                halRestoreInterrupts
                0x000037cc                USB_Cmd
                0x00003aac                USB_RealizeEndPoint
 .text          0x00003c04      0x650 usb/libusb.a(LPC_HID.o)
                0x00003cd0                HID_SendZeroLengthByCtrlEP
                0x00003e54                HID_ImplSetupPacket
                0x00003c04                HID_GetConfiguration
                0x00003d68                HID_SendDataByCtrlEP
                0x00003c14                HID_SendReport
                0x00003e3c                HID_CtrlStall
                0x000041b8                HID_CallBack
                0x00004150                HID_Init
 .text          0x00004254       0xc0 ./filesys/filesys.a(efs.o)
                0x00004254                efs_init
 .text          0x00004314      0xa60 ./filesys/filesys.a(file.o)
                0x0000478c                file_write
                0x00004408                file_normalToFatName
                0x00004540                file_requiredCluster
                0x0000452c                file_getAttr
                0x00004380                file_validateChar
                0x000049c4                file_fopen
                0x00004904                file_read
                0x000047b8                file_fread
                0x00004508                file_setAttr
                0x00004930                file_fclose
                0x00004314                file_setpos
                0x00004330                file_initFile
                0x000045e4                file_fwrite
 .text          0x00004d74      0x93c ./filesys/filesys.a(fs.o)
                0x00004e2c                fs_countDataSectors
                0x0000551c                fs_loadVolumeId
                0x00004f80                fs_sectorToCluster
                0x00004eb8                fs_determineFatType
                0x00005630                fs_initFs
                0x00004f4c                fs_clusterToSector
                0x000052a0                fs_findFile
                0x0000541c                fs_findFreeFile
                0x00005018                fs_setFirstClusterInDirEntry
                0x00004fe0                fs_getFirstClusterRootDir
                0x000051f0                fs_flushFs
                0x00005214                fs_umount
                0x00004fd8                fs_giveFreeClusterHint
                0x0000522c                fs_getLastCluster
                0x00004efc                fs_findFirstSectorRootDir
                0x00005028                fs_setFsInfo
                0x000054d4                fs_getNextFreeCluster
                0x00004d74                fs_verifySanity
                0x000050c4                fs_getFsInfo
                0x00004ff8                fs_initClusterChain
                0x00004f34                fs_initCurrentDir
                0x00005184                fs_clearCluster
                0x000055dc                fs_isValidFat
 .text          0x000056b0      0xea8 ./filesys/filesys.a(ioman.o)
                0x000060d0                ioman_putSectorInCache
                0x00005fdc                ioman_flushRange
                0x000059f4                ioman_getPtr
                0x00005950                ioman_push
                0x00005b24                ioman_findFreeSpot
                0x00005748                ioman_getUseCnt
                0x00005d70                ioman_printStatus
                0x00005ed8                ioman_flushSector
                0x00006094                ioman_readSector
                0x00005b74                ioman_findUnusedSpot
                0x00006200                ioman_getSector
                0x00005ac0                ioman_findSectorInCache
                0x00005c98                ioman_findOverallocableSpot
                0x000063e0                ioman_reset
                0x00005870                ioman_decRefCnt
                0x00005a20                ioman_getBp
                0x000057ac                ioman_decUseCnt
                0x000056b0                ioman_getBuffer
                0x00005db0                ioman_writeSector
                0x000064b8                ioman_releaseSector
                0x00005df0                ioman_directSectorWrite
                0x00006488                ioman_init
                0x00005f5c                ioman_flushAll
                0x00005838                ioman_incRefCnt
                0x000056b8                ioman_setAttr
                0x00006150                ioman_directSectorRead
                0x000058d0                ioman_pop
                0x00005708                ioman_getAttr
                0x000057e4                ioman_resetUseCnt
                0x0000580c                ioman_getRefCnt
                0x000058a8                ioman_resetRefCnt
                0x00005774                ioman_incUseCnt
                0x00005a7c                ioman_resetCacheItem
 .text          0x00006558       0xcc ./filesys/filesys.a(libc.o)
                0x00006604                memSet
                0x000065e4                memClr
                0x000065a4                memCpy
                0x00006558                strMatch
 .text          0x00006624      0x2d0 ./filesys/filesys.a(ls.o)
                0x000066ac                ls_getRootAreaEntry
                0x00006658                ls_fileEntryToDirListEntry
                0x000067f4                ls_getDirEntry
                0x0000672c                ls_getRealDirEntry
                0x00006830                ls_getNext
                0x00006624                ls_isValidFileEntry
                0x00006884                ls_openDir
 .text          0x000068f4      0x1d8 ./filesys/filesys.a(partition.o)
                0x00006a6c                part_getSect
                0x000069a4                part_readBuf
                0x0000696c                part_getRealLBA
                0x0000692c                part_initPartition
                0x00006a08                part_directSectorRead
                0x000068f4                part_isFatPart
                0x00006a98                part_writeBuf
                0x00006984                part_relSect
                0x00006a38                part_flushPart
                0x000069d8                part_directSectorWrite
 .text          0x00006acc       0x18 ./filesys/filesys.a(time.o)
                0x00006acc                fs_makeDate
                0x00006ad4                fs_makeTime
                0x00006adc                fs_hasTimeSupport
 .text          0x00006ae4      0x100 ./filesys/filesys.a(extract.o)
                0x00006b6c                ex_getPartitionField
                0x00006ae4                ex_getb16
                0x00006b40                ex_setb32
                0x00006b00                ex_getb32
                0x00006be0                ex_setPartitionField
                0x00006b2c                ex_setb16
 .text          0x00006be4      0x610 ./filesys/filesys.a(dir.o)
                0x00006d98                dir_updateDirectoryEntry
                0x00007094                dir_findinCluster
                0x00007158                dir_findinDir
                0x00006e28                dir_setFirstCluster
                0x00006fb8                dir_findinBuf
                0x00006c64                dir_addCluster
                0x00006fe0                dir_findinRootArea
                0x00006e78                dir_createDirectoryEntry
                0x00006cc8                dir_createDefaultEntry
                0x00006f18                dir_findFileinBuf
                0x00006de8                dir_setFileSize
                0x00006d14                dir_getFatFileName
                0x00006ec4                dir_getFileStructure
                0x00006be4                dir_findFreeEntryinBuf
 .text          0x000071f4       0x74 ./filesys/filesys.a(disc.o)
                0x00007258                disc_initDisc
                0x000071f4                disc_loadMBR
 .text          0x00007268      0xadc ./filesys/filesys.a(fat.o)
                0x00007548                fat_getNextClusterChain
                0x00007358                fat_setNextClusterAddressWBuf
                0x00007268                fat_getSectorAddressFatEntry
                0x00007488                fat_getNextClusterAddressWBuf
                0x00007650                fat_LogicToDiscCluster
                0x000077c4                fat_setNextClusterAddress
                0x00007ac0                fat_countFreeClusters
                0x000079c0                fat_getNextClusterAddress
                0x000076f0                fat_DiscToLogicCluster
                0x000072c8                fat_isEocMarker
                0x00007b0c                fat_allocClusterChain
                0x00007320                fat_giveEocMarker
                0x00007764                fat_countClustersInChain
                0x00007940                fat_unlinkClusterChain
 .text          0x00007d44      0x1bc ./mmc/mmc.a(hwinterface.o)
                0x00007d4c                if_spiInit
                0x00007d44                if_setPos
                0x00007dfc                if_spiSend
                0x00007e44                if_writeBuf
                0x00007e5c                if_readBuf
                0x00007de0                if_spiSetSpeed
                0x00007e78                if_initInterface
 .text          0x00007f00      0x4fc ./mmc/mmc.a(sd.o)
                0x0000806c                sd_getDriveSize
                0x000081e0                sd_readSector
                0x00007f00                sd_Resp8bError
                0x00007fe4                sd_Command
                0x00007f78                sd_Resp8b
                0x00008148                sd_writeSector
                0x00007fb0                sd_Resp16b
                0x000082ac                sd_State
                0x000082e0                sd_Init
 .text          0x000083fc      0x114 /cygdrive/c/Embedded/GNUARM/bin/../lib/gcc/arm-elf/4.1.1/interwork/libgcc.a(_udivsi3.o)
                0x000083fc                __udivsi3
                0x000083fc                __aeabi_uidiv
                0x000084f8                __aeabi_uidivmod
 .text          0x00008510      0x144 /cygdrive/c/Embedded/GNUARM/bin/../lib/gcc/arm-elf/4.1.1/interwork/libgcc.a(_divsi3.o)
                0x00008510                __aeabi_idiv
                0x00008510                __divsi3
                0x0000863c                __aeabi_idivmod
 .text          0x00008654       0xd0 /cygdrive/c/Embedded/GNUARM/bin/../lib/gcc/arm-elf/4.1.1/interwork/libgcc.a(_umodsi3.o)
                0x00008654                __umodsi3
 .text          0x00008724       0xe8 /cygdrive/c/Embedded/GNUARM/bin/../lib/gcc/arm-elf/4.1.1/interwork/libgcc.a(_modsi3.o)
                0x00008724                __modsi3
 .text          0x0000880c        0x4 /cygdrive/c/Embedded/GNUARM/bin/../lib/gcc/arm-elf/4.1.1/interwork/libgcc.a(_dvmd_tls.o)
                0x0000880c                __aeabi_ldiv0
                0x0000880c                __div0
                0x0000880c                __aeabi_idiv0
 .text          0x00008810       0x3c /cygdrive/c/Embedded/GNUARM/bin/../lib/gcc/arm-elf/4.1.1/interwork/libgcc.a(_call_via_rX.o)
                0x00008818                _call_via_r2
                0x00008828                _call_via_r6
                0x00008824                _call_via_r5
                0x0000881c                _call_via_r3
                0x0000883c                _call_via_fp
                0x00008830                _call_via_r8
                0x0000882c                _call_via_r7
                0x00008810                _call_via_r0
                0x00008838                _call_via_sl
                0x00008844                _call_via_sp
                0x00008834                _call_via_r9
                0x00008820                _call_via_r4
                0x00008814                _call_via_r1
                0x00008840                _call_via_ip
                0x00008848                _call_via_lr
 .text          0x0000884c      0x2ac /cygdrive/c/Embedded/GNUARM/bin/../lib/gcc/arm-elf/4.1.1/interwork/libgcc.a(_addsubsf3.o)
                0x00008858                __aeabi_fadd
                0x00008854                __subsf3
                0x00008a1c                __aeabi_i2f
                0x00008854                __aeabi_fsub
                0x00008a4c                __floatdisf
                0x00008a1c                __floatsisf
                0x00008a3c                __floatundisf
                0x00008a14                __aeabi_ui2f
                0x00008a4c                __aeabi_l2f
                0x00008a3c                __aeabi_ul2f
                0x0000884c                __aeabi_frsub
                0x00008a14                __floatunsisf
                0x00008858                __addsf3
 .text          0x00008af8      0x2f8 /cygdrive/c/Embedded/GNUARM/bin/../lib/gcc/arm-elf/4.1.1/interwork/libgcc.a(_muldivsf3.o)
                0x00008c90                __divsf3
                0x00008c90                __aeabi_fdiv
                0x00008af8                __mulsf3
                0x00008af8                __aeabi_fmul
 .text          0x00008df0       0x5c /cygdrive/c/Embedded/GNUARM/bin/../lib/gcc/arm-elf/4.1.1/interwork/libgcc.a(_fixsfsi.o)
                0x00008df0                __fixsfsi
                0x00008df0                __aeabi_f2iz
 .text          0x00008e4c       0x30 /cygdrive/c/Embedded/GNUARM/bin/../lib/gcc/arm-elf/4.1.1/../../../../arm-elf/lib/interwork/libc.a(atoi.o)
                0x00008e4c                _atoi_r
                0x00008e64                atoi
 .text          0x00008e7c       0x9c /cygdrive/c/Embedded/GNUARM/bin/../lib/gcc/arm-elf/4.1.1/../../../../arm-elf/lib/interwork/libc.a(memcpy.o)
                0x00008e7c                memcpy
 .text          0x00008f18       0x90 /cygdrive/c/Embedded/GNUARM/bin/../lib/gcc/arm-elf/4.1.1/../../../../arm-elf/lib/interwork/libc.a(strlen.o)
                0x00008f18                strlen
 .text          0x00008fa8      0x114 /cygdrive/c/Embedded/GNUARM/bin/../lib/gcc/arm-elf/4.1.1/../../../../arm-elf/lib/interwork/libc.a(strncpy.o)
                0x00008fa8                strncpy
 .text          0x000090bc      0x1f0 /cygdrive/c/Embedded/GNUARM/bin/../lib/gcc/arm-elf/4.1.1/../../../../arm-elf/lib/interwork/libc.a(strtol.o)
                0x00009280                strtol
                0x000090bc                _strtol_r
 .text          0x000092ac        0x0 /cygdrive/c/Embedded/GNUARM/bin/../lib/gcc/arm-elf/4.1.1/../../../../arm-elf/lib/interwork/libc.a(ctype_.o)
 .text          0x000092ac        0x0 /cygdrive/c/Embedded/GNUARM/bin/../lib/gcc/arm-elf/4.1.1/../../../../arm-elf/lib/interwork/libc.a(impure.o)
 *(.glue_7)
 .glue_7        0x000092ac        0x0 main.o
 .glue_7        0x000092ac        0x0 eeprom.o
 .glue_7        0x000092ac        0x0 i2c.o
 .glue_7        0x000092ac        0x0 uart.o
 .glue_7        0x000092ac        0x0 testLedMatrix.o
 .glue_7        0x000092ac        0x0 testLcd.o
 .glue_7        0x000092ac        0x0 testMMC.o
 .glue_7        0x000092ac        0x0 testMotor.o
 .glue_7        0x000092ac        0x0 testRGB.o
 .glue_7        0x000092ac        0x0 testI2C.o
 .glue_7        0x000092ac        0x0 testAdc.o
 .glue_7        0x000092ac        0x0 testXBee.o
 .glue_7        0x000092ac        0x0 startupSound.o
 .glue_7        0x000092ac        0x0 irq/irq_code.a(irq_timer1.o)
 .glue_7        0x000092ac        0x0 irq/irq_code.a(irqUart.o)
 .glue_7        0x000092ac        0x0 ./startup/libea_startup_thumb.a(consol.o)
 .glue_7        0x000092ac        0x0 ./startup/libea_startup_thumb.a(framework.o)
 .glue_7        0x000092ac        0x0 ./startup/libea_startup_thumb.a(startup.o)
 .glue_7        0x000092ac        0x0 ./pre_emptive_os/pre_emptive_os.a(kernel.o)
 .glue_7        0x000092ac        0x0 ./pre_emptive_os/pre_emptive_os.a(prioqueue.o)
 .glue_7        0x000092ac        0x0 ./pre_emptive_os/pre_emptive_os.a(timer.o)
 .glue_7        0x000092ac        0x0 ./pre_emptive_os/pre_emptive_os.a(stack_usage.o)
 .glue_7        0x000092ac        0x0 ./pre_emptive_os/pre_emptive_os.a(a7hal.o)
 .glue_7        0x000092ac        0x0 ./pre_emptive_os/pre_emptive_os.a(a7hal_a.o)
 .glue_7        0x000092ac        0x0 ./pre_emptive_os/pre_emptive_os.a(count_sem.o)
 .glue_7        0x000092ac        0x0 ./pre_emptive_os/pre_emptive_os.a(event.o)
 .glue_7        0x000092ac        0x0 usb/libusb.a(LPC_USB.o)
 .glue_7        0x000092ac        0x0 usb/libusb.a(LPC_HID.o)
 .glue_7        0x000092ac        0x0 ./filesys/filesys.a(efs.o)
 .glue_7        0x000092ac        0x0 ./filesys/filesys.a(file.o)
 .glue_7        0x000092ac        0x0 ./filesys/filesys.a(fs.o)
 .glue_7        0x000092ac        0x0 ./filesys/filesys.a(ioman.o)
 .glue_7        0x000092ac        0x0 ./filesys/filesys.a(libc.o)
 .glue_7        0x000092ac        0x0 ./filesys/filesys.a(ls.o)
 .glue_7        0x000092ac        0x0 ./filesys/filesys.a(partition.o)
 .glue_7        0x000092ac        0x0 ./filesys/filesys.a(time.o)
 .glue_7        0x000092ac        0x0 ./filesys/filesys.a(extract.o)
 .glue_7        0x000092ac        0x0 ./filesys/filesys.a(dir.o)
 .glue_7        0x000092ac        0x0 ./filesys/filesys.a(disc.o)
 .glue_7        0x000092ac        0x0 ./filesys/filesys.a(fat.o)
 .glue_7        0x000092ac        0x0 ./mmc/mmc.a(hwinterface.o)
 .glue_7        0x000092ac        0x0 ./mmc/mmc.a(sd.o)
 .glue_7        0x000092ac        0x0 /cygdrive/c/Embedded/GNUARM/bin/../lib/gcc/arm-elf/4.1.1/interwork/libgcc.a(_udivsi3.o)
 .glue_7        0x000092ac        0x0 /cygdrive/c/Embedded/GNUARM/bin/../lib/gcc/arm-elf/4.1.1/interwork/libgcc.a(_divsi3.o)
 .glue_7        0x000092ac        0x0 /cygdrive/c/Embedded/GNUARM/bin/../lib/gcc/arm-elf/4.1.1/interwork/libgcc.a(_umodsi3.o)
 .glue_7        0x000092ac        0x0 /cygdrive/c/Embedded/GNUARM/bin/../lib/gcc/arm-elf/4.1.1/interwork/libgcc.a(_modsi3.o)
 .glue_7        0x000092ac        0x0 /cygdrive/c/Embedded/GNUARM/bin/../lib/gcc/arm-elf/4.1.1/interwork/libgcc.a(_dvmd_tls.o)
 .glue_7        0x000092ac        0x0 /cygdrive/c/Embedded/GNUARM/bin/../lib/gcc/arm-elf/4.1.1/interwork/libgcc.a(_call_via_rX.o)
 .glue_7        0x000092ac        0x0 /cygdrive/c/Embedded/GNUARM/bin/../lib/gcc/arm-elf/4.1.1/interwork/libgcc.a(_addsubsf3.o)
 .glue_7        0x000092ac        0x0 /cygdrive/c/Embedded/GNUARM/bin/../lib/gcc/arm-elf/4.1.1/interwork/libgcc.a(_muldivsf3.o)
 .glue_7        0x000092ac        0x0 /cygdrive/c/Embedded/GNUARM/bin/../lib/gcc/arm-elf/4.1.1/interwork/libgcc.a(_fixsfsi.o)
 .glue_7        0x000092ac        0x0 /cygdrive/c/Embedded/GNUARM/bin/../lib/gcc/arm-elf/4.1.1/../../../../arm-elf/lib/interwork/libc.a(atoi.o)
 .glue_7        0x000092ac        0x0 /cygdrive/c/Embedded/GNUARM/bin/../lib/gcc/arm-elf/4.1.1/../../../../arm-elf/lib/interwork/libc.a(memcpy.o)
 .glue_7        0x000092ac        0x0 /cygdrive/c/Embedded/GNUARM/bin/../lib/gcc/arm-elf/4.1.1/../../../../arm-elf/lib/interwork/libc.a(strlen.o)
 .glue_7        0x000092ac        0x0 /cygdrive/c/Embedded/GNUARM/bin/../lib/gcc/arm-elf/4.1.1/../../../../arm-elf/lib/interwork/libc.a(strncpy.o)
 .glue_7        0x000092ac        0x0 /cygdrive/c/Embedded/GNUARM/bin/../lib/gcc/arm-elf/4.1.1/../../../../arm-elf/lib/interwork/libc.a(strtol.o)
 .glue_7        0x000092ac        0x0 /cygdrive/c/Embedded/GNUARM/bin/../lib/gcc/arm-elf/4.1.1/../../../../arm-elf/lib/interwork/libc.a(ctype_.o)
 .glue_7        0x000092ac       0x18 /cygdrive/c/Embedded/GNUARM/bin/../lib/gcc/arm-elf/4.1.1/../../../../arm-elf/lib/interwork/libc.a(impure.o)
                0x000092b8                __osISRExit_from_arm
                0x000092ac                __osTick_from_arm
 *(.glue_7t)
 .glue_7t       0x000092c4        0x0 main.o
 .glue_7t       0x000092c4        0x0 eeprom.o
 .glue_7t       0x000092c4        0x0 i2c.o
 .glue_7t       0x000092c4        0x0 uart.o
 .glue_7t       0x000092c4        0x0 testLedMatrix.o
 .glue_7t       0x000092c4        0x0 testLcd.o
 .glue_7t       0x000092c4        0x0 testMMC.o
 .glue_7t       0x000092c4        0x0 testMotor.o
 .glue_7t       0x000092c4        0x0 testRGB.o
 .glue_7t       0x000092c4        0x0 testI2C.o
 .glue_7t       0x000092c4        0x0 testAdc.o
 .glue_7t       0x000092c4        0x0 testXBee.o
 .glue_7t       0x000092c4        0x0 startupSound.o
 .glue_7t       0x000092c4        0x0 irq/irq_code.a(irq_timer1.o)
 .glue_7t       0x000092c4        0x0 irq/irq_code.a(irqUart.o)
 .glue_7t       0x000092c4        0x0 ./startup/libea_startup_thumb.a(consol.o)
 .glue_7t       0x000092c4        0x0 ./startup/libea_startup_thumb.a(framework.o)
 .glue_7t       0x000092c4        0x0 ./startup/libea_startup_thumb.a(startup.o)
 .glue_7t       0x000092c4        0x0 ./pre_emptive_os/pre_emptive_os.a(kernel.o)
 .glue_7t       0x000092c4        0x0 ./pre_emptive_os/pre_emptive_os.a(prioqueue.o)
 .glue_7t       0x000092c4        0x0 ./pre_emptive_os/pre_emptive_os.a(timer.o)
 .glue_7t       0x000092c4        0x0 ./pre_emptive_os/pre_emptive_os.a(stack_usage.o)
 .glue_7t       0x000092c4        0x0 ./pre_emptive_os/pre_emptive_os.a(a7hal.o)
 .glue_7t       0x000092c4        0x0 ./pre_emptive_os/pre_emptive_os.a(a7hal_a.o)
 .glue_7t       0x000092c4        0x0 ./pre_emptive_os/pre_emptive_os.a(count_sem.o)
 .glue_7t       0x000092c4        0x0 ./pre_emptive_os/pre_emptive_os.a(event.o)
 .glue_7t       0x000092c4        0x0 usb/libusb.a(LPC_USB.o)
 .glue_7t       0x000092c4        0x0 usb/libusb.a(LPC_HID.o)
 .glue_7t       0x000092c4        0x0 ./filesys/filesys.a(efs.o)
 .glue_7t       0x000092c4        0x0 ./filesys/filesys.a(file.o)
 .glue_7t       0x000092c4        0x0 ./filesys/filesys.a(fs.o)
 .glue_7t       0x000092c4        0x0 ./filesys/filesys.a(ioman.o)
 .glue_7t       0x000092c4        0x0 ./filesys/filesys.a(libc.o)
 .glue_7t       0x000092c4        0x0 ./filesys/filesys.a(ls.o)
 .glue_7t       0x000092c4        0x0 ./filesys/filesys.a(partition.o)
 .glue_7t       0x000092c4        0x0 ./filesys/filesys.a(time.o)
 .glue_7t       0x000092c4        0x0 ./filesys/filesys.a(extract.o)
 .glue_7t       0x000092c4        0x0 ./filesys/filesys.a(dir.o)
 .glue_7t       0x000092c4        0x0 ./filesys/filesys.a(disc.o)
 .glue_7t       0x000092c4        0x0 ./filesys/filesys.a(fat.o)
 .glue_7t       0x000092c4        0x0 ./mmc/mmc.a(hwinterface.o)
 .glue_7t       0x000092c4        0x0 ./mmc/mmc.a(sd.o)
 .glue_7t       0x000092c4        0x0 /cygdrive/c/Embedded/GNUARM/bin/../lib/gcc/arm-elf/4.1.1/interwork/libgcc.a(_udivsi3.o)
 .glue_7t       0x000092c4        0x0 /cygdrive/c/Embedded/GNUARM/bin/../lib/gcc/arm-elf/4.1.1/interwork/libgcc.a(_divsi3.o)
 .glue_7t       0x000092c4        0x0 /cygdrive/c/Embedded/GNUARM/bin/../lib/gcc/arm-elf/4.1.1/interwork/libgcc.a(_umodsi3.o)
 .glue_7t       0x000092c4        0x0 /cygdrive/c/Embedded/GNUARM/bin/../lib/gcc/arm-elf/4.1.1/interwork/libgcc.a(_modsi3.o)
 .glue_7t       0x000092c4        0x0 /cygdrive/c/Embedded/GNUARM/bin/../lib/gcc/arm-elf/4.1.1/interwork/libgcc.a(_dvmd_tls.o)
 .glue_7t       0x000092c4        0x0 /cygdrive/c/Embedded/GNUARM/bin/../lib/gcc/arm-elf/4.1.1/interwork/libgcc.a(_call_via_rX.o)
 .glue_7t       0x000092c4        0x0 /cygdrive/c/Embedded/GNUARM/bin/../lib/gcc/arm-elf/4.1.1/interwork/libgcc.a(_addsubsf3.o)
 .glue_7t       0x000092c4        0x0 /cygdrive/c/Embedded/GNUARM/bin/../lib/gcc/arm-elf/4.1.1/interwork/libgcc.a(_muldivsf3.o)
 .glue_7t       0x000092c4        0x0 /cygdrive/c/Embedded/GNUARM/bin/../lib/gcc/arm-elf/4.1.1/interwork/libgcc.a(_fixsfsi.o)
 .glue_7t       0x000092c4        0x0 /cygdrive/c/Embedded/GNUARM/bin/../lib/gcc/arm-elf/4.1.1/../../../../arm-elf/lib/interwork/libc.a(atoi.o)
 .glue_7t       0x000092c4        0x0 /cygdrive/c/Embedded/GNUARM/bin/../lib/gcc/arm-elf/4.1.1/../../../../arm-elf/lib/interwork/libc.a(memcpy.o)
 .glue_7t       0x000092c4        0x0 /cygdrive/c/Embedded/GNUARM/bin/../lib/gcc/arm-elf/4.1.1/../../../../arm-elf/lib/interwork/libc.a(strlen.o)
 .glue_7t       0x000092c4        0x0 /cygdrive/c/Embedded/GNUARM/bin/../lib/gcc/arm-elf/4.1.1/../../../../arm-elf/lib/interwork/libc.a(strncpy.o)
 .glue_7t       0x000092c4        0x0 /cygdrive/c/Embedded/GNUARM/bin/../lib/gcc/arm-elf/4.1.1/../../../../arm-elf/lib/interwork/libc.a(strtol.o)
 .glue_7t       0x000092c4        0x0 /cygdrive/c/Embedded/GNUARM/bin/../lib/gcc/arm-elf/4.1.1/../../../../arm-elf/lib/interwork/libc.a(ctype_.o)
 .glue_7t       0x000092c4      0x100 /cygdrive/c/Embedded/GNUARM/bin/../lib/gcc/arm-elf/4.1.1/../../../../arm-elf/lib/interwork/libc.a(impure.o)
                0x00009338                __file_fclose_change_to_arm
                0x00009360                ____modsi3_change_to_arm
                0x0000930c                ____divsf3_from_thumb
                0x00009378                __consolSendNumber_change_to_arm
                0x00009358                __ls_getNext_change_to_arm
                0x00009320                ____fixsfsi_change_to_arm
                0x00009374                __consolSendNumber_from_thumb
                0x0000934c                __strncpy_from_thumb
                0x00009384                __halRestoreInterrupts_oshal_from_thumb
                0x00009308                ____addsf3_change_to_arm
                0x0000931c                ____fixsfsi_from_thumb
                0x000092fc                ____floatsisf_from_thumb
                0x00009370                __strlen_change_to_arm
                0x000092f8                __restoreIrq_change_to_arm
                0x00009364                __memcpy_from_thumb
                0x00009394                __ctxSwitch_oshal_from_thumb
                0x00009390                __stkFrameInit_oshal_change_to_arm
                0x000093a8                __initTimer_oshal_change_to_arm
                0x00009344                __ls_openDir_from_thumb
                0x000093ac                __startHighProc_oshal_from_thumb
                0x0000935c                ____modsi3_from_thumb
                0x000093b8                ____udivsi3_change_to_arm
                0x000093b0                __startHighProc_oshal_change_to_arm
                0x0000939c                __ctxSwitchIsr_oshal_from_thumb
                0x000092f0                __disIrq_change_to_arm
                0x00009340                __efs_init_change_to_arm
                0x000092e4                __HID_SendReport_from_thumb
                0x00009310                ____divsf3_change_to_arm
                0x000092ec                __disIrq_from_thumb
                0x000092e8                __HID_SendReport_change_to_arm
                0x00009388                __halRestoreInterrupts_oshal_change_to_arm
                0x000092d0                __simplePrintf_change_to_arm
                0x000092e0                __HID_Init_change_to_arm
                0x000092dc                __HID_Init_from_thumb
                0x00009324                __file_fopen_from_thumb
                0x000093bc                ____divsi3_from_thumb
                0x00009318                ____mulsf3_change_to_arm
                0x0000933c                __efs_init_from_thumb
                0x00009330                __file_fread_change_to_arm
                0x000092d8                __USB_Init_change_to_arm
                0x00009398                __ctxSwitch_oshal_change_to_arm
                0x00009300                ____floatsisf_change_to_arm
                0x0000938c                __stkFrameInit_oshal_from_thumb
                0x000093b4                ____udivsi3_from_thumb
                0x000092c4                __eaInit_from_thumb
                0x000092d4                __USB_Init_from_thumb
                0x000092cc                __simplePrintf_from_thumb
                0x00009328                __file_fopen_change_to_arm
                0x000093a4                __initTimer_oshal_from_thumb
                0x000092c8                __eaInit_change_to_arm
                0x0000936c                __strlen_from_thumb
                0x000093a0                __ctxSwitchIsr_oshal_change_to_arm
                0x00009348                __ls_openDir_change_to_arm
                0x00009380                __halDisableInterrupts_oshal_change_to_arm
                0x00009314                ____mulsf3_from_thumb
                0x0000937c                __halDisableInterrupts_oshal_from_thumb
                0x00009304                ____addsf3_from_thumb
                0x00009334                __file_fclose_from_thumb
                0x00009354                __ls_getNext_from_thumb
                0x000092f4                __restoreIrq_from_thumb
                0x00009368                __memcpy_change_to_arm
                0x0000932c                __file_fread_from_thumb
                0x00009350                __strncpy_change_to_arm
                0x000093c0                ____divsi3_change_to_arm
                0x000093c4                . = ALIGN (0x4)

.rodata         0x000093c8    0x102d4
 *(.rodata)
 .rodata        0x000093c8       0x7f testLedMatrix.o
                0x000093c8                eaText
 *fill*         0x00009447        0x1 00
 .rodata        0x00009448       0x10 testMotor.o
 .rodata        0x00009458     0xf89e startupSound.o
                0x00009458                startupSound
 *fill*         0x00018cf6        0x2 00
 .rodata        0x00018cf8       0x10 ./startup/libea_startup_thumb.a(consol.o)
 .rodata        0x00018d08       0x10 usb/libusb.a(LPC_HID.o)
                0x00018d08                StrPoin
 .rodata        0x00018d18      0x101 /cygdrive/c/Embedded/GNUARM/bin/../lib/gcc/arm-elf/4.1.1/../../../../arm-elf/lib/interwork/libc.a(ctype_.o)
                0x00018d18                _ctype_
 *fill*         0x00018e19        0x3 00
 .rodata        0x00018e1c        0x4 /cygdrive/c/Embedded/GNUARM/bin/../lib/gcc/arm-elf/4.1.1/../../../../arm-elf/lib/interwork/libc.a(impure.o)
                0x00018e1c                _global_impure_ptr
 *(.rodata*)
 .rodata.str1.4
                0x00018e20      0x28e main.o
                                0x294 (size before relaxing)
 *fill*         0x000190ae        0x2 00
 .rodata.str1.4
                0x000190b0       0xdf testMMC.o
                                 0xe4 (size before relaxing)
 *fill*         0x0001918f        0x1 00
 .rodata.str1.4
                0x00019190      0x1d4 testI2C.o
                                0x24c (size before relaxing)
 .rodata.str1.4
                0x00019364       0xc2 testAdc.o
                                0x140 (size before relaxing)
 *fill*         0x00019426        0x2 00
 .rodata.str1.4
                0x00019428      0x16d testXBee.o
                                0x224 (size before relaxing)
 *fill*         0x00019595        0x3 00
 .rodata.str1.4
                0x00019598       0x18 ./startup/libea_startup_thumb.a(consol.o)
 .rodata.str1.4
                0x000195b0       0xd8 ./startup/libea_startup_thumb.a(framework.o)
 .rodata.str1.4
                0x00019688       0x10 usb/libusb.a(LPC_HID.o)
 .rodata.str1.4
                0x00019698        0x4 /cygdrive/c/Embedded/GNUARM/bin/../lib/gcc/arm-elf/4.1.1/../../../../arm-elf/lib/interwork/libc.a(impure.o)
                0x0001969c                . = ALIGN (0x4)
                0x0001969c                _etext = .
                0x0001969c                PROVIDE (etext, .)

.data           0x40000080      0x540 load address 0x0001969c
                0x40000080                _data = .
 *(.data)
 .data          0x40000080        0x0 main.o
 .data          0x40000080        0x0 eeprom.o
 .data          0x40000080        0x0 i2c.o
 .data          0x40000080        0x0 uart.o
 .data          0x40000080        0x0 testLedMatrix.o
 .data          0x40000080        0x0 testLcd.o
 .data          0x40000080        0xc testMMC.o
                0x40000084                titleOffset
                0x40000088                authorOffset
                0x40000080                id3TagSize
                0x40000081                readSize
 .data          0x4000008c        0x0 testMotor.o
 .data          0x4000008c        0x0 testRGB.o
 .data          0x4000008c        0x0 testI2C.o
 .data          0x4000008c        0x0 testAdc.o
 .data          0x4000008c        0x0 testXBee.o
 .data          0x4000008c        0x0 startupSound.o
 .data          0x4000008c        0x4 irq/irq_code.a(irq_timer1.o)
 .data          0x40000090        0x0 irq/irq_code.a(irqUart.o)
 .data          0x40000090        0x0 ./startup/libea_startup_thumb.a(consol.o)
 .data          0x40000090        0x0 ./startup/libea_startup_thumb.a(framework.o)
 .data          0x40000090        0x0 ./startup/libea_startup_thumb.a(startup.o)
 .data          0x40000090        0x0 ./pre_emptive_os/pre_emptive_os.a(kernel.o)
 .data          0x40000090        0x0 ./pre_emptive_os/pre_emptive_os.a(prioqueue.o)
 .data          0x40000090        0x0 ./pre_emptive_os/pre_emptive_os.a(timer.o)
 .data          0x40000090        0x0 ./pre_emptive_os/pre_emptive_os.a(stack_usage.o)
 .data          0x40000090        0x0 ./pre_emptive_os/pre_emptive_os.a(a7hal.o)
 .data          0x40000090        0x0 ./pre_emptive_os/pre_emptive_os.a(a7hal_a.o)
 .data          0x40000090        0x0 ./pre_emptive_os/pre_emptive_os.a(count_sem.o)
 .data          0x40000090        0x0 ./pre_emptive_os/pre_emptive_os.a(event.o)
 .data          0x40000090        0x0 usb/libusb.a(LPC_USB.o)
 .data          0x40000090      0x128 usb/libusb.a(LPC_HID.o)
                0x40000110                ManufacturerStr
                0x400000e0                cfgDescriptor
                0x40000090                mouseDescriptor
                0x40000150                ProductStr
                0x40000108                LanguagesStr
                0x400000c8                devDescriptor
 .data          0x400001b8        0x0 ./filesys/filesys.a(efs.o)
 .data          0x400001b8        0x0 ./filesys/filesys.a(file.o)
 .data          0x400001b8        0x0 ./filesys/filesys.a(fs.o)
 .data          0x400001b8        0x0 ./filesys/filesys.a(ioman.o)
 .data          0x400001b8        0x0 ./filesys/filesys.a(libc.o)
 .data          0x400001b8        0x0 ./filesys/filesys.a(ls.o)
 .data          0x400001b8        0x0 ./filesys/filesys.a(partition.o)
 .data          0x400001b8        0x0 ./filesys/filesys.a(time.o)
 .data          0x400001b8        0x0 ./filesys/filesys.a(extract.o)
 .data          0x400001b8        0x0 ./filesys/filesys.a(dir.o)
 .data          0x400001b8        0x0 ./filesys/filesys.a(disc.o)
 .data          0x400001b8        0x0 ./filesys/filesys.a(fat.o)
 .data          0x400001b8        0x0 ./mmc/mmc.a(hwinterface.o)
 .data          0x400001b8        0x0 ./mmc/mmc.a(sd.o)
 .data          0x400001b8        0x0 /cygdrive/c/Embedded/GNUARM/bin/../lib/gcc/arm-elf/4.1.1/interwork/libgcc.a(_udivsi3.o)
 .data          0x400001b8        0x0 /cygdrive/c/Embedded/GNUARM/bin/../lib/gcc/arm-elf/4.1.1/interwork/libgcc.a(_divsi3.o)
 .data          0x400001b8        0x0 /cygdrive/c/Embedded/GNUARM/bin/../lib/gcc/arm-elf/4.1.1/interwork/libgcc.a(_umodsi3.o)
 .data          0x400001b8        0x0 /cygdrive/c/Embedded/GNUARM/bin/../lib/gcc/arm-elf/4.1.1/interwork/libgcc.a(_modsi3.o)
 .data          0x400001b8        0x0 /cygdrive/c/Embedded/GNUARM/bin/../lib/gcc/arm-elf/4.1.1/interwork/libgcc.a(_dvmd_tls.o)
 .data          0x400001b8        0x0 /cygdrive/c/Embedded/GNUARM/bin/../lib/gcc/arm-elf/4.1.1/interwork/libgcc.a(_call_via_rX.o)
 .data          0x400001b8        0x0 /cygdrive/c/Embedded/GNUARM/bin/../lib/gcc/arm-elf/4.1.1/interwork/libgcc.a(_addsubsf3.o)
 .data          0x400001b8        0x0 /cygdrive/c/Embedded/GNUARM/bin/../lib/gcc/arm-elf/4.1.1/interwork/libgcc.a(_muldivsf3.o)
 .data          0x400001b8        0x0 /cygdrive/c/Embedded/GNUARM/bin/../lib/gcc/arm-elf/4.1.1/interwork/libgcc.a(_fixsfsi.o)
 .data          0x400001b8        0x0 /cygdrive/c/Embedded/GNUARM/bin/../lib/gcc/arm-elf/4.1.1/../../../../arm-elf/lib/interwork/libc.a(atoi.o)
 .data          0x400001b8        0x0 /cygdrive/c/Embedded/GNUARM/bin/../lib/gcc/arm-elf/4.1.1/../../../../arm-elf/lib/interwork/libc.a(memcpy.o)
 .data          0x400001b8        0x0 /cygdrive/c/Embedded/GNUARM/bin/../lib/gcc/arm-elf/4.1.1/../../../../arm-elf/lib/interwork/libc.a(strlen.o)
 .data          0x400001b8        0x0 /cygdrive/c/Embedded/GNUARM/bin/../lib/gcc/arm-elf/4.1.1/../../../../arm-elf/lib/interwork/libc.a(strncpy.o)
 .data          0x400001b8        0x0 /cygdrive/c/Embedded/GNUARM/bin/../lib/gcc/arm-elf/4.1.1/../../../../arm-elf/lib/interwork/libc.a(strtol.o)
 .data          0x400001b8        0x4 /cygdrive/c/Embedded/GNUARM/bin/../lib/gcc/arm-elf/4.1.1/../../../../arm-elf/lib/interwork/libc.a(ctype_.o)
                0x400001b8                __ctype_ptr
 .data          0x400001bc      0x404 /cygdrive/c/Embedded/GNUARM/bin/../lib/gcc/arm-elf/4.1.1/../../../../arm-elf/lib/interwork/libc.a(impure.o)
                0x400001bc                _impure_ptr
                0x400005c0                . = ALIGN (0x4)
                0x400005c0                _edata = .
                0x400005c0                PROVIDE (edata, .)

.bss            0x400005c0     0x2f94
                0x400005c0                _bss = .
                0x400005c0                __bss_start = .
                0x400005c0                __bss_start__ = .
 *(.bss)
 .bss           0x400005c0     0x1998 main.o
                0x400005c0                msClock
 .bss           0x40001f58        0x0 eeprom.o
 .bss           0x40001f58        0x0 i2c.o
 .bss           0x40001f58       0x14 uart.o
                0x40001f60                uart1TxRunning
                0x40001f58                uart1TxHead
                0x40001f5c                uart1TxTail
                0x40001f64                uart1RxHead
                0x40001f68                uart1RxTail
 .bss           0x40001f6c        0x8 testLedMatrix.o
                0x40001f6c                pattern
 .bss           0x40001f74        0x0 testLcd.o
 .bss           0x40001f74        0x0 testMMC.o
 .bss           0x40001f74        0x1 testMotor.o
 .bss           0x40001f75        0x0 testRGB.o
 .bss           0x40001f75        0x0 testI2C.o
 .bss           0x40001f75        0x0 testAdc.o
 .bss           0x40001f75        0x0 testXBee.o
 .bss           0x40001f75        0x0 startupSound.o
 .bss           0x40001f75        0x1 irq/irq_code.a(irq_timer1.o)
 .bss           0x40001f76        0x0 irq/irq_code.a(irqUart.o)
 .bss           0x40001f76        0x0 ./startup/libea_startup_thumb.a(consol.o)
 .bss           0x40001f76        0x0 ./startup/libea_startup_thumb.a(framework.o)
 .bss           0x40001f76        0x0 ./startup/libea_startup_thumb.a(startup.o)
 *fill*         0x40001f76        0x2 00
 .bss           0x40001f78       0x2c ./pre_emptive_os/pre_emptive_os.a(kernel.o)
                0x40001f78                osLockNesting
                0x40001f7c                pNxtToRun
                0x40001f80                pRunProc
                0x40001f79                isrNesting
 .bss           0x40001fa4        0x0 ./pre_emptive_os/pre_emptive_os.a(prioqueue.o)
 .bss           0x40001fa4      0x348 ./pre_emptive_os/pre_emptive_os.a(timer.o)
 .bss           0x400022ec        0x0 ./pre_emptive_os/pre_emptive_os.a(stack_usage.o)
 .bss           0x400022ec        0x0 ./pre_emptive_os/pre_emptive_os.a(a7hal.o)
 .bss           0x400022ec        0x0 ./pre_emptive_os/pre_emptive_os.a(a7hal_a.o)
 .bss           0x400022ec        0x0 ./pre_emptive_os/pre_emptive_os.a(count_sem.o)
 .bss           0x400022ec        0x0 ./pre_emptive_os/pre_emptive_os.a(event.o)
 .bss           0x400022ec        0x0 usb/libusb.a(LPC_USB.o)
 *fill*         0x400022ec        0x4 00
 .bss           0x400022f0       0x10 usb/libusb.a(LPC_HID.o)
 .bss           0x40002300        0x0 ./filesys/filesys.a(efs.o)
 .bss           0x40002300        0x0 ./filesys/filesys.a(file.o)
 .bss           0x40002300        0x0 ./filesys/filesys.a(fs.o)
 .bss           0x40002300        0x0 ./filesys/filesys.a(ioman.o)
 .bss           0x40002300        0x0 ./filesys/filesys.a(libc.o)
 .bss           0x40002300        0x0 ./filesys/filesys.a(ls.o)
 .bss           0x40002300        0x0 ./filesys/filesys.a(partition.o)
 .bss           0x40002300        0x0 ./filesys/filesys.a(time.o)
 .bss           0x40002300        0x0 ./filesys/filesys.a(extract.o)
 .bss           0x40002300        0x0 ./filesys/filesys.a(dir.o)
 .bss           0x40002300        0x0 ./filesys/filesys.a(disc.o)
 .bss           0x40002300        0x0 ./filesys/filesys.a(fat.o)
 .bss           0x40002300        0x0 ./mmc/mmc.a(hwinterface.o)
 .bss           0x40002300        0x0 ./mmc/mmc.a(sd.o)
 .bss           0x40002300        0x0 /cygdrive/c/Embedded/GNUARM/bin/../lib/gcc/arm-elf/4.1.1/interwork/libgcc.a(_udivsi3.o)
 .bss           0x40002300        0x0 /cygdrive/c/Embedded/GNUARM/bin/../lib/gcc/arm-elf/4.1.1/interwork/libgcc.a(_divsi3.o)
 .bss           0x40002300        0x0 /cygdrive/c/Embedded/GNUARM/bin/../lib/gcc/arm-elf/4.1.1/interwork/libgcc.a(_umodsi3.o)
 .bss           0x40002300        0x0 /cygdrive/c/Embedded/GNUARM/bin/../lib/gcc/arm-elf/4.1.1/interwork/libgcc.a(_modsi3.o)
 .bss           0x40002300        0x0 /cygdrive/c/Embedded/GNUARM/bin/../lib/gcc/arm-elf/4.1.1/interwork/libgcc.a(_dvmd_tls.o)
 .bss           0x40002300        0x0 /cygdrive/c/Embedded/GNUARM/bin/../lib/gcc/arm-elf/4.1.1/interwork/libgcc.a(_call_via_rX.o)
 .bss           0x40002300        0x0 /cygdrive/c/Embedded/GNUARM/bin/../lib/gcc/arm-elf/4.1.1/interwork/libgcc.a(_addsubsf3.o)
 .bss           0x40002300        0x0 /cygdrive/c/Embedded/GNUARM/bin/../lib/gcc/arm-elf/4.1.1/interwork/libgcc.a(_muldivsf3.o)
 .bss           0x40002300        0x0 /cygdrive/c/Embedded/GNUARM/bin/../lib/gcc/arm-elf/4.1.1/interwork/libgcc.a(_fixsfsi.o)
 .bss           0x40002300        0x0 /cygdrive/c/Embedded/GNUARM/bin/../lib/gcc/arm-elf/4.1.1/../../../../arm-elf/lib/interwork/libc.a(atoi.o)
 .bss           0x40002300        0x0 /cygdrive/c/Embedded/GNUARM/bin/../lib/gcc/arm-elf/4.1.1/../../../../arm-elf/lib/interwork/libc.a(memcpy.o)
 .bss           0x40002300        0x0 /cygdrive/c/Embedded/GNUARM/bin/../lib/gcc/arm-elf/4.1.1/../../../../arm-elf/lib/interwork/libc.a(strlen.o)
 .bss           0x40002300        0x0 /cygdrive/c/Embedded/GNUARM/bin/../lib/gcc/arm-elf/4.1.1/../../../../arm-elf/lib/interwork/libc.a(strncpy.o)
 .bss           0x40002300        0x0 /cygdrive/c/Embedded/GNUARM/bin/../lib/gcc/arm-elf/4.1.1/../../../../arm-elf/lib/interwork/libc.a(strtol.o)
 .bss           0x40002300        0x0 /cygdrive/c/Embedded/GNUARM/bin/../lib/gcc/arm-elf/4.1.1/../../../../arm-elf/lib/interwork/libc.a(ctype_.o)
 .bss           0x40002300        0x0 /cygdrive/c/Embedded/GNUARM/bin/../lib/gcc/arm-elf/4.1.1/../../../../arm-elf/lib/interwork/libc.a(impure.o)
 *(COMMON)
 COMMON         0x40002300       0x2e main.o
                0x40002300                rewindBackward
                0x40002301                xbeePresent
                0x40002304                isError
                0x40002308                currentVolume
                0x40002309                changeLeft
                0x4000230c                fileName
                0x40002310                volumeDown
                0x40002311                changeRight
                0x40002314                error
                0x40002318                rewindForward
                0x4000231c                currentSongInfo
                0x4000232c                volumeUp
                0x4000232d                mmcInitialized
 COMMON         0x4000232e       0x80 uart.o
                0x4000232e                uart1RxBuf
                0x4000236e                uart1TxBuf
 *fill*         0x400023ae        0x2 00
 COMMON         0x400023b0     0x109c testMMC.o
                0x400023b0                list
                0x400023e4                fileSize
                0x400023e8                efs
                0x400026ac                myName
                0x400026ca                file_name
                0x400026d8                file
                0x40002728                files
                0x40003428                myAuthor
                0x40003448                size
 COMMON         0x4000344c        0x8 ./startup/libea_startup_thumb.a(framework.o)
                0x4000344c                pHeapEnd
                0x40003450                pHeapStart
 COMMON         0x40003454       0xf0 ./pre_emptive_os/pre_emptive_os.a(kernel.o)
                0x40003454                processControlBlocks
 COMMON         0x40003544        0x4 usb/libusb.a(LPC_USB.o)
                0x40003544                IntrCallback
 COMMON         0x40003548        0x9 usb/libusb.a(LPC_HID.o)
                0x40003548                currentConfiguration
                0x40003550                currentAddress
                0x40003554                . = ALIGN (0x4)
 *fill*         0x40003551        0x3 00
                0x40003554                . = ALIGN (0x4)
                0x40003554                __bss_end = .
                0x40003554                __bss_end__ = .
                0x40003554                _end = .
                0x40003554                PROVIDE (end, .)

.stab           0x00000000      0x600
 *(.stab)
 .stab          0x00000000      0x3c0 ./startup/libea_startup_thumb.a(startup.o)
 .stab          0x000003c0      0x240 ./pre_emptive_os/pre_emptive_os.a(a7hal_a.o)
                                0x24c (size before relaxing)

.stabstr        0x00000000       0x99
 *(.stabstr)
 .stabstr       0x00000000       0x99 ./startup/libea_startup_thumb.a(startup.o)

.stab.excl
 *(.stab.excl)

.stab.exclstr
 *(.stab.exclstr)

.stab.index
 *(.stab.index)

.stab.indexstr
 *(.stab.indexstr)

.comment        0x00000000      0x34e
 *(.comment)
 .comment       0x00000000       0x12 main.o
 .comment       0x00000012       0x12 eeprom.o
 .comment       0x00000024       0x12 i2c.o
 .comment       0x00000036       0x12 uart.o
 .comment       0x00000048       0x12 testLedMatrix.o
 .comment       0x0000005a       0x12 testLcd.o
 .comment       0x0000006c       0x12 testMMC.o
 .comment       0x0000007e       0x12 testMotor.o
 .comment       0x00000090       0x12 testRGB.o
 .comment       0x000000a2       0x12 testI2C.o
 .comment       0x000000b4       0x12 testAdc.o
 .comment       0x000000c6       0x12 testXBee.o
 .comment       0x000000d8       0x12 startupSound.o
 .comment       0x000000ea       0x12 irq/irq_code.a(irq_timer1.o)
 .comment       0x000000fc       0x12 irq/irq_code.a(irqUart.o)
 .comment       0x0000010e       0x12 ./startup/libea_startup_thumb.a(consol.o)
 .comment       0x00000120       0x12 ./startup/libea_startup_thumb.a(framework.o)
 .comment       0x00000132       0x12 ./pre_emptive_os/pre_emptive_os.a(kernel.o)
 .comment       0x00000144       0x12 ./pre_emptive_os/pre_emptive_os.a(prioqueue.o)
 .comment       0x00000156       0x12 ./pre_emptive_os/pre_emptive_os.a(timer.o)
 .comment       0x00000168       0x12 ./pre_emptive_os/pre_emptive_os.a(stack_usage.o)
 .comment       0x0000017a       0x12 ./pre_emptive_os/pre_emptive_os.a(a7hal.o)
 .comment       0x0000018c       0x12 ./pre_emptive_os/pre_emptive_os.a(count_sem.o)
 .comment       0x0000019e       0x12 ./pre_emptive_os/pre_emptive_os.a(event.o)
 .comment       0x000001b0       0x12 usb/libusb.a(LPC_USB.o)
 .comment       0x000001c2       0x12 usb/libusb.a(LPC_HID.o)
 .comment       0x000001d4       0x12 ./filesys/filesys.a(efs.o)
 .comment       0x000001e6       0x12 ./filesys/filesys.a(file.o)
 .comment       0x000001f8       0x12 ./filesys/filesys.a(fs.o)
 .comment       0x0000020a       0x12 ./filesys/filesys.a(ioman.o)
 .comment       0x0000021c       0x12 ./filesys/filesys.a(libc.o)
 .comment       0x0000022e       0x12 ./filesys/filesys.a(ls.o)
 .comment       0x00000240       0x12 ./filesys/filesys.a(partition.o)
 .comment       0x00000252       0x12 ./filesys/filesys.a(time.o)
 .comment       0x00000264       0x12 ./filesys/filesys.a(extract.o)
 .comment       0x00000276       0x12 ./filesys/filesys.a(dir.o)
 .comment       0x00000288       0x12 ./filesys/filesys.a(disc.o)
 .comment       0x0000029a       0x12 ./filesys/filesys.a(fat.o)
 .comment       0x000002ac       0x12 ./mmc/mmc.a(hwinterface.o)
 .comment       0x000002be       0x12 ./mmc/mmc.a(sd.o)
 .comment       0x000002d0       0x12 /cygdrive/c/Embedded/GNUARM/bin/../lib/gcc/arm-elf/4.1.1/../../../../arm-elf/lib/interwork/libc.a(atoi.o)
 .comment       0x000002e2       0x12 /cygdrive/c/Embedded/GNUARM/bin/../lib/gcc/arm-elf/4.1.1/../../../../arm-elf/lib/interwork/libc.a(memcpy.o)
 .comment       0x000002f4       0x12 /cygdrive/c/Embedded/GNUARM/bin/../lib/gcc/arm-elf/4.1.1/../../../../arm-elf/lib/interwork/libc.a(strlen.o)
 .comment       0x00000306       0x12 /cygdrive/c/Embedded/GNUARM/bin/../lib/gcc/arm-elf/4.1.1/../../../../arm-elf/lib/interwork/libc.a(strncpy.o)
 .comment       0x00000318       0x12 /cygdrive/c/Embedded/GNUARM/bin/../lib/gcc/arm-elf/4.1.1/../../../../arm-elf/lib/interwork/libc.a(strtol.o)
 .comment       0x0000032a       0x12 /cygdrive/c/Embedded/GNUARM/bin/../lib/gcc/arm-elf/4.1.1/../../../../arm-elf/lib/interwork/libc.a(ctype_.o)
 .comment       0x0000033c       0x12 /cygdrive/c/Embedded/GNUARM/bin/../lib/gcc/arm-elf/4.1.1/../../../../arm-elf/lib/interwork/libc.a(impure.o)

.debug
 *(.debug)

.line
 *(.line)

.debug_srcinfo
 *(.debug_srcinfo)

.debug_sfnames
 *(.debug_sfnames)

.debug_aranges  0x00000000      0x6a0
 *(.debug_aranges)
 .debug_aranges
                0x00000000       0x20 main.o
 .debug_aranges
                0x00000020       0x20 eeprom.o
 .debug_aranges
                0x00000040       0x20 i2c.o
 .debug_aranges
                0x00000060       0x20 uart.o
 .debug_aranges
                0x00000080       0x20 testLedMatrix.o
 .debug_aranges
                0x000000a0       0x20 testLcd.o
 .debug_aranges
                0x000000c0       0x20 testMMC.o
 .debug_aranges
                0x000000e0       0x20 testMotor.o
 .debug_aranges
                0x00000100       0x20 testRGB.o
 .debug_aranges
                0x00000120       0x20 testI2C.o
 .debug_aranges
                0x00000140       0x20 testAdc.o
 .debug_aranges
                0x00000160       0x20 testXBee.o
 .debug_aranges
                0x00000180       0x20 irq/irq_code.a(irq_timer1.o)
 .debug_aranges
                0x000001a0       0x20 irq/irq_code.a(irqUart.o)
 .debug_aranges
                0x000001c0       0x20 ./startup/libea_startup_thumb.a(consol.o)
 .debug_aranges
                0x000001e0       0x20 ./startup/libea_startup_thumb.a(framework.o)
 .debug_aranges
                0x00000200       0x20 ./pre_emptive_os/pre_emptive_os.a(kernel.o)
 .debug_aranges
                0x00000220       0x20 ./pre_emptive_os/pre_emptive_os.a(prioqueue.o)
 .debug_aranges
                0x00000240       0x20 ./pre_emptive_os/pre_emptive_os.a(timer.o)
 .debug_aranges
                0x00000260       0x20 ./pre_emptive_os/pre_emptive_os.a(stack_usage.o)
 .debug_aranges
                0x00000280       0x20 ./pre_emptive_os/pre_emptive_os.a(a7hal.o)
 .debug_aranges
                0x000002a0       0x20 ./pre_emptive_os/pre_emptive_os.a(count_sem.o)
 .debug_aranges
                0x000002c0       0x20 ./pre_emptive_os/pre_emptive_os.a(event.o)
 .debug_aranges
                0x000002e0       0x20 usb/libusb.a(LPC_USB.o)
 .debug_aranges
                0x00000300       0x20 usb/libusb.a(LPC_HID.o)
 .debug_aranges
                0x00000320       0x20 ./filesys/filesys.a(efs.o)
 .debug_aranges
                0x00000340       0x20 ./filesys/filesys.a(file.o)
 .debug_aranges
                0x00000360       0x20 ./filesys/filesys.a(fs.o)
 .debug_aranges
                0x00000380       0x20 ./filesys/filesys.a(ioman.o)
 .debug_aranges
                0x000003a0       0x20 ./filesys/filesys.a(libc.o)
 .debug_aranges
                0x000003c0       0x20 ./filesys/filesys.a(ls.o)
 .debug_aranges
                0x000003e0       0x20 ./filesys/filesys.a(partition.o)
 .debug_aranges
                0x00000400       0x20 ./filesys/filesys.a(time.o)
 .debug_aranges
                0x00000420       0x20 ./filesys/filesys.a(extract.o)
 .debug_aranges
                0x00000440       0x20 ./filesys/filesys.a(dir.o)
 .debug_aranges
                0x00000460       0x20 ./filesys/filesys.a(disc.o)
 .debug_aranges
                0x00000480       0x20 ./filesys/filesys.a(fat.o)
 .debug_aranges
                0x000004a0       0x20 ./mmc/mmc.a(hwinterface.o)
 .debug_aranges
                0x000004c0       0x20 ./mmc/mmc.a(sd.o)
 .debug_aranges
                0x000004e0       0x20 /cygdrive/c/Embedded/GNUARM/bin/../lib/gcc/arm-elf/4.1.1/interwork/libgcc.a(_udivsi3.o)
 .debug_aranges
                0x00000500       0x20 /cygdrive/c/Embedded/GNUARM/bin/../lib/gcc/arm-elf/4.1.1/interwork/libgcc.a(_divsi3.o)
 .debug_aranges
                0x00000520       0x20 /cygdrive/c/Embedded/GNUARM/bin/../lib/gcc/arm-elf/4.1.1/interwork/libgcc.a(_umodsi3.o)
 .debug_aranges
                0x00000540       0x20 /cygdrive/c/Embedded/GNUARM/bin/../lib/gcc/arm-elf/4.1.1/interwork/libgcc.a(_modsi3.o)
 .debug_aranges
                0x00000560       0x20 /cygdrive/c/Embedded/GNUARM/bin/../lib/gcc/arm-elf/4.1.1/interwork/libgcc.a(_dvmd_tls.o)
 .debug_aranges
                0x00000580       0x20 /cygdrive/c/Embedded/GNUARM/bin/../lib/gcc/arm-elf/4.1.1/interwork/libgcc.a(_call_via_rX.o)
 .debug_aranges
                0x000005a0       0x20 /cygdrive/c/Embedded/GNUARM/bin/../lib/gcc/arm-elf/4.1.1/interwork/libgcc.a(_addsubsf3.o)
 .debug_aranges
                0x000005c0       0x20 /cygdrive/c/Embedded/GNUARM/bin/../lib/gcc/arm-elf/4.1.1/interwork/libgcc.a(_muldivsf3.o)
 .debug_aranges
                0x000005e0       0x20 /cygdrive/c/Embedded/GNUARM/bin/../lib/gcc/arm-elf/4.1.1/interwork/libgcc.a(_fixsfsi.o)
 .debug_aranges
                0x00000600       0x20 /cygdrive/c/Embedded/GNUARM/bin/../lib/gcc/arm-elf/4.1.1/../../../../arm-elf/lib/interwork/libc.a(atoi.o)
 .debug_aranges
                0x00000620       0x20 /cygdrive/c/Embedded/GNUARM/bin/../lib/gcc/arm-elf/4.1.1/../../../../arm-elf/lib/interwork/libc.a(memcpy.o)
 .debug_aranges
                0x00000640       0x20 /cygdrive/c/Embedded/GNUARM/bin/../lib/gcc/arm-elf/4.1.1/../../../../arm-elf/lib/interwork/libc.a(strlen.o)
 .debug_aranges
                0x00000660       0x20 /cygdrive/c/Embedded/GNUARM/bin/../lib/gcc/arm-elf/4.1.1/../../../../arm-elf/lib/interwork/libc.a(strncpy.o)
 .debug_aranges
                0x00000680       0x20 /cygdrive/c/Embedded/GNUARM/bin/../lib/gcc/arm-elf/4.1.1/../../../../arm-elf/lib/interwork/libc.a(strtol.o)

.debug_pubnames
                0x00000000     0x1c18
 *(.debug_pubnames)
 .debug_pubnames
                0x00000000      0x118 main.o
 .debug_pubnames
                0x00000118       0x65 eeprom.o
 .debug_pubnames
                0x0000017d       0xcc i2c.o
 .debug_pubnames
                0x00000249       0xfa uart.o
 .debug_pubnames
                0x00000343       0x3b testLedMatrix.o
 .debug_pubnames
                0x0000037e       0x60 testLcd.o
 .debug_pubnames
                0x000003de      0x1a8 testMMC.o
 .debug_pubnames
                0x00000586       0x20 testMotor.o
 .debug_pubnames
                0x000005a6       0x1e testRGB.o
 .debug_pubnames
                0x000005c4       0x2d testI2C.o
 .debug_pubnames
                0x000005f1       0x1e testAdc.o
 .debug_pubnames
                0x0000060f       0x1f testXBee.o
 .debug_pubnames
                0x0000062e       0x23 startupSound.o
 .debug_pubnames
                0x00000651       0x2d irq/irq_code.a(irq_timer1.o)
 .debug_pubnames
                0x0000067e       0x39 irq/irq_code.a(irqUart.o)
 .debug_pubnames
                0x000006b7       0xda ./startup/libea_startup_thumb.a(consol.o)
 .debug_pubnames
                0x00000791       0x63 ./startup/libea_startup_thumb.a(framework.o)
 .debug_pubnames
                0x000007f4      0x17f ./pre_emptive_os/pre_emptive_os.a(kernel.o)
 .debug_pubnames
                0x00000973       0x76 ./pre_emptive_os/pre_emptive_os.a(prioqueue.o)
 .debug_pubnames
                0x000009e9       0x55 ./pre_emptive_os/pre_emptive_os.a(timer.o)
 .debug_pubnames
                0x00000a3e       0x4e ./pre_emptive_os/pre_emptive_os.a(stack_usage.o)
 .debug_pubnames
                0x00000a8c       0xc1 ./pre_emptive_os/pre_emptive_os.a(a7hal.o)
 .debug_pubnames
                0x00000b4d       0x4d ./pre_emptive_os/pre_emptive_os.a(count_sem.o)
 .debug_pubnames
                0x00000b9a       0x63 ./pre_emptive_os/pre_emptive_os.a(event.o)
 .debug_pubnames
                0x00000bfd       0xe4 usb/libusb.a(LPC_USB.o)
 .debug_pubnames
                0x00000ce1      0x162 usb/libusb.a(LPC_HID.o)
 .debug_pubnames
                0x00000e43       0x1f ./filesys/filesys.a(efs.o)
 .debug_pubnames
                0x00000e62       0xf9 ./filesys/filesys.a(file.o)
 .debug_pubnames
                0x00000f5b      0x205 ./filesys/filesys.a(fs.o)
 .debug_pubnames
                0x00001160      0x2cd ./filesys/filesys.a(ioman.o)
 .debug_pubnames
                0x0000142d       0x40 ./filesys/filesys.a(libc.o)
 .debug_pubnames
                0x0000146d       0xa9 ./filesys/filesys.a(ls.o)
 .debug_pubnames
                0x00001516       0xdd ./filesys/filesys.a(partition.o)
 .debug_pubnames
                0x000015f3       0x48 ./filesys/filesys.a(time.o)
 .debug_pubnames
                0x0000163b       0x7c ./filesys/filesys.a(extract.o)
 .debug_pubnames
                0x000016b7      0x158 ./filesys/filesys.a(dir.o)
 .debug_pubnames
                0x0000180f       0x35 ./filesys/filesys.a(disc.o)
 .debug_pubnames
                0x00001844      0x19b ./filesys/filesys.a(fat.o)
 .debug_pubnames
                0x000019df       0x85 ./mmc/mmc.a(hwinterface.o)
 .debug_pubnames
                0x00001a64       0xa3 ./mmc/mmc.a(sd.o)
 .debug_pubnames
                0x00001b07       0x27 /cygdrive/c/Embedded/GNUARM/bin/../lib/gcc/arm-elf/4.1.1/../../../../arm-elf/lib/interwork/libc.a(atoi.o)
 .debug_pubnames
                0x00001b2e       0x1d /cygdrive/c/Embedded/GNUARM/bin/../lib/gcc/arm-elf/4.1.1/../../../../arm-elf/lib/interwork/libc.a(memcpy.o)
 .debug_pubnames
                0x00001b4b       0x1d /cygdrive/c/Embedded/GNUARM/bin/../lib/gcc/arm-elf/4.1.1/../../../../arm-elf/lib/interwork/libc.a(strlen.o)
 .debug_pubnames
                0x00001b68       0x1e /cygdrive/c/Embedded/GNUARM/bin/../lib/gcc/arm-elf/4.1.1/../../../../arm-elf/lib/interwork/libc.a(strncpy.o)
 .debug_pubnames
                0x00001b86       0x2b /cygdrive/c/Embedded/GNUARM/bin/../lib/gcc/arm-elf/4.1.1/../../../../arm-elf/lib/interwork/libc.a(strtol.o)
 .debug_pubnames
                0x00001bb1       0x2e /cygdrive/c/Embedded/GNUARM/bin/../lib/gcc/arm-elf/4.1.1/../../../../arm-elf/lib/interwork/libc.a(ctype_.o)
 .debug_pubnames
                0x00001bdf       0x39 /cygdrive/c/Embedded/GNUARM/bin/../lib/gcc/arm-elf/4.1.1/../../../../arm-elf/lib/interwork/libc.a(impure.o)

.debug_info     0x00000000     0xcc31
 *(.debug_info .gnu.linkonce.wi.*)
 .debug_info    0x00000000      0x43b main.o
 .debug_info    0x0000043b      0x28a eeprom.o
 .debug_info    0x000006c5      0x465 i2c.o
 .debug_info    0x00000b2a      0x2ae uart.o
 .debug_info    0x00000dd8      0x10d testLedMatrix.o
 .debug_info    0x00000ee5      0x2f0 testLcd.o
 .debug_info    0x000011d5      0xc0b testMMC.o
 .debug_info    0x00001de0       0xcb testMotor.o
 .debug_info    0x00001eab       0xd0 testRGB.o
 .debug_info    0x00001f7b      0x192 testI2C.o
 .debug_info    0x0000210d      0x15e testAdc.o
 .debug_info    0x0000226b       0xd3 testXBee.o
 .debug_info    0x0000233e       0x5c startupSound.o
 .debug_info    0x0000239a       0xf8 irq/irq_code.a(irq_timer1.o)
 .debug_info    0x00002492      0x197 irq/irq_code.a(irqUart.o)
 .debug_info    0x00002629      0x584 ./startup/libea_startup_thumb.a(consol.o)
 .debug_info    0x00002bad      0x1e5 ./startup/libea_startup_thumb.a(framework.o)
 .debug_info    0x00002d92      0x5fe ./pre_emptive_os/pre_emptive_os.a(kernel.o)
 .debug_info    0x00003390      0x2e8 ./pre_emptive_os/pre_emptive_os.a(prioqueue.o)
 .debug_info    0x00003678      0x4b8 ./pre_emptive_os/pre_emptive_os.a(timer.o)
 .debug_info    0x00003b30      0x2cf ./pre_emptive_os/pre_emptive_os.a(stack_usage.o)
 .debug_info    0x00003dff      0x189 ./pre_emptive_os/pre_emptive_os.a(a7hal.o)
 .debug_info    0x00003f88      0x32b ./pre_emptive_os/pre_emptive_os.a(count_sem.o)
 .debug_info    0x000042b3      0x2ee ./pre_emptive_os/pre_emptive_os.a(event.o)
 .debug_info    0x000045a1      0x411 usb/libusb.a(LPC_USB.o)
 .debug_info    0x000049b2      0x3e3 usb/libusb.a(LPC_HID.o)
 .debug_info    0x00004d95      0x4f9 ./filesys/filesys.a(efs.o)
 .debug_info    0x0000528e      0xc03 ./filesys/filesys.a(file.o)
 .debug_info    0x00005e91      0xc66 ./filesys/filesys.a(fs.o)
 .debug_info    0x00006af7      0xbe8 ./filesys/filesys.a(ioman.o)
 .debug_info    0x000076df      0x167 ./filesys/filesys.a(libc.o)
 .debug_info    0x00007846      0x75b ./filesys/filesys.a(ls.o)
 .debug_info    0x00007fa1      0x5be ./filesys/filesys.a(partition.o)
 .debug_info    0x0000855f       0x79 ./filesys/filesys.a(time.o)
 .debug_info    0x000085d8      0x279 ./filesys/filesys.a(extract.o)
 .debug_info    0x00008851      0xb59 ./filesys/filesys.a(dir.o)
 .debug_info    0x000093aa      0x32c ./filesys/filesys.a(disc.o)
 .debug_info    0x000096d6      0xaca ./filesys/filesys.a(fat.o)
 .debug_info    0x0000a1a0      0x2e4 ./mmc/mmc.a(hwinterface.o)
 .debug_info    0x0000a484      0x410 ./mmc/mmc.a(sd.o)
 .debug_info    0x0000a894       0x68 /cygdrive/c/Embedded/GNUARM/bin/../lib/gcc/arm-elf/4.1.1/interwork/libgcc.a(_udivsi3.o)
 .debug_info    0x0000a8fc       0x68 /cygdrive/c/Embedded/GNUARM/bin/../lib/gcc/arm-elf/4.1.1/interwork/libgcc.a(_divsi3.o)
 .debug_info    0x0000a964       0x68 /cygdrive/c/Embedded/GNUARM/bin/../lib/gcc/arm-elf/4.1.1/interwork/libgcc.a(_umodsi3.o)
 .debug_info    0x0000a9cc       0x68 /cygdrive/c/Embedded/GNUARM/bin/../lib/gcc/arm-elf/4.1.1/interwork/libgcc.a(_modsi3.o)
 .debug_info    0x0000aa34       0x68 /cygdrive/c/Embedded/GNUARM/bin/../lib/gcc/arm-elf/4.1.1/interwork/libgcc.a(_dvmd_tls.o)
 .debug_info    0x0000aa9c       0x68 /cygdrive/c/Embedded/GNUARM/bin/../lib/gcc/arm-elf/4.1.1/interwork/libgcc.a(_call_via_rX.o)
 .debug_info    0x0000ab04       0x67 /cygdrive/c/Embedded/GNUARM/bin/../lib/gcc/arm-elf/4.1.1/interwork/libgcc.a(_addsubsf3.o)
 .debug_info    0x0000ab6b       0x67 /cygdrive/c/Embedded/GNUARM/bin/../lib/gcc/arm-elf/4.1.1/interwork/libgcc.a(_muldivsf3.o)
 .debug_info    0x0000abd2       0x67 /cygdrive/c/Embedded/GNUARM/bin/../lib/gcc/arm-elf/4.1.1/interwork/libgcc.a(_fixsfsi.o)
 .debug_info    0x0000ac39      0x949 /cygdrive/c/Embedded/GNUARM/bin/../lib/gcc/arm-elf/4.1.1/../../../../arm-elf/lib/interwork/libc.a(atoi.o)
 .debug_info    0x0000b582      0x10a /cygdrive/c/Embedded/GNUARM/bin/../lib/gcc/arm-elf/4.1.1/../../../../arm-elf/lib/interwork/libc.a(memcpy.o)
 .debug_info    0x0000b68c       0xd4 /cygdrive/c/Embedded/GNUARM/bin/../lib/gcc/arm-elf/4.1.1/../../../../arm-elf/lib/interwork/libc.a(strlen.o)
 .debug_info    0x0000b760      0x127 /cygdrive/c/Embedded/GNUARM/bin/../lib/gcc/arm-elf/4.1.1/../../../../arm-elf/lib/interwork/libc.a(strncpy.o)
 .debug_info    0x0000b887      0xa0f /cygdrive/c/Embedded/GNUARM/bin/../lib/gcc/arm-elf/4.1.1/../../../../arm-elf/lib/interwork/libc.a(strtol.o)
 .debug_info    0x0000c296       0x79 /cygdrive/c/Embedded/GNUARM/bin/../lib/gcc/arm-elf/4.1.1/../../../../arm-elf/lib/interwork/libc.a(ctype_.o)
 .debug_info    0x0000c30f      0x922 /cygdrive/c/Embedded/GNUARM/bin/../lib/gcc/arm-elf/4.1.1/../../../../arm-elf/lib/interwork/libc.a(impure.o)

.debug_abbrev   0x00000000     0x3b13
 *(.debug_abbrev)
 .debug_abbrev  0x00000000      0x1a2 main.o
 .debug_abbrev  0x000001a2      0x117 eeprom.o
 .debug_abbrev  0x000002b9      0x1ac i2c.o
 .debug_abbrev  0x00000465       0xed uart.o
 .debug_abbrev  0x00000552       0xc8 testLedMatrix.o
 .debug_abbrev  0x0000061a      0x1c2 testLcd.o
 .debug_abbrev  0x000007dc      0x19b testMMC.o
 .debug_abbrev  0x00000977       0x92 testMotor.o
 .debug_abbrev  0x00000a09       0x8a testRGB.o
 .debug_abbrev  0x00000a93       0xd0 testI2C.o
 .debug_abbrev  0x00000b63      0x112 testAdc.o
 .debug_abbrev  0x00000c75       0x9c testXBee.o
 .debug_abbrev  0x00000d11       0x49 startupSound.o
 .debug_abbrev  0x00000d5a       0xb3 irq/irq_code.a(irq_timer1.o)
 .debug_abbrev  0x00000e0d       0xf4 irq/irq_code.a(irqUart.o)
 .debug_abbrev  0x00000f01      0x2a4 ./startup/libea_startup_thumb.a(consol.o)
 .debug_abbrev  0x000011a5       0xd0 ./startup/libea_startup_thumb.a(framework.o)
 .debug_abbrev  0x00001275      0x1b8 ./pre_emptive_os/pre_emptive_os.a(kernel.o)
 .debug_abbrev  0x0000142d      0x11e ./pre_emptive_os/pre_emptive_os.a(prioqueue.o)
 .debug_abbrev  0x0000154b      0x154 ./pre_emptive_os/pre_emptive_os.a(timer.o)
 .debug_abbrev  0x0000169f      0x170 ./pre_emptive_os/pre_emptive_os.a(stack_usage.o)
 .debug_abbrev  0x0000180f       0xf2 ./pre_emptive_os/pre_emptive_os.a(a7hal.o)
 .debug_abbrev  0x00001901      0x101 ./pre_emptive_os/pre_emptive_os.a(count_sem.o)
 .debug_abbrev  0x00001a02      0x103 ./pre_emptive_os/pre_emptive_os.a(event.o)
 .debug_abbrev  0x00001b05      0x1db usb/libusb.a(LPC_USB.o)
 .debug_abbrev  0x00001ce0      0x197 usb/libusb.a(LPC_HID.o)
 .debug_abbrev  0x00001e77       0xe8 ./filesys/filesys.a(efs.o)
 .debug_abbrev  0x00001f5f      0x26d ./filesys/filesys.a(file.o)
 .debug_abbrev  0x000021cc      0x2d2 ./filesys/filesys.a(fs.o)
 .debug_abbrev  0x0000249e      0x276 ./filesys/filesys.a(ioman.o)
 .debug_abbrev  0x00002714       0xb2 ./filesys/filesys.a(libc.o)
 .debug_abbrev  0x000027c6      0x11e ./filesys/filesys.a(ls.o)
 .debug_abbrev  0x000028e4      0x16c ./filesys/filesys.a(partition.o)
 .debug_abbrev  0x00002a50       0x36 ./filesys/filesys.a(time.o)
 .debug_abbrev  0x00002a86       0xfd ./filesys/filesys.a(extract.o)
 .debug_abbrev  0x00002b83      0x1c2 ./filesys/filesys.a(dir.o)
 .debug_abbrev  0x00002d45       0xe1 ./filesys/filesys.a(disc.o)
 .debug_abbrev  0x00002e26      0x247 ./filesys/filesys.a(fat.o)
 .debug_abbrev  0x0000306d      0x170 ./mmc/mmc.a(hwinterface.o)
 .debug_abbrev  0x000031dd      0x1e8 ./mmc/mmc.a(sd.o)
 .debug_abbrev  0x000033c5       0x14 /cygdrive/c/Embedded/GNUARM/bin/../lib/gcc/arm-elf/4.1.1/interwork/libgcc.a(_udivsi3.o)
 .debug_abbrev  0x000033d9       0x14 /cygdrive/c/Embedded/GNUARM/bin/../lib/gcc/arm-elf/4.1.1/interwork/libgcc.a(_divsi3.o)
 .debug_abbrev  0x000033ed       0x14 /cygdrive/c/Embedded/GNUARM/bin/../lib/gcc/arm-elf/4.1.1/interwork/libgcc.a(_umodsi3.o)
 .debug_abbrev  0x00003401       0x14 /cygdrive/c/Embedded/GNUARM/bin/../lib/gcc/arm-elf/4.1.1/interwork/libgcc.a(_modsi3.o)
 .debug_abbrev  0x00003415       0x14 /cygdrive/c/Embedded/GNUARM/bin/../lib/gcc/arm-elf/4.1.1/interwork/libgcc.a(_dvmd_tls.o)
 .debug_abbrev  0x00003429       0x14 /cygdrive/c/Embedded/GNUARM/bin/../lib/gcc/arm-elf/4.1.1/interwork/libgcc.a(_call_via_rX.o)
 .debug_abbrev  0x0000343d       0x14 /cygdrive/c/Embedded/GNUARM/bin/../lib/gcc/arm-elf/4.1.1/interwork/libgcc.a(_addsubsf3.o)
 .debug_abbrev  0x00003451       0x14 /cygdrive/c/Embedded/GNUARM/bin/../lib/gcc/arm-elf/4.1.1/interwork/libgcc.a(_muldivsf3.o)
 .debug_abbrev  0x00003465       0x14 /cygdrive/c/Embedded/GNUARM/bin/../lib/gcc/arm-elf/4.1.1/interwork/libgcc.a(_fixsfsi.o)
 .debug_abbrev  0x00003479      0x176 /cygdrive/c/Embedded/GNUARM/bin/../lib/gcc/arm-elf/4.1.1/../../../../arm-elf/lib/interwork/libc.a(atoi.o)
 .debug_abbrev  0x000035ef       0xa6 /cygdrive/c/Embedded/GNUARM/bin/../lib/gcc/arm-elf/4.1.1/../../../../arm-elf/lib/interwork/libc.a(memcpy.o)
 .debug_abbrev  0x00003695       0x8b /cygdrive/c/Embedded/GNUARM/bin/../lib/gcc/arm-elf/4.1.1/../../../../arm-elf/lib/interwork/libc.a(strlen.o)
 .debug_abbrev  0x00003720       0x8d /cygdrive/c/Embedded/GNUARM/bin/../lib/gcc/arm-elf/4.1.1/../../../../arm-elf/lib/interwork/libc.a(strncpy.o)
 .debug_abbrev  0x000037ad      0x1bd /cygdrive/c/Embedded/GNUARM/bin/../lib/gcc/arm-elf/4.1.1/../../../../arm-elf/lib/interwork/libc.a(strtol.o)
 .debug_abbrev  0x0000396a       0x52 /cygdrive/c/Embedded/GNUARM/bin/../lib/gcc/arm-elf/4.1.1/../../../../arm-elf/lib/interwork/libc.a(ctype_.o)
 .debug_abbrev  0x000039bc      0x157 /cygdrive/c/Embedded/GNUARM/bin/../lib/gcc/arm-elf/4.1.1/../../../../arm-elf/lib/interwork/libc.a(impure.o)

.debug_line     0x00000000     0x318c
 *(.debug_line)
 .debug_line    0x00000000       0xf9 main.o
 .debug_line    0x000000f9       0xef eeprom.o
 .debug_line    0x000001e8      0x123 i2c.o
 .debug_line    0x0000030b       0xde uart.o
 .debug_line    0x000003e9       0x9a testLedMatrix.o
 .debug_line    0x00000483       0xf6 testLcd.o
 .debug_line    0x00000579      0x18b testMMC.o
 .debug_line    0x00000704       0x8a testMotor.o
 .debug_line    0x0000078e       0xa1 testRGB.o
 .debug_line    0x0000082f       0xd7 testI2C.o
 .debug_line    0x00000906       0xdf testAdc.o
 .debug_line    0x000009e5       0xa5 testXBee.o
 .debug_line    0x00000a8a       0x2f startupSound.o
 .debug_line    0x00000ab9       0x7c irq/irq_code.a(irq_timer1.o)
 .debug_line    0x00000b35       0x93 irq/irq_code.a(irqUart.o)
 .debug_line    0x00000bc8      0x193 ./startup/libea_startup_thumb.a(consol.o)
 .debug_line    0x00000d5b       0xba ./startup/libea_startup_thumb.a(framework.o)
 .debug_line    0x00000e15      0x176 ./pre_emptive_os/pre_emptive_os.a(kernel.o)
 .debug_line    0x00000f8b       0xbb ./pre_emptive_os/pre_emptive_os.a(prioqueue.o)
 .debug_line    0x00001046      0x109 ./pre_emptive_os/pre_emptive_os.a(timer.o)
 .debug_line    0x0000114f       0x97 ./pre_emptive_os/pre_emptive_os.a(stack_usage.o)
 .debug_line    0x000011e6       0x8c ./pre_emptive_os/pre_emptive_os.a(a7hal.o)
 .debug_line    0x00001272       0xd9 ./pre_emptive_os/pre_emptive_os.a(count_sem.o)
 .debug_line    0x0000134b       0xaf ./pre_emptive_os/pre_emptive_os.a(event.o)
 .debug_line    0x000013fa       0xea usb/libusb.a(LPC_USB.o)
 .debug_line    0x000014e4      0x125 usb/libusb.a(LPC_HID.o)
 .debug_line    0x00001609       0xb0 ./filesys/filesys.a(efs.o)
 .debug_line    0x000016b9      0x219 ./filesys/filesys.a(file.o)
 .debug_line    0x000018d2      0x205 ./filesys/filesys.a(fs.o)
 .debug_line    0x00001ad7      0x2ca ./filesys/filesys.a(ioman.o)
 .debug_line    0x00001da1       0x52 ./filesys/filesys.a(libc.o)
 .debug_line    0x00001df3       0xdd ./filesys/filesys.a(ls.o)
 .debug_line    0x00001ed0       0xcd ./filesys/filesys.a(partition.o)
 .debug_line    0x00001f9d       0x3f ./filesys/filesys.a(time.o)
 .debug_line    0x00001fdc       0x80 ./filesys/filesys.a(extract.o)
 .debug_line    0x0000205c      0x16a ./filesys/filesys.a(dir.o)
 .debug_line    0x000021c6       0x7b ./filesys/filesys.a(disc.o)
 .debug_line    0x00002241      0x234 ./filesys/filesys.a(fat.o)
 .debug_line    0x00002475       0xb1 ./mmc/mmc.a(hwinterface.o)
 .debug_line    0x00002526      0x110 ./mmc/mmc.a(sd.o)
 .debug_line    0x00002636       0x84 /cygdrive/c/Embedded/GNUARM/bin/../lib/gcc/arm-elf/4.1.1/interwork/libgcc.a(_udivsi3.o)
 .debug_line    0x000026ba       0x90 /cygdrive/c/Embedded/GNUARM/bin/../lib/gcc/arm-elf/4.1.1/interwork/libgcc.a(_divsi3.o)
 .debug_line    0x0000274a       0x6e /cygdrive/c/Embedded/GNUARM/bin/../lib/gcc/arm-elf/4.1.1/interwork/libgcc.a(_umodsi3.o)
 .debug_line    0x000027b8       0x74 /cygdrive/c/Embedded/GNUARM/bin/../lib/gcc/arm-elf/4.1.1/interwork/libgcc.a(_modsi3.o)
 .debug_line    0x0000282c       0x5d /cygdrive/c/Embedded/GNUARM/bin/../lib/gcc/arm-elf/4.1.1/interwork/libgcc.a(_dvmd_tls.o)
 .debug_line    0x00002889       0x6b /cygdrive/c/Embedded/GNUARM/bin/../lib/gcc/arm-elf/4.1.1/interwork/libgcc.a(_call_via_rX.o)
 .debug_line    0x000028f4      0x113 /cygdrive/c/Embedded/GNUARM/bin/../lib/gcc/arm-elf/4.1.1/interwork/libgcc.a(_addsubsf3.o)
 .debug_line    0x00002a07      0x11d /cygdrive/c/Embedded/GNUARM/bin/../lib/gcc/arm-elf/4.1.1/interwork/libgcc.a(_muldivsf3.o)
 .debug_line    0x00002b24       0x72 /cygdrive/c/Embedded/GNUARM/bin/../lib/gcc/arm-elf/4.1.1/interwork/libgcc.a(_fixsfsi.o)
 .debug_line    0x00002b96       0xf9 /cygdrive/c/Embedded/GNUARM/bin/../lib/gcc/arm-elf/4.1.1/../../../../arm-elf/lib/interwork/libc.a(atoi.o)
 .debug_line    0x00002c8f       0xc8 /cygdrive/c/Embedded/GNUARM/bin/../lib/gcc/arm-elf/4.1.1/../../../../arm-elf/lib/interwork/libc.a(memcpy.o)
 .debug_line    0x00002d57       0xaf /cygdrive/c/Embedded/GNUARM/bin/../lib/gcc/arm-elf/4.1.1/../../../../arm-elf/lib/interwork/libc.a(strlen.o)
 .debug_line    0x00002e06       0xd5 /cygdrive/c/Embedded/GNUARM/bin/../lib/gcc/arm-elf/4.1.1/../../../../arm-elf/lib/interwork/libc.a(strncpy.o)
 .debug_line    0x00002edb      0x173 /cygdrive/c/Embedded/GNUARM/bin/../lib/gcc/arm-elf/4.1.1/../../../../arm-elf/lib/interwork/libc.a(strtol.o)
 .debug_line    0x0000304e       0x5b /cygdrive/c/Embedded/GNUARM/bin/../lib/gcc/arm-elf/4.1.1/../../../../arm-elf/lib/interwork/libc.a(ctype_.o)
 .debug_line    0x000030a9       0xe3 /cygdrive/c/Embedded/GNUARM/bin/../lib/gcc/arm-elf/4.1.1/../../../../arm-elf/lib/interwork/libc.a(impure.o)

.debug_frame    0x00000000     0x2070
 *(.debug_frame)
 .debug_frame   0x00000000       0xb8 main.o
 .debug_frame   0x000000b8       0xa4 eeprom.o
 .debug_frame   0x0000015c      0x108 i2c.o
 .debug_frame   0x00000264       0xc4 uart.o
 .debug_frame   0x00000328       0x28 testLedMatrix.o
 .debug_frame   0x00000350       0xa8 testLcd.o
 .debug_frame   0x000003f8       0xbc testMMC.o
 .debug_frame   0x000004b4       0x28 testMotor.o
 .debug_frame   0x000004dc       0x2c testRGB.o
 .debug_frame   0x00000508       0x50 testI2C.o
 .debug_frame   0x00000558       0x48 testAdc.o
 .debug_frame   0x000005a0       0x30 testXBee.o
 .debug_frame   0x000005d0       0x3c irq/irq_code.a(irq_timer1.o)
 .debug_frame   0x0000060c       0x44 irq/irq_code.a(irqUart.o)
 .debug_frame   0x00000650      0x150 ./startup/libea_startup_thumb.a(consol.o)
 .debug_frame   0x000007a0       0xe0 ./startup/libea_startup_thumb.a(framework.o)
 .debug_frame   0x00000880      0x1e8 ./pre_emptive_os/pre_emptive_os.a(kernel.o)
 .debug_frame   0x00000a68       0x8c ./pre_emptive_os/pre_emptive_os.a(prioqueue.o)
 .debug_frame   0x00000af4       0xb8 ./pre_emptive_os/pre_emptive_os.a(timer.o)
 .debug_frame   0x00000bac       0x58 ./pre_emptive_os/pre_emptive_os.a(stack_usage.o)
 .debug_frame   0x00000c04       0xa0 ./pre_emptive_os/pre_emptive_os.a(a7hal.o)
 .debug_frame   0x00000ca4       0x84 ./pre_emptive_os/pre_emptive_os.a(count_sem.o)
 .debug_frame   0x00000d28       0x94 ./pre_emptive_os/pre_emptive_os.a(event.o)
 .debug_frame   0x00000dbc       0xec usb/libusb.a(LPC_USB.o)
 .debug_frame   0x00000ea8       0xd8 usb/libusb.a(LPC_HID.o)
 .debug_frame   0x00000f80       0x30 ./filesys/filesys.a(efs.o)
 .debug_frame   0x00000fb0      0x16c ./filesys/filesys.a(file.o)
 .debug_frame   0x0000111c      0x23c ./filesys/filesys.a(fs.o)
 .debug_frame   0x00001358      0x340 ./filesys/filesys.a(ioman.o)
 .debug_frame   0x00001698       0x64 ./filesys/filesys.a(libc.o)
 .debug_frame   0x000016fc       0xc8 ./filesys/filesys.a(ls.o)
 .debug_frame   0x000017c4       0xf4 ./filesys/filesys.a(partition.o)
 .debug_frame   0x000018b8       0x40 ./filesys/filesys.a(time.o)
 .debug_frame   0x000018f8       0x84 ./filesys/filesys.a(extract.o)
 .debug_frame   0x0000197c      0x1c0 ./filesys/filesys.a(dir.o)
 .debug_frame   0x00001b3c       0x40 ./filesys/filesys.a(disc.o)
 .debug_frame   0x00001b7c      0x19c ./filesys/filesys.a(fat.o)
 .debug_frame   0x00001d18       0x9c ./mmc/mmc.a(hwinterface.o)
 .debug_frame   0x00001db4      0x108 ./mmc/mmc.a(sd.o)
 .debug_frame   0x00001ebc       0x2c /cygdrive/c/Embedded/GNUARM/bin/../lib/gcc/arm-elf/4.1.1/interwork/libgcc.a(_udivsi3.o)
 .debug_frame   0x00001ee8       0x2c /cygdrive/c/Embedded/GNUARM/bin/../lib/gcc/arm-elf/4.1.1/interwork/libgcc.a(_divsi3.o)
 .debug_frame   0x00001f14       0x2c /cygdrive/c/Embedded/GNUARM/bin/../lib/gcc/arm-elf/4.1.1/interwork/libgcc.a(_umodsi3.o)
 .debug_frame   0x00001f40       0x2c /cygdrive/c/Embedded/GNUARM/bin/../lib/gcc/arm-elf/4.1.1/interwork/libgcc.a(_modsi3.o)
 .debug_frame   0x00001f6c       0x40 /cygdrive/c/Embedded/GNUARM/bin/../lib/gcc/arm-elf/4.1.1/../../../../arm-elf/lib/interwork/libc.a(atoi.o)
 .debug_frame   0x00001fac       0x28 /cygdrive/c/Embedded/GNUARM/bin/../lib/gcc/arm-elf/4.1.1/../../../../arm-elf/lib/interwork/libc.a(memcpy.o)
 .debug_frame   0x00001fd4       0x20 /cygdrive/c/Embedded/GNUARM/bin/../lib/gcc/arm-elf/4.1.1/../../../../arm-elf/lib/interwork/libc.a(strlen.o)
 .debug_frame   0x00001ff4       0x2c /cygdrive/c/Embedded/GNUARM/bin/../lib/gcc/arm-elf/4.1.1/../../../../arm-elf/lib/interwork/libc.a(strncpy.o)
 .debug_frame   0x00002020       0x50 /cygdrive/c/Embedded/GNUARM/bin/../lib/gcc/arm-elf/4.1.1/../../../../arm-elf/lib/interwork/libc.a(strtol.o)

.debug_str      0x00000000     0x2d57
 *(.debug_str)
 .debug_str     0x00000000      0x1ec main.o
                                0x233 (size before relaxing)
 .debug_str     0x000001ec       0xb8 eeprom.o
                                0x10d (size before relaxing)
 .debug_str     0x000002a4       0x90 i2c.o
                                0x141 (size before relaxing)
 .debug_str     0x00000334      0x136 uart.o
                                0x1b2 (size before relaxing)
 .debug_str     0x0000046a       0x40 testLedMatrix.o
                                 0xd3 (size before relaxing)
 .debug_str     0x000004aa       0x83 testLcd.o
                                0x1a8 (size before relaxing)
 .debug_str     0x0000052d      0x441 testMMC.o
                                0x6cd (size before relaxing)
 .debug_str     0x0000096e       0x34 testMotor.o
                                 0xbf (size before relaxing)
 .debug_str     0x000009a2       0x31 testRGB.o
                                 0xc8 (size before relaxing)
 .debug_str     0x000009d3       0x67 testI2C.o
                                0x12a (size before relaxing)
 .debug_str     0x00000a3a       0x4b testAdc.o
                                 0xef (size before relaxing)
 .debug_str     0x00000a85       0x26 testXBee.o
                                 0xcf (size before relaxing)
 .debug_str     0x00000aab        0xf startupSound.o
                                 0x63 (size before relaxing)
 .debug_str     0x00000aba       0x7b irq/irq_code.a(irq_timer1.o)
                                 0xea (size before relaxing)
 .debug_str     0x00000b35       0x52 irq/irq_code.a(irqUart.o)
                                0x149 (size before relaxing)
 .debug_str     0x00000b87      0x187 ./startup/libea_startup_thumb.a(consol.o)
                                0x24e (size before relaxing)
 .debug_str     0x00000d0e       0xdd ./startup/libea_startup_thumb.a(framework.o)
                                0x14a (size before relaxing)
 .debug_str     0x00000deb      0x2e0 ./pre_emptive_os/pre_emptive_os.a(kernel.o)
                                0x35e (size before relaxing)
 .debug_str     0x000010cb       0x7d ./pre_emptive_os/pre_emptive_os.a(prioqueue.o)
                                0x246 (size before relaxing)
 .debug_str     0x00001148      0x109 ./pre_emptive_os/pre_emptive_os.a(timer.o)
                                0x2f7 (size before relaxing)
 .debug_str     0x00001251       0x70 ./pre_emptive_os/pre_emptive_os.a(stack_usage.o)
                                0x22b (size before relaxing)
 .debug_str     0x000012c1      0x158 ./pre_emptive_os/pre_emptive_os.a(a7hal.o)
                                0x1dd (size before relaxing)
 .debug_str     0x00001419       0x49 ./pre_emptive_os/pre_emptive_os.a(count_sem.o)
                                0x25b (size before relaxing)
 .debug_str     0x00001462       0x51 ./pre_emptive_os/pre_emptive_os.a(event.o)
                                0x265 (size before relaxing)
 .debug_str     0x000014b3      0x310 usb/libusb.a(LPC_USB.o)
                                0x38c (size before relaxing)
 .debug_str     0x000017c3      0x18a usb/libusb.a(LPC_HID.o)
                                0x24a (size before relaxing)
 .debug_str     0x0000194d       0x4f ./filesys/filesys.a(efs.o)
                                0x328 (size before relaxing)
 .debug_str     0x0000199c      0x14f ./filesys/filesys.a(file.o)
                                0x587 (size before relaxing)
 .debug_str     0x00001aeb      0x215 ./filesys/filesys.a(fs.o)
                                0x631 (size before relaxing)
 .debug_str     0x00001d00      0x278 ./filesys/filesys.a(ioman.o)
                                0x3bb (size before relaxing)
 .debug_str     0x00001f78       0x3a ./filesys/filesys.a(libc.o)
                                 0xc3 (size before relaxing)
 .debug_str     0x00001fb2       0x8e ./filesys/filesys.a(ls.o)
                                0x435 (size before relaxing)
 .debug_str     0x00002040       0xc5 ./filesys/filesys.a(partition.o)
                                0x276 (size before relaxing)
 .debug_str     0x00002105       0x5d ./filesys/filesys.a(time.o)
                                 0x8a (size before relaxing)
 .debug_str     0x00002162       0x6c ./filesys/filesys.a(extract.o)
                                0x161 (size before relaxing)
 .debug_str     0x000021ce      0x16e ./filesys/filesys.a(dir.o)
                                0x598 (size before relaxing)
 .debug_str     0x0000233c       0x22 ./filesys/filesys.a(disc.o)
                                0x1a7 (size before relaxing)
 .debug_str     0x0000235e      0x1bf ./filesys/filesys.a(fat.o)
                                0x521 (size before relaxing)
 .debug_str     0x0000251d       0xb7 ./mmc/mmc.a(hwinterface.o)
                                0x168 (size before relaxing)
 .debug_str     0x000025d4       0xc9 ./mmc/mmc.a(sd.o)
                                0x19a (size before relaxing)
 .debug_str     0x0000269d      0x3f0 /cygdrive/c/Embedded/GNUARM/bin/../lib/gcc/arm-elf/4.1.1/../../../../arm-elf/lib/interwork/libc.a(atoi.o)
                                0x49e (size before relaxing)
 .debug_str     0x00002a8d       0xaa /cygdrive/c/Embedded/GNUARM/bin/../lib/gcc/arm-elf/4.1.1/../../../../arm-elf/lib/interwork/libc.a(memcpy.o)
                                 0xd6 (size before relaxing)
 .debug_str     0x00002b37       0x56 /cygdrive/c/Embedded/GNUARM/bin/../lib/gcc/arm-elf/4.1.1/../../../../arm-elf/lib/interwork/libc.a(strlen.o)
                                0x11f (size before relaxing)
 .debug_str     0x00002b8d       0x45 /cygdrive/c/Embedded/GNUARM/bin/../lib/gcc/arm-elf/4.1.1/../../../../arm-elf/lib/interwork/libc.a(strncpy.o)
                                0x136 (size before relaxing)
 .debug_str     0x00002bd2       0x78 /cygdrive/c/Embedded/GNUARM/bin/../lib/gcc/arm-elf/4.1.1/../../../../arm-elf/lib/interwork/libc.a(strtol.o)
                                0x4e0 (size before relaxing)
 .debug_str     0x00002c4a       0x7b /cygdrive/c/Embedded/GNUARM/bin/../lib/gcc/arm-elf/4.1.1/../../../../arm-elf/lib/interwork/libc.a(ctype_.o)
                                 0xaa (size before relaxing)
 .debug_str     0x00002cc5       0x92 /cygdrive/c/Embedded/GNUARM/bin/../lib/gcc/arm-elf/4.1.1/../../../../arm-elf/lib/interwork/libc.a(impure.o)
                                0x4bc (size before relaxing)

.debug_loc      0x00000000     0x64f4
 *(.debug_loc)
 .debug_loc     0x00000000      0x13c main.o
 .debug_loc     0x0000013c      0x33d eeprom.o
 .debug_loc     0x00000479      0x406 i2c.o
 .debug_loc     0x0000087f      0x213 uart.o
 .debug_loc     0x00000a92       0x48 testLedMatrix.o
 .debug_loc     0x00000ada      0x1a3 testLcd.o
 .debug_loc     0x00000c7d      0x2d5 testMMC.o
 .debug_loc     0x00000f52       0x32 testMotor.o
 .debug_loc     0x00000f84       0xad testRGB.o
 .debug_loc     0x00001031       0xa5 testI2C.o
 .debug_loc     0x000010d6       0xad testAdc.o
 .debug_loc     0x00001183       0x51 testXBee.o
 .debug_loc     0x000011d4       0x1f irq/irq_code.a(irq_timer1.o)
 .debug_loc     0x000011f3       0x55 irq/irq_code.a(irqUart.o)
 .debug_loc     0x00001248      0x5ee ./startup/libea_startup_thumb.a(consol.o)
 .debug_loc     0x00001836      0x1b2 ./startup/libea_startup_thumb.a(framework.o)
 .debug_loc     0x000019e8      0x296 usb/libusb.a(LPC_USB.o)
 .debug_loc     0x00001c7e      0x19d usb/libusb.a(LPC_HID.o)
 .debug_loc     0x00001e1b       0x8f ./filesys/filesys.a(efs.o)
 .debug_loc     0x00001eaa      0x7ed ./filesys/filesys.a(file.o)