ARM GAS  /cygdrive/c/DOCUME~1/mkwapisz/LOCALS~1/Temp/ccBIAVg5.s 			page 1


   1              		.code	16
   2              		.file	"myTimer.c"
   3              		.text
   4              		.align	2
   5              		.global	setupPLL
   6              		.code 16
   7              		.thumb_func
   8              		.type	setupPLL, %function
   9              	setupPLL:
  10 0000 034B     		ldr	r3, .L3
  11 0002 0122     		mov	r2, #1
  12 0004 1A60     		str	r2, [r3]
  13 0006 2422     		mov	r2, #36
  14 0008 0433     		add	r3, r3, #4
  15              		@ lr needed for prologue
  16 000a 1A60     		str	r2, [r3]
  17              		@ sp needed for prologue
  18 000c 7047     		bx	lr
  19              	.L4:
  20 000e 0000     		.align	2
  21              	.L3:
  22 0010 80C01FE0 		.word	-534790016
  23              		.size	setupPLL, .-setupPLL
  24              		.align	2
  25              		.global	connectPLL
  26              		.code 16
  27              		.thumb_func
  28              		.type	connectPLL, %function
  29              	connectPLL:
  30              		@ lr needed for prologue
  31              	.L7:
  32 0014 044B     		ldr	r3, .L12
  33 0016 1A68     		ldr	r2, [r3]
  34 0018 A023     		mov	r3, #160
  35 001a DB00     		lsl	r3, r3, #3
  36 001c 1A42     		tst	r2, r3
  37 001e F9D0     		beq	.L7
  38 0020 024B     		ldr	r3, .L12+4
  39 0022 0322     		mov	r2, #3
  40 0024 1A60     		str	r2, [r3]
  41              		@ sp needed for prologue
  42 0026 7047     		bx	lr
  43              	.L13:
  44              		.align	2
  45              	.L12:
  46 0028 88C01FE0 		.word	-534790008
  47 002c 80C01FE0 		.word	-534790016
  48              		.size	connectPLL, .-connectPLL
  49              		.align	2
  50              		.global	feedSeq
  51              		.code 16
  52              		.thumb_func
  53              		.type	feedSeq, %function
  54              	feedSeq:
  55 0030 024B     		ldr	r3, .L16
  56 0032 AA22     		mov	r2, #170
  57 0034 1A60     		str	r2, [r3]
ARM GAS  /cygdrive/c/DOCUME~1/mkwapisz/LOCALS~1/Temp/ccBIAVg5.s 			page 2


  58 0036 5522     		mov	r2, #85
  59              		@ lr needed for prologue
  60 0038 1A60     		str	r2, [r3]
  61              		@ sp needed for prologue
  62 003a 7047     		bx	lr
  63              	.L17:
  64              		.align	2
  65              	.L16:
  66 003c 8CC01FE0 		.word	-534790004
  67              		.size	feedSeq, .-feedSeq
  68              		.align	2
  69              		.global	initClocks
  70              		.code 16
  71              		.thumb_func
  72              		.type	initClocks, %function
  73              	initClocks:
  74 0040 0C4B     		ldr	r3, .L24
  75 0042 0122     		mov	r2, #1
  76 0044 1A60     		str	r2, [r3]
  77 0046 2422     		mov	r2, #36
  78 0048 0433     		add	r3, r3, #4
  79 004a 1A60     		str	r2, [r3]
  80 004c 0A4A     		ldr	r2, .L24+4
  81 004e AA23     		mov	r3, #170
  82 0050 1360     		str	r3, [r2]
  83 0052 5523     		mov	r3, #85
  84 0054 1360     		str	r3, [r2]
  85              		@ lr needed for prologue
  86              	.L19:
  87 0056 094B     		ldr	r3, .L24+8
  88 0058 1A68     		ldr	r2, [r3]
  89 005a A023     		mov	r3, #160
  90 005c DB00     		lsl	r3, r3, #3
  91 005e 1A42     		tst	r2, r3
  92 0060 F9D0     		beq	.L19
  93 0062 044B     		ldr	r3, .L24
  94 0064 0322     		mov	r2, #3
  95 0066 1A60     		str	r2, [r3]
  96 0068 034A     		ldr	r2, .L24+4
  97 006a AA23     		mov	r3, #170
  98 006c 1360     		str	r3, [r2]
  99 006e 5523     		mov	r3, #85
 100 0070 1360     		str	r3, [r2]
 101              		@ sp needed for prologue
 102 0072 7047     		bx	lr
 103              	.L25:
 104              		.align	2
 105              	.L24:
 106 0074 80C01FE0 		.word	-534790016
 107 0078 8CC01FE0 		.word	-534790004
 108 007c 88C01FE0 		.word	-534790008
 109              		.size	initClocks, .-initClocks
 110              		.align	2
 111              		.global	initTimer1
 112              		.code 16
 113              		.thumb_func
 114              		.type	initTimer1, %function
ARM GAS  /cygdrive/c/DOCUME~1/mkwapisz/LOCALS~1/Temp/ccBIAVg5.s 			page 3


 115              	initTimer1:
 116 0080 0C4B     		ldr	r3, .L28
 117 0082 0022     		mov	r2, #0
 118 0084 1A60     		str	r2, [r3]
 119 0086 0C4A     		ldr	r2, .L28+4
 120 0088 643B     		sub	r3, r3, #100
 121 008a 1A60     		str	r2, [r3]
 122 008c 0122     		mov	r2, #1
 123 008e 0C33     		add	r3, r3, #12
 124 0090 1A60     		str	r2, [r3]
 125 0092 0322     		mov	r2, #3
 126 0094 043B     		sub	r3, r3, #4
 127 0096 1A60     		str	r2, [r3]
 128 0098 084A     		ldr	r2, .L28+8
 129 009a 094B     		ldr	r3, .L28+12
 130 009c 1A60     		str	r2, [r3]
 131 009e 094B     		ldr	r3, .L28+16
 132 00a0 2522     		mov	r2, #37
 133 00a2 1A60     		str	r2, [r3]
 134 00a4 084B     		ldr	r3, .L28+20
 135 00a6 2022     		mov	r2, #32
 136 00a8 1A60     		str	r2, [r3]
 137 00aa 084B     		ldr	r3, .L28+24
 138 00ac 0222     		mov	r2, #2
 139              		@ lr needed for prologue
 140 00ae 1A60     		str	r2, [r3]
 141              		@ sp needed for prologue
 142 00b0 7047     		bx	lr
 143              	.L29:
 144 00b2 0000     		.align	2
 145              	.L28:
 146 00b4 708000E0 		.word	-536838032
 147 00b8 590A0000 		.word	2649
 148 00bc 00000000 		.word	T1ISR
 149 00c0 14F1FFFF 		.word	-3820
 150 00c4 14F2FFFF 		.word	-3564
 151 00c8 10F0FFFF 		.word	-4080
 152 00cc 048000E0 		.word	-536838140
 153              		.size	initTimer1, .-initTimer1
 154              		.align	2
 155              		.global	myTimerExec
 156              		.code 16
 157              		.thumb_func
 158              		.type	myTimerExec, %function
 159              	myTimerExec:
 160 00d0 00B5     		push	{lr}
 161 00d2 FFF7FEFF 		bl	initClocks
 162 00d6 FFF7FEFF 		bl	initTimer1
 163 00da 024B     		ldr	r3, .L32
 164 00dc 0122     		mov	r2, #1
 165 00de 1A60     		str	r2, [r3]
 166              		@ sp needed for prologue
 167 00e0 01BC     		pop	{r0}
 168 00e2 0047     		bx	r0
 169              	.L33:
 170              		.align	2
 171              	.L32:
ARM GAS  /cygdrive/c/DOCUME~1/mkwapisz/LOCALS~1/Temp/ccBIAVg5.s 			page 4


 172 00e4 048000E0 		.word	-536838140
 173              		.size	myTimerExec, .-myTimerExec
 174              		.align	2
 175              		.global	T1ISR
 176              		.code 16
 177              		.thumb_func
 178              		.type	T1ISR, %function
 179              	T1ISR:
 180 00e8 30B5     		push	{r4, r5, lr}
 181 00ea 054C     		ldr	r4, .L36
 182 00ec 2568     		ldr	r5, [r4]
 183 00ee FFF7FEFF 		bl	ISR
 184 00f2 044B     		ldr	r3, .L36+4
 185 00f4 0022     		mov	r2, #0
 186 00f6 2560     		str	r5, [r4]
 187              		@ sp needed for prologue
 188 00f8 1A60     		str	r2, [r3]
 189 00fa 30BC     		pop	{r4, r5}
 190 00fc 01BC     		pop	{r0}
 191 00fe 0047     		bx	r0
 192              	.L37:
 193              		.align	2
 194              	.L36:
 195 0100 008000E0 		.word	-536838144
 196 0104 30F0FFFF 		.word	-4048
 197              		.size	T1ISR, .-T1ISR
 198              		.comm	currentSongInfo,16,4
 199              		.ident	"GCC: (GNU) 4.1.1"
ARM GAS  /cygdrive/c/DOCUME~1/mkwapisz/LOCALS~1/Temp/ccBIAVg5.s 			page 5


DEFINED SYMBOLS
                            *ABS*:00000000 myTimer.c
/cygdrive/c/DOCUME~1/mkwapisz/LOCALS~1/Temp/ccBIAVg5.s:1      .text:00000000 $t
/cygdrive/c/DOCUME~1/mkwapisz/LOCALS~1/Temp/ccBIAVg5.s:9      .text:00000000 setupPLL
/cygdrive/c/DOCUME~1/mkwapisz/LOCALS~1/Temp/ccBIAVg5.s:22     .text:00000010 $d
/cygdrive/c/DOCUME~1/mkwapisz/LOCALS~1/Temp/ccBIAVg5.s:29     .text:00000014 connectPLL
/cygdrive/c/DOCUME~1/mkwapisz/LOCALS~1/Temp/ccBIAVg5.s:26     .text:00000014 $t
/cygdrive/c/DOCUME~1/mkwapisz/LOCALS~1/Temp/ccBIAVg5.s:46     .text:00000028 $d
/cygdrive/c/DOCUME~1/mkwapisz/LOCALS~1/Temp/ccBIAVg5.s:54     .text:00000030 feedSeq
/cygdrive/c/DOCUME~1/mkwapisz/LOCALS~1/Temp/ccBIAVg5.s:51     .text:00000030 $t
/cygdrive/c/DOCUME~1/mkwapisz/LOCALS~1/Temp/ccBIAVg5.s:66     .text:0000003c $d
/cygdrive/c/DOCUME~1/mkwapisz/LOCALS~1/Temp/ccBIAVg5.s:73     .text:00000040 initClocks
/cygdrive/c/DOCUME~1/mkwapisz/LOCALS~1/Temp/ccBIAVg5.s:70     .text:00000040 $t
/cygdrive/c/DOCUME~1/mkwapisz/LOCALS~1/Temp/ccBIAVg5.s:106    .text:00000074 $d
/cygdrive/c/DOCUME~1/mkwapisz/LOCALS~1/Temp/ccBIAVg5.s:115    .text:00000080 initTimer1
/cygdrive/c/DOCUME~1/mkwapisz/LOCALS~1/Temp/ccBIAVg5.s:112    .text:00000080 $t
/cygdrive/c/DOCUME~1/mkwapisz/LOCALS~1/Temp/ccBIAVg5.s:146    .text:000000b4 $d
/cygdrive/c/DOCUME~1/mkwapisz/LOCALS~1/Temp/ccBIAVg5.s:179    .text:000000e8 T1ISR
/cygdrive/c/DOCUME~1/mkwapisz/LOCALS~1/Temp/ccBIAVg5.s:159    .text:000000d0 myTimerExec
/cygdrive/c/DOCUME~1/mkwapisz/LOCALS~1/Temp/ccBIAVg5.s:156    .text:000000d0 $t
/cygdrive/c/DOCUME~1/mkwapisz/LOCALS~1/Temp/ccBIAVg5.s:172    .text:000000e4 $d
/cygdrive/c/DOCUME~1/mkwapisz/LOCALS~1/Temp/ccBIAVg5.s:176    .text:000000e8 $t
/cygdrive/c/DOCUME~1/mkwapisz/LOCALS~1/Temp/ccBIAVg5.s:195    .text:00000100 $d
                            *COM*:00000010 currentSongInfo

UNDEFINED SYMBOLS
ISR
