Archive member included because of file (symbol)

./startup/libea_startup_thumb.a(consol.o)
                              main.o (simplePrintf)
./startup/libea_startup_thumb.a(framework.o)
                              main.o (eaInit)
./startup/libea_startup_thumb.a(startup.o)
                              (_startup)
./pre_emptive_os/pre_emptive_os.a(kernel.o)
                              main.o (osInit)
./pre_emptive_os/pre_emptive_os.a(prioqueue.o)
                              ./pre_emptive_os/pre_emptive_os.a(kernel.o) (initPrioQueue)
./pre_emptive_os/pre_emptive_os.a(timer.o)
                              ./pre_emptive_os/pre_emptive_os.a(kernel.o) (timerTick)
./pre_emptive_os/pre_emptive_os.a(stack_usage.o)
                              ./pre_emptive_os/pre_emptive_os.a(kernel.o) (createStackPattern)
./pre_emptive_os/pre_emptive_os.a(a7hal.o)
                              ./pre_emptive_os/pre_emptive_os.a(kernel.o) (stkFrameInit_oshal)
./pre_emptive_os/pre_emptive_os.a(a7hal_a.o)
                              ./pre_emptive_os/pre_emptive_os.a(kernel.o) (startHighProc_oshal)
./pre_emptive_os/pre_emptive_os.a(count_sem.o)
                              ./pre_emptive_os/pre_emptive_os.a(timer.o) (osSemInit)
./pre_emptive_os/pre_emptive_os.a(event.o)
                              ./pre_emptive_os/pre_emptive_os.a(count_sem.o) (eventInit)
./filesys/filesys.a(efs.o)    myMMC.o (efs_init)
./filesys/filesys.a(file.o)   myMMC.o (file_fread)
./filesys/filesys.a(fs.o)     ./filesys/filesys.a(file.o) (fs_clusterToSector)
./filesys/filesys.a(ioman.o)  ./filesys/filesys.a(efs.o) (ioman_init)
./filesys/filesys.a(libc.o)   ./filesys/filesys.a(file.o) (memCpy)
./filesys/filesys.a(ls.o)     myMMC.o (ls_getNext)
./filesys/filesys.a(partition.o)
                              ./filesys/filesys.a(efs.o) (part_initPartition)
./filesys/filesys.a(time.o)   ./filesys/filesys.a(file.o) (fs_hasTimeSupport)
./filesys/filesys.a(extract.o)
                              ./filesys/filesys.a(fs.o) (ex_getb16)
./filesys/filesys.a(dir.o)    ./filesys/filesys.a(fs.o) (dir_addCluster)
./filesys/filesys.a(disc.o)   ./filesys/filesys.a(efs.o) (disc_initDisc)
./filesys/filesys.a(fat.o)    ./filesys/filesys.a(file.o) (fat_giveEocMarker)
./mmc/mmc.a(hwinterface.o)    ./filesys/filesys.a(ioman.o) (if_writeBuf)
./mmc/mmc.a(sd.o)             ./mmc/mmc.a(hwinterface.o) (sd_getDriveSize)
/cygdrive/c/Embedded/GNUARM/bin/../lib/gcc/arm-elf/4.1.1/interwork/libgcc.a(_udivsi3.o)
                              myLCD.o (__udivsi3)
/cygdrive/c/Embedded/GNUARM/bin/../lib/gcc/arm-elf/4.1.1/interwork/libgcc.a(_divsi3.o)
                              ./pre_emptive_os/pre_emptive_os.a(stack_usage.o) (__divsi3)
/cygdrive/c/Embedded/GNUARM/bin/../lib/gcc/arm-elf/4.1.1/interwork/libgcc.a(_umodsi3.o)
                              myLCD.o (__umodsi3)
/cygdrive/c/Embedded/GNUARM/bin/../lib/gcc/arm-elf/4.1.1/interwork/libgcc.a(_modsi3.o)
                              myMMC.o (__modsi3)
/cygdrive/c/Embedded/GNUARM/bin/../lib/gcc/arm-elf/4.1.1/interwork/libgcc.a(_dvmd_tls.o)
                              /cygdrive/c/Embedded/GNUARM/bin/../lib/gcc/arm-elf/4.1.1/interwork/libgcc.a(_udivsi3.o) (__div0)
/cygdrive/c/Embedded/GNUARM/bin/../lib/gcc/arm-elf/4.1.1/interwork/libgcc.a(_call_via_rX.o)
                              ./pre_emptive_os/pre_emptive_os.a(timer.o) (_call_via_r4)
/cygdrive/c/Embedded/GNUARM/bin/../lib/gcc/arm-elf/4.1.1/interwork/libgcc.a(_addsubdf3.o)
                              wavplayer.o (__subdf3)
/cygdrive/c/Embedded/GNUARM/bin/../lib/gcc/arm-elf/4.1.1/interwork/libgcc.a(_fixdfsi.o)
                              wavplayer.o (__fixdfsi)
/cygdrive/c/Embedded/GNUARM/bin/../lib/gcc/arm-elf/4.1.1/interwork/libgcc.a(_addsubsf3.o)
                              wavplayer.o (__addsf3)
/cygdrive/c/Embedded/GNUARM/bin/../lib/gcc/arm-elf/4.1.1/interwork/libgcc.a(_muldivsf3.o)
                              wavplayer.o (__mulsf3)
/cygdrive/c/Embedded/GNUARM/bin/../lib/gcc/arm-elf/4.1.1/interwork/libgcc.a(_fixsfsi.o)
                              wavplayer.o (__fixsfsi)
/cygdrive/c/Embedded/GNUARM/bin/../lib/gcc/arm-elf/4.1.1/../../../../arm-elf/lib/interwork/libc.a(atoi.o)
                              ./startup/libea_startup_thumb.a(consol.o) (atoi)
/cygdrive/c/Embedded/GNUARM/bin/../lib/gcc/arm-elf/4.1.1/../../../../arm-elf/lib/interwork/libc.a(memcpy.o)
                              testI2C.o (memcpy)
/cygdrive/c/Embedded/GNUARM/bin/../lib/gcc/arm-elf/4.1.1/../../../../arm-elf/lib/interwork/libc.a(strlen.o)
                              testI2C.o (strlen)
/cygdrive/c/Embedded/GNUARM/bin/../lib/gcc/arm-elf/4.1.1/../../../../arm-elf/lib/interwork/libc.a(strncpy.o)
                              myMMC.o (strncpy)
/cygdrive/c/Embedded/GNUARM/bin/../lib/gcc/arm-elf/4.1.1/../../../../arm-elf/lib/interwork/libc.a(strtol.o)
                              /cygdrive/c/Embedded/GNUARM/bin/../lib/gcc/arm-elf/4.1.1/../../../../arm-elf/lib/interwork/libc.a(atoi.o) (_strtol_r)
[...]
Memory Configuration

Name             Origin             Length             Attributes
FLASH            0x00000000         0x00080000         xr
RAM              0x40000000         0x00008000         rw
*default*        0x00000000         0xffffffff

Linker script and memory map

LOAD main.o
LOAD myLCD.o
LOAD myMMC.o
LOAD testI2C.o
LOAD eeprom.o
LOAD i2c.o
LOAD myTimerRTC.o
LOAD wavplayer.o
LOAD irq/irq_code.a
LOAD ./startup/libea_startup_thumb.a
LOAD ./pre_emptive_os/pre_emptive_os.a
LOAD ./filesys/filesys.a
LOAD ./mmc/mmc.a
START GROUP
LOAD /cygdrive/c/Embedded/GNUARM/bin/../lib/gcc/arm-elf/4.1.1/interwork/libgcc.a
LOAD /cygdrive/c/Embedded/GNUARM/bin/../lib/gcc/arm-elf/4.1.1/../../../../arm-elf/lib/interwork/libc.a
END GROUP

.text           0x00000000     0x8628
 *startup.o(.text)
 .text          0x00000000      0x1d8 ./startup/libea_startup_thumb.a(startup.o)
                0x00000000                _startup
 *(.text)
 .text          0x000001d8      0x298 main.o
                0x000001e8                InitializeSharedData
                0x000001d8                appTick
                0x0000026c                main
 .text          0x00000470      0x32c myLCD.o
                0x00000710                LCDWriteVolume
                0x000004c0                delay37us
                0x0000062c                ScreenShiftLeft
                0x00000470                initLCD
                0x000004e0                writeLCD
                0x000005a8                timeToString
                0x00000750                LCDWriteNameAuthor
                0x00000570                lcdBacklight
                0x00000594                numberToChar
                0x000006e8                LCDWriteTime
                0x0000060c                WriteString
                0x0000077c                startLCD
                0x0000065c                clearScr
 .text          0x0000079c      0x430 myMMC.o
                0x0000079c                ReadTagsFromFile
                0x00000814                ReadAndPlay
                0x00000874                initMMC
                0x0000095c                format_file_name
                0x000009b4                getFileNames
                0x00000a1c                MMCproc
 .text          0x00000bcc      0x2b4 testI2C.o
                0x00000bcc                testEEPROM
                0x00000cdc                testI2C
 .text          0x00000e80      0x23c eeprom.o
                0x00000fd0                lm75Read
                0x00000e80                eepromWrite
                0x00000eec                eepromPoll
                0x00001044                eepromPageRead
                0x00000f38                eepromStartRead
 .text          0x000010bc      0x39c i2c.o
                0x000010d4                i2cInit
                0x00001318                i2cRead
                0x00001244                i2cWriteWithWait
                0x00001120                i2cStart
                0x0000116c                i2cStop
                0x000010bc                i2cCheckStatus
                0x000011c0                i2cGetChar
                0x000012cc                i2cRepeatStart
                0x000013b8                i2cWrite
                0x00001218                i2cWaitTransmit
                0x00001274                i2cMyWrite
                0x00001194                i2cPutChar
 .text          0x00001458      0x1a4 myTimerRTC.o
                0x00001508                initRTC
                0x0000146c                connectPLL
                0x00001498                initClocks
                0x000014d8                initTimer1
                0x00001458                setupPLL
                0x00001578                myTimerRTCExec
                0x00001488                feedSeq
                0x000015b8                RTCISR
                0x00001598                StopInterrupts
                0x0000153c                setupInterrupts
                0x000015dc                T1ISR
 .text          0x000015fc      0x350 wavplayer.o
                0x0000171c                ISR
                0x0000167c                ISR_RTC
                0x00001608                sendToDAC
                0x000015fc                zeroBuffer
                0x000018f8                playWAV
 .text          0x0000194c      0x67c ./startup/libea_startup_thumb.a(consol.o)
                0x00001e04                consolGetIntNum
                0x00001a40                consolSendCh
                0x00001c0c                consolGetString
                0x00001ab0                consolSendNumber
                0x00001bc8                consolGetCh
                0x00001a20                consolSendChar
                0x00001c84                simplePrintf
                0x00001a84                consolSendString
                0x00001ee4                consolScanf
                0x00001be8                consolGetChar
                0x000019d0                consolInit
 .text          0x00001fc8      0x2c0 ./startup/libea_startup_thumb.a(framework.o)
                0x000020f4                eaInit
                0x00002040                lowLevelInit
                0x00001fc8                exceptionHandlerInit
 .text          0x00002288      0x4f8 ./pre_emptive_os/pre_emptive_os.a(kernel.o)
                0x00002604                osTick
                0x000026c8                rmvFromRdyList
                0x00002424                osGetHighPrioProc
                0x000026e4                osSuspend
                0x00002338                osInit
                0x00002718                osDeleteProcess
                0x00002364                osISREnter
                0x00002440                schedule
                0x00002388                osCreateProcess
                0x00002584                addToRdyList
                0x000022d4                addToTimeList
                0x00002598                osResume
                0x00002288                osPid
                0x00002748                osSleep
                0x000024ac                osISRExit
                0x00002514                osStart
                0x00002540                rmvFromTimeList
                0x00002660                osStartProcess
 .text          0x00002780      0x124 ./pre_emptive_os/pre_emptive_os.a(prioqueue.o)
                0x00002780                initPrioQueue
                0x000027e8                rmvFromPrioQueue
                0x000027a0                addToPrioQueue
                0x00002884                isEmptyPrioQueue
                0x0000284c                getHighPrioQueue
 .text          0x000028a4      0x218 ./pre_emptive_os/pre_emptive_os.a(timer.o)
                0x000028a4                timerTick
                0x00002a18                osInitTimers
                0x000029b4                osDeleteTimer
                0x00002988                osCreateTimer
 .text          0x00002abc       0xa4 ./pre_emptive_os/pre_emptive_os.a(stack_usage.o)
                0x00002abc                osStackUsage
                0x00002b00                createStackPattern
                0x00002b20                checkStackLimit
 .text          0x00002b60      0x1ec ./pre_emptive_os/pre_emptive_os.a(a7hal.o)
                0x00002b98                stkFrameInit_oshal
                0x00002b60                timerIsr_oshal
                0x00002c78                halRestoreInterrupts_oshal
                0x00002c80                initTimer_oshal
                0x00002c68                halEnableInterrupts_oshal
                0x00002d18                handleIRQs_oshal
                0x00002c48                halDisableInterrupts_oshal
 .text          0x00002d4c       0xc4 ./pre_emptive_os/pre_emptive_os.a(a7hal_a.o)
                0x00002d58                startHighProc_oshal
                0x00002d80                ctxSwitchIsr_oshal
                0x00002d60                ctxSwitch_oshal
                0x00002da0                generalIRQ_oshal
 .text          0x00002e10      0x144 ./pre_emptive_os/pre_emptive_os.a(count_sem.o)
                0x00002eb0                osSemGive
                0x00002f14                osSemTryTake
                0x00002e10                osSemInit
                0x00002e24                osSemTake
 .text          0x00002f54       0xd8 ./pre_emptive_os/pre_emptive_os.a(event.o)
                0x00002f64                eventWait
                0x00002f54                eventInit
                0x00002fcc                eventIsEmpty
                0x00002f9c                eventWaitReturn
                0x00002fdc                eventSignal
 .text          0x0000302c       0xc0 ./filesys/filesys.a(efs.o)
                0x0000302c                efs_init
 .text          0x000030ec      0xa60 ./filesys/filesys.a(file.o)
                0x00003564                file_write
                0x000031e0                file_normalToFatName
                0x00003318                file_requiredCluster
                0x00003304                file_getAttr
                0x00003158                file_validateChar
                0x0000379c                file_fopen
                0x000036dc                file_read
                0x00003590                file_fread
                0x000032e0                file_setAttr
                0x00003708                file_fclose
                0x000030ec                file_setpos
                0x00003108                file_initFile
                0x000033bc                file_fwrite
 .text          0x00003b4c      0x93c ./filesys/filesys.a(fs.o)
                0x00003c04                fs_countDataSectors
                0x000042f4                fs_loadVolumeId
                0x00003d58                fs_sectorToCluster
                0x00003c90                fs_determineFatType
                0x00004408                fs_initFs
                0x00003d24                fs_clusterToSector
                0x00004078                fs_findFile
                0x000041f4                fs_findFreeFile
                0x00003df0                fs_setFirstClusterInDirEntry
                0x00003db8                fs_getFirstClusterRootDir
                0x00003fc8                fs_flushFs
                0x00003fec                fs_umount
                0x00003db0                fs_giveFreeClusterHint
                0x00004004                fs_getLastCluster
                0x00003cd4                fs_findFirstSectorRootDir
                0x00003e00                fs_setFsInfo
                0x000042ac                fs_getNextFreeCluster
                0x00003b4c                fs_verifySanity
                0x00003e9c                fs_getFsInfo
                0x00003dd0                fs_initClusterChain
                0x00003d0c                fs_initCurrentDir
                0x00003f5c                fs_clearCluster
                0x000043b4                fs_isValidFat
 .text          0x00004488      0xea8 ./filesys/filesys.a(ioman.o)
                0x00004ea8                ioman_putSectorInCache
                0x00004db4                ioman_flushRange
                0x000047cc                ioman_getPtr
                0x00004728                ioman_push
                0x000048fc                ioman_findFreeSpot
                0x00004520                ioman_getUseCnt
                0x00004b48                ioman_printStatus
                0x00004cb0                ioman_flushSector
                0x00004e6c                ioman_readSector
                0x0000494c                ioman_findUnusedSpot
                0x00004fd8                ioman_getSector
                0x00004898                ioman_findSectorInCache
                0x00004a70                ioman_findOverallocableSpot
                0x000051b8                ioman_reset
                0x00004648                ioman_decRefCnt
                0x000047f8                ioman_getBp
                0x00004584                ioman_decUseCnt
                0x00004488                ioman_getBuffer
                0x00004b88                ioman_writeSector
                0x00005290                ioman_releaseSector
                0x00004bc8                ioman_directSectorWrite
                0x00005260                ioman_init
                0x00004d34                ioman_flushAll
                0x00004610                ioman_incRefCnt
                0x00004490                ioman_setAttr
                0x00004f28                ioman_directSectorRead
                0x000046a8                ioman_pop
                0x000044e0                ioman_getAttr
                0x000045bc                ioman_resetUseCnt
                0x000045e4                ioman_getRefCnt
                0x00004680                ioman_resetRefCnt
                0x0000454c                ioman_incUseCnt
                0x00004854                ioman_resetCacheItem
 .text          0x00005330       0xcc ./filesys/filesys.a(libc.o)
                0x000053dc                memSet
                0x000053bc                memClr
                0x0000537c                memCpy
                0x00005330                strMatch
 .text          0x000053fc      0x2d0 ./filesys/filesys.a(ls.o)
                0x00005484                ls_getRootAreaEntry
                0x00005430                ls_fileEntryToDirListEntry
                0x000055cc                ls_getDirEntry
                0x00005504                ls_getRealDirEntry
                0x00005608                ls_getNext
                0x000053fc                ls_isValidFileEntry
                0x0000565c                ls_openDir
 .text          0x000056cc      0x1d8 ./filesys/filesys.a(partition.o)
                0x00005844                part_getSect
                0x0000577c                part_readBuf
                0x00005744                part_getRealLBA
                0x00005704                part_initPartition
                0x000057e0                part_directSectorRead
                0x000056cc                part_isFatPart
                0x00005870                part_writeBuf
                0x0000575c                part_relSect
                0x00005810                part_flushPart
                0x000057b0                part_directSectorWrite
 .text          0x000058a4       0x18 ./filesys/filesys.a(time.o)
                0x000058a4                fs_makeDate
                0x000058ac                fs_makeTime
                0x000058b4                fs_hasTimeSupport
 .text          0x000058bc      0x100 ./filesys/filesys.a(extract.o)
                0x00005944                ex_getPartitionField
                0x000058bc                ex_getb16
                0x00005918                ex_setb32
                0x000058d8                ex_getb32
                0x000059b8                ex_setPartitionField
                0x00005904                ex_setb16
 .text          0x000059bc      0x610 ./filesys/filesys.a(dir.o)
                0x00005b70                dir_updateDirectoryEntry
                0x00005e6c                dir_findinCluster
                0x00005f30                dir_findinDir
                0x00005c00                dir_setFirstCluster
                0x00005d90                dir_findinBuf
                0x00005a3c                dir_addCluster
                0x00005db8                dir_findinRootArea
                0x00005c50                dir_createDirectoryEntry
                0x00005aa0                dir_createDefaultEntry
                0x00005cf0                dir_findFileinBuf
                0x00005bc0                dir_setFileSize
                0x00005aec                dir_getFatFileName
                0x00005c9c                dir_getFileStructure
                0x000059bc                dir_findFreeEntryinBuf
 .text          0x00005fcc       0x74 ./filesys/filesys.a(disc.o)
                0x00006030                disc_initDisc
                0x00005fcc                disc_loadMBR
 .text          0x00006040      0xadc ./filesys/filesys.a(fat.o)
                0x00006320                fat_getNextClusterChain
                0x00006130                fat_setNextClusterAddressWBuf
                0x00006040                fat_getSectorAddressFatEntry
                0x00006260                fat_getNextClusterAddressWBuf
                0x00006428                fat_LogicToDiscCluster
                0x0000659c                fat_setNextClusterAddress
                0x00006898                fat_countFreeClusters
                0x00006798                fat_getNextClusterAddress
                0x000064c8                fat_DiscToLogicCluster
                0x000060a0                fat_isEocMarker
                0x000068e4                fat_allocClusterChain
                0x000060f8                fat_giveEocMarker
                0x0000653c                fat_countClustersInChain
                0x00006718                fat_unlinkClusterChain
 .text          0x00006b1c      0x1bc ./mmc/mmc.a(hwinterface.o)
                0x00006b24                if_spiInit
                0x00006b1c                if_setPos
                0x00006bd4                if_spiSend
                0x00006c1c                if_writeBuf
                0x00006c34                if_readBuf
                0x00006bb8                if_spiSetSpeed
                0x00006c50                if_initInterface
 .text          0x00006cd8      0x4fc ./mmc/mmc.a(sd.o)
                0x00006e44                sd_getDriveSize
                0x00006fb8                sd_readSector
                0x00006cd8                sd_Resp8bError
                0x00006dbc                sd_Command
                0x00006d50                sd_Resp8b
                0x00006f20                sd_writeSector
                0x00006d88                sd_Resp16b
                0x00007084                sd_State
                0x000070b8                sd_Init
 .text          0x000071d4      0x114 /cygdrive/c/Embedded/GNUARM/bin/../lib/gcc/arm-elf/4.1.1/interwork/libgcc.a(_udivsi3.o)
                0x000071d4                __udivsi3
                0x000071d4                __aeabi_uidiv
                0x000072d0                __aeabi_uidivmod
 .text          0x000072e8      0x144 /cygdrive/c/Embedded/GNUARM/bin/../lib/gcc/arm-elf/4.1.1/interwork/libgcc.a(_divsi3.o)
                0x000072e8                __aeabi_idiv
                0x000072e8                __divsi3
                0x00007414                __aeabi_idivmod
 .text          0x0000742c       0xd0 /cygdrive/c/Embedded/GNUARM/bin/../lib/gcc/arm-elf/4.1.1/interwork/libgcc.a(_umodsi3.o)
                0x0000742c                __umodsi3
 .text          0x000074fc       0xe8 /cygdrive/c/Embedded/GNUARM/bin/../lib/gcc/arm-elf/4.1.1/interwork/libgcc.a(_modsi3.o)
                0x000074fc                __modsi3
 .text          0x000075e4        0x4 /cygdrive/c/Embedded/GNUARM/bin/../lib/gcc/arm-elf/4.1.1/interwork/libgcc.a(_dvmd_tls.o)
                0x000075e4                __aeabi_ldiv0
                0x000075e4                __div0
                0x000075e4                __aeabi_idiv0
 .text          0x000075e8       0x3c /cygdrive/c/Embedded/GNUARM/bin/../lib/gcc/arm-elf/4.1.1/interwork/libgcc.a(_call_via_rX.o)
                0x000075f0                _call_via_r2
                0x00007600                _call_via_r6
                0x000075fc                _call_via_r5
                0x000075f4                _call_via_r3
                0x00007614                _call_via_fp
                0x00007608                _call_via_r8
                0x00007604                _call_via_r7
                0x000075e8                _call_via_r0
                0x00007610                _call_via_sl
                0x0000761c                _call_via_sp
                0x0000760c                _call_via_r9
                0x000075f8                _call_via_r4
                0x000075ec                _call_via_r1
                0x00007618                _call_via_ip
                0x00007620                _call_via_lr
 .text          0x00007624      0x430 /cygdrive/c/Embedded/GNUARM/bin/../lib/gcc/arm-elf/4.1.1/interwork/libgcc.a(_addsubdf3.o)
                0x000079e8                __floatdidf
                0x00007968                __floatsidf
                0x00007940                __aeabi_ui2d
                0x00007624                __aeabi_drsub
                0x00007994                __extendsfdf2
                0x00007630                __adddf3
                0x00007940                __floatunsidf
                0x00007630                __aeabi_dadd
                0x000079d4                __aeabi_ul2d
                0x0000762c                __aeabi_dsub
                0x000079d4                __floatundidf
                0x00007968                __aeabi_i2d
                0x000079e8                __aeabi_l2d
                0x00007994                __aeabi_f2d
                0x0000762c                __subdf3
 .text          0x00007a54       0x5c /cygdrive/c/Embedded/GNUARM/bin/../lib/gcc/arm-elf/4.1.1/interwork/libgcc.a(_fixdfsi.o)
                0x00007a54                __fixdfsi
                0x00007a54                __aeabi_d2iz
 .text          0x00007ab0      0x2ac /cygdrive/c/Embedded/GNUARM/bin/../lib/gcc/arm-elf/4.1.1/interwork/libgcc.a(_addsubsf3.o)
                0x00007abc                __aeabi_fadd
                0x00007ab8                __subsf3
                0x00007c80                __aeabi_i2f
                0x00007ab8                __aeabi_fsub
                0x00007cb0                __floatdisf
                0x00007c80                __floatsisf
                0x00007ca0                __floatundisf
                0x00007c78                __aeabi_ui2f
                0x00007cb0                __aeabi_l2f
                0x00007ca0                __aeabi_ul2f
                0x00007ab0                __aeabi_frsub
                0x00007c78                __floatunsisf
                0x00007abc                __addsf3
 .text          0x00007d5c      0x2f8 /cygdrive/c/Embedded/GNUARM/bin/../lib/gcc/arm-elf/4.1.1/interwork/libgcc.a(_muldivsf3.o)
                0x00007ef4                __divsf3
                0x00007ef4                __aeabi_fdiv
                0x00007d5c                __mulsf3
                0x00007d5c                __aeabi_fmul
 .text          0x00008054       0x5c /cygdrive/c/Embedded/GNUARM/bin/../lib/gcc/arm-elf/4.1.1/interwork/libgcc.a(_fixsfsi.o)
                0x00008054                __fixsfsi
                0x00008054                __aeabi_f2iz
 .text          0x000080b0       0x30 /cygdrive/c/Embedded/GNUARM/bin/../lib/gcc/arm-elf/4.1.1/../../../../arm-elf/lib/interwork/libc.a(atoi.o)
                0x000080b0                _atoi_r
                0x000080c8                atoi
 .text          0x000080e0       0x9c /cygdrive/c/Embedded/GNUARM/bin/../lib/gcc/arm-elf/4.1.1/../../../../arm-elf/lib/interwork/libc.a(memcpy.o)
                0x000080e0                memcpy
 .text          0x0000817c       0x90 /cygdrive/c/Embedded/GNUARM/bin/../lib/gcc/arm-elf/4.1.1/../../../../arm-elf/lib/interwork/libc.a(strlen.o)
                0x0000817c                strlen
 .text          0x0000820c      0x114 /cygdrive/c/Embedded/GNUARM/bin/../lib/gcc/arm-elf/4.1.1/../../../../arm-elf/lib/interwork/libc.a(strncpy.o)
                0x0000820c                strncpy
 .text          0x00008320      0x1f0 /cygdrive/c/Embedded/GNUARM/bin/../lib/gcc/arm-elf/4.1.1/../../../../arm-elf/lib/interwork/libc.a(strtol.o)
                0x000084e4                strtol
                0x00008320                _strtol_r
 .text          0x00008510        0x0 /cygdrive/c/Embedded/GNUARM/bin/../lib/gcc/arm-elf/4.1.1/../../../../arm-elf/lib/interwork/libc.a(ctype_.o)
 .text          0x00008510        0x0 /cygdrive/c/Embedded/GNUARM/bin/../lib/gcc/arm-elf/4.1.1/../../../../arm-elf/lib/interwork/libc.a(impure.o)
 *(.glue_7)
 .glue_7        0x00008510        0x0 main.o
 .glue_7        0x00008510        0x0 myLCD.o
 .glue_7        0x00008510        0x0 myMMC.o
 .glue_7        0x00008510        0x0 testI2C.o
 .glue_7        0x00008510        0x0 eeprom.o
 .glue_7        0x00008510        0x0 i2c.o
 .glue_7        0x00008510        0x0 myTimerRTC.o
 .glue_7        0x00008510        0x0 wavplayer.o
 .glue_7        0x00008510        0x0 ./startup/libea_startup_thumb.a(consol.o)
 .glue_7        0x00008510        0x0 ./startup/libea_startup_thumb.a(framework.o)
 .glue_7        0x00008510        0x0 ./startup/libea_startup_thumb.a(startup.o)
 .glue_7        0x00008510        0x0 ./pre_emptive_os/pre_emptive_os.a(kernel.o)
 .glue_7        0x00008510        0x0 ./pre_emptive_os/pre_emptive_os.a(prioqueue.o)
 .glue_7        0x00008510        0x0 ./pre_emptive_os/pre_emptive_os.a(timer.o)
 .glue_7        0x00008510        0x0 ./pre_emptive_os/pre_emptive_os.a(stack_usage.o)
 .glue_7        0x00008510        0x0 ./pre_emptive_os/pre_emptive_os.a(a7hal.o)
 .glue_7        0x00008510        0x0 ./pre_emptive_os/pre_emptive_os.a(a7hal_a.o)
 .glue_7        0x00008510        0x0 ./pre_emptive_os/pre_emptive_os.a(count_sem.o)
 .glue_7        0x00008510        0x0 ./pre_emptive_os/pre_emptive_os.a(event.o)
 .glue_7        0x00008510        0x0 ./filesys/filesys.a(efs.o)
 .glue_7        0x00008510        0x0 ./filesys/filesys.a(file.o)
 .glue_7        0x00008510        0x0 ./filesys/filesys.a(fs.o)
 .glue_7        0x00008510        0x0 ./filesys/filesys.a(ioman.o)
 .glue_7        0x00008510        0x0 ./filesys/filesys.a(libc.o)
 .glue_7        0x00008510        0x0 ./filesys/filesys.a(ls.o)
 .glue_7        0x00008510        0x0 ./filesys/filesys.a(partition.o)
 .glue_7        0x00008510        0x0 ./filesys/filesys.a(time.o)
 .glue_7        0x00008510        0x0 ./filesys/filesys.a(extract.o)
 .glue_7        0x00008510        0x0 ./filesys/filesys.a(dir.o)
 .glue_7        0x00008510        0x0 ./filesys/filesys.a(disc.o)
 .glue_7        0x00008510        0x0 ./filesys/filesys.a(fat.o)
 .glue_7        0x00008510        0x0 ./mmc/mmc.a(hwinterface.o)
 .glue_7        0x00008510        0x0 ./mmc/mmc.a(sd.o)
 .glue_7        0x00008510        0x0 /cygdrive/c/Embedded/GNUARM/bin/../lib/gcc/arm-elf/4.1.1/interwork/libgcc.a(_udivsi3.o)
 .glue_7        0x00008510        0x0 /cygdrive/c/Embedded/GNUARM/bin/../lib/gcc/arm-elf/4.1.1/interwork/libgcc.a(_divsi3.o)
 .glue_7        0x00008510        0x0 /cygdrive/c/Embedded/GNUARM/bin/../lib/gcc/arm-elf/4.1.1/interwork/libgcc.a(_umodsi3.o)
 .glue_7        0x00008510        0x0 /cygdrive/c/Embedded/GNUARM/bin/../lib/gcc/arm-elf/4.1.1/interwork/libgcc.a(_modsi3.o)
 .glue_7        0x00008510        0x0 /cygdrive/c/Embedded/GNUARM/bin/../lib/gcc/arm-elf/4.1.1/interwork/libgcc.a(_dvmd_tls.o)
 .glue_7        0x00008510        0x0 /cygdrive/c/Embedded/GNUARM/bin/../lib/gcc/arm-elf/4.1.1/interwork/libgcc.a(_call_via_rX.o)
 .glue_7        0x00008510        0x0 /cygdrive/c/Embedded/GNUARM/bin/../lib/gcc/arm-elf/4.1.1/interwork/libgcc.a(_addsubdf3.o)
 .glue_7        0x00008510        0x0 /cygdrive/c/Embedded/GNUARM/bin/../lib/gcc/arm-elf/4.1.1/interwork/libgcc.a(_fixdfsi.o)
 .glue_7        0x00008510        0x0 /cygdrive/c/Embedded/GNUARM/bin/../lib/gcc/arm-elf/4.1.1/interwork/libgcc.a(_addsubsf3.o)
 .glue_7        0x00008510        0x0 /cygdrive/c/Embedded/GNUARM/bin/../lib/gcc/arm-elf/4.1.1/interwork/libgcc.a(_muldivsf3.o)
 .glue_7        0x00008510        0x0 /cygdrive/c/Embedded/GNUARM/bin/../lib/gcc/arm-elf/4.1.1/interwork/libgcc.a(_fixsfsi.o)
 .glue_7        0x00008510        0x0 /cygdrive/c/Embedded/GNUARM/bin/../lib/gcc/arm-elf/4.1.1/../../../../arm-elf/lib/interwork/libc.a(atoi.o)
 .glue_7        0x00008510        0x0 /cygdrive/c/Embedded/GNUARM/bin/../lib/gcc/arm-elf/4.1.1/../../../../arm-elf/lib/interwork/libc.a(memcpy.o)
 .glue_7        0x00008510        0x0 /cygdrive/c/Embedded/GNUARM/bin/../lib/gcc/arm-elf/4.1.1/../../../../arm-elf/lib/interwork/libc.a(strlen.o)
 .glue_7        0x00008510        0x0 /cygdrive/c/Embedded/GNUARM/bin/../lib/gcc/arm-elf/4.1.1/../../../../arm-elf/lib/interwork/libc.a(strncpy.o)
 .glue_7        0x00008510        0x0 /cygdrive/c/Embedded/GNUARM/bin/../lib/gcc/arm-elf/4.1.1/../../../../arm-elf/lib/interwork/libc.a(strtol.o)
 .glue_7        0x00008510        0x0 /cygdrive/c/Embedded/GNUARM/bin/../lib/gcc/arm-elf/4.1.1/../../../../arm-elf/lib/interwork/libc.a(ctype_.o)
 .glue_7        0x00008510       0x18 /cygdrive/c/Embedded/GNUARM/bin/../lib/gcc/arm-elf/4.1.1/../../../../arm-elf/lib/interwork/libc.a(impure.o)
                0x0000851c                __osISRExit_from_arm
                0x00008510                __osTick_from_arm
 *(.glue_7t)
 .glue_7t       0x00008528        0x0 main.o
 .glue_7t       0x00008528        0x0 myLCD.o
 .glue_7t       0x00008528        0x0 myMMC.o
 .glue_7t       0x00008528        0x0 testI2C.o
 .glue_7t       0x00008528        0x0 eeprom.o
 .glue_7t       0x00008528        0x0 i2c.o
 .glue_7t       0x00008528        0x0 myTimerRTC.o
 .glue_7t       0x00008528        0x0 wavplayer.o
 .glue_7t       0x00008528        0x0 ./startup/libea_startup_thumb.a(consol.o)
 .glue_7t       0x00008528        0x0 ./startup/libea_startup_thumb.a(framework.o)
 .glue_7t       0x00008528        0x0 ./startup/libea_startup_thumb.a(startup.o)
 .glue_7t       0x00008528        0x0 ./pre_emptive_os/pre_emptive_os.a(kernel.o)
 .glue_7t       0x00008528        0x0 ./pre_emptive_os/pre_emptive_os.a(prioqueue.o)
 .glue_7t       0x00008528        0x0 ./pre_emptive_os/pre_emptive_os.a(timer.o)
 .glue_7t       0x00008528        0x0 ./pre_emptive_os/pre_emptive_os.a(stack_usage.o)
 .glue_7t       0x00008528        0x0 ./pre_emptive_os/pre_emptive_os.a(a7hal.o)
 .glue_7t       0x00008528        0x0 ./pre_emptive_os/pre_emptive_os.a(a7hal_a.o)
 .glue_7t       0x00008528        0x0 ./pre_emptive_os/pre_emptive_os.a(count_sem.o)
 .glue_7t       0x00008528        0x0 ./pre_emptive_os/pre_emptive_os.a(event.o)
 .glue_7t       0x00008528        0x0 ./filesys/filesys.a(efs.o)
 .glue_7t       0x00008528        0x0 ./filesys/filesys.a(file.o)
 .glue_7t       0x00008528        0x0 ./filesys/filesys.a(fs.o)
 .glue_7t       0x00008528        0x0 ./filesys/filesys.a(ioman.o)
 .glue_7t       0x00008528        0x0 ./filesys/filesys.a(libc.o)
 .glue_7t       0x00008528        0x0 ./filesys/filesys.a(ls.o)
 .glue_7t       0x00008528        0x0 ./filesys/filesys.a(partition.o)
 .glue_7t       0x00008528        0x0 ./filesys/filesys.a(time.o)
 .glue_7t       0x00008528        0x0 ./filesys/filesys.a(extract.o)
 .glue_7t       0x00008528        0x0 ./filesys/filesys.a(dir.o)
 .glue_7t       0x00008528        0x0 ./filesys/filesys.a(disc.o)
 .glue_7t       0x00008528        0x0 ./filesys/filesys.a(fat.o)
 .glue_7t       0x00008528        0x0 ./mmc/mmc.a(hwinterface.o)
 .glue_7t       0x00008528        0x0 ./mmc/mmc.a(sd.o)
 .glue_7t       0x00008528        0x0 /cygdrive/c/Embedded/GNUARM/bin/../lib/gcc/arm-elf/4.1.1/interwork/libgcc.a(_udivsi3.o)
 .glue_7t       0x00008528        0x0 /cygdrive/c/Embedded/GNUARM/bin/../lib/gcc/arm-elf/4.1.1/interwork/libgcc.a(_divsi3.o)
 .glue_7t       0x00008528        0x0 /cygdrive/c/Embedded/GNUARM/bin/../lib/gcc/arm-elf/4.1.1/interwork/libgcc.a(_umodsi3.o)
 .glue_7t       0x00008528        0x0 /cygdrive/c/Embedded/GNUARM/bin/../lib/gcc/arm-elf/4.1.1/interwork/libgcc.a(_modsi3.o)
 .glue_7t       0x00008528        0x0 /cygdrive/c/Embedded/GNUARM/bin/../lib/gcc/arm-elf/4.1.1/interwork/libgcc.a(_dvmd_tls.o)
 .glue_7t       0x00008528        0x0 /cygdrive/c/Embedded/GNUARM/bin/../lib/gcc/arm-elf/4.1.1/interwork/libgcc.a(_call_via_rX.o)
 .glue_7t       0x00008528        0x0 /cygdrive/c/Embedded/GNUARM/bin/../lib/gcc/arm-elf/4.1.1/interwork/libgcc.a(_addsubdf3.o)
 .glue_7t       0x00008528        0x0 /cygdrive/c/Embedded/GNUARM/bin/../lib/gcc/arm-elf/4.1.1/interwork/libgcc.a(_fixdfsi.o)
 .glue_7t       0x00008528        0x0 /cygdrive/c/Embedded/GNUARM/bin/../lib/gcc/arm-elf/4.1.1/interwork/libgcc.a(_addsubsf3.o)
 .glue_7t       0x00008528        0x0 /cygdrive/c/Embedded/GNUARM/bin/../lib/gcc/arm-elf/4.1.1/interwork/libgcc.a(_muldivsf3.o)
 .glue_7t       0x00008528        0x0 /cygdrive/c/Embedded/GNUARM/bin/../lib/gcc/arm-elf/4.1.1/interwork/libgcc.a(_fixsfsi.o)
 .glue_7t       0x00008528        0x0 /cygdrive/c/Embedded/GNUARM/bin/../lib/gcc/arm-elf/4.1.1/../../../../arm-elf/lib/interwork/libc.a(atoi.o)
 .glue_7t       0x00008528        0x0 /cygdrive/c/Embedded/GNUARM/bin/../lib/gcc/arm-elf/4.1.1/../../../../arm-elf/lib/interwork/libc.a(memcpy.o)
 .glue_7t       0x00008528        0x0 /cygdrive/c/Embedded/GNUARM/bin/../lib/gcc/arm-elf/4.1.1/../../../../arm-elf/lib/interwork/libc.a(strlen.o)
 .glue_7t       0x00008528        0x0 /cygdrive/c/Embedded/GNUARM/bin/../lib/gcc/arm-elf/4.1.1/../../../../arm-elf/lib/interwork/libc.a(strncpy.o)
 .glue_7t       0x00008528        0x0 /cygdrive/c/Embedded/GNUARM/bin/../lib/gcc/arm-elf/4.1.1/../../../../arm-elf/lib/interwork/libc.a(strtol.o)
 .glue_7t       0x00008528        0x0 /cygdrive/c/Embedded/GNUARM/bin/../lib/gcc/arm-elf/4.1.1/../../../../arm-elf/lib/interwork/libc.a(ctype_.o)
 .glue_7t       0x00008528      0x100 /cygdrive/c/Embedded/GNUARM/bin/../lib/gcc/arm-elf/4.1.1/../../../../arm-elf/lib/interwork/libc.a(impure.o)
                0x0000857c                __file_fclose_change_to_arm
                0x00008584                ____modsi3_change_to_arm
                0x000085a8                ____divsf3_from_thumb
                0x00008574                __ls_getNext_change_to_arm
                0x000085e4                __file_read_change_to_arm
                0x000085d8                ____subdf3_from_thumb
                0x000085bc                ____fixsfsi_change_to_arm
                0x00008568                __strncpy_from_thumb
                0x000085f0                __halRestoreInterrupts_oshal_from_thumb
                0x000085a4                ____addsf3_change_to_arm
                0x000085dc                ____subdf3_change_to_arm
                0x000085b8                ____fixsfsi_from_thumb
                0x00008598                ____floatsisf_from_thumb
                0x00008594                __strlen_change_to_arm
                0x00008588                __memcpy_from_thumb
                0x00008600                __ctxSwitch_oshal_from_thumb
                0x000085fc                __stkFrameInit_oshal_change_to_arm
                0x00008614                __initTimer_oshal_change_to_arm
                0x00008560                __ls_openDir_from_thumb
                0x00008618                __startHighProc_oshal_from_thumb
                0x0000853c                ____umodsi3_change_to_arm
                0x000085d0                ____fixdfsi_from_thumb
                0x00008580                ____modsi3_from_thumb
                0x00008544                ____udivsi3_change_to_arm
                0x0000861c                __startHighProc_oshal_change_to_arm
                0x00008608                __ctxSwitchIsr_oshal_from_thumb
                0x0000855c                __efs_init_change_to_arm
                0x000085ac                ____divsf3_change_to_arm
                0x000085d4                ____fixdfsi_change_to_arm
                0x000085f4                __halRestoreInterrupts_oshal_change_to_arm
                0x00008534                __simplePrintf_change_to_arm
                0x00008538                ____umodsi3_from_thumb
                0x00008550                __file_fopen_from_thumb
                0x00008620                ____divsi3_from_thumb
                0x000085b4                ____mulsf3_change_to_arm
                0x000085cc                ____adddf3_change_to_arm
                0x00008558                __efs_init_from_thumb
                0x0000854c                __file_fread_change_to_arm
                0x00008604                __ctxSwitch_oshal_change_to_arm
                0x000085c0                ____floatsidf_from_thumb
                0x0000859c                ____floatsisf_change_to_arm
                0x000085f8                __stkFrameInit_oshal_from_thumb
                0x00008540                ____udivsi3_from_thumb
                0x00008528                __eaInit_from_thumb
                0x000085c8                ____adddf3_from_thumb
                0x00008530                __simplePrintf_from_thumb
                0x00008554                __file_fopen_change_to_arm
                0x00008610                __initTimer_oshal_from_thumb
                0x0000852c                __eaInit_change_to_arm
                0x00008590                __strlen_from_thumb
                0x0000860c                __ctxSwitchIsr_oshal_change_to_arm
                0x00008564                __ls_openDir_change_to_arm
                0x000085ec                __halDisableInterrupts_oshal_change_to_arm
                0x000085b0                ____mulsf3_from_thumb
                0x000085e8                __halDisableInterrupts_oshal_from_thumb
                0x000085a0                ____addsf3_from_thumb
                0x00008578                __file_fclose_from_thumb
                0x00008570                __ls_getNext_from_thumb
                0x0000858c                __memcpy_change_to_arm
                0x00008548                __file_fread_from_thumb
                0x0000856c                __strncpy_change_to_arm
                0x000085e0                __file_read_from_thumb
                0x00008624                ____divsi3_change_to_arm
                0x000085c4                ____floatsidf_change_to_arm
                0x00008628                . = ALIGN (0x4)

.rodata         0x00008628      0x6a8
 *(.rodata)
 .rodata        0x00008628       0x10 ./startup/libea_startup_thumb.a(consol.o)
 .rodata        0x00008638      0x101 /cygdrive/c/Embedded/GNUARM/bin/../lib/gcc/arm-elf/4.1.1/../../../../arm-elf/lib/interwork/libc.a(ctype_.o)
                0x00008638                _ctype_
 *fill*         0x00008739        0x3 00
 .rodata        0x0000873c        0x4 /cygdrive/c/Embedded/GNUARM/bin/../lib/gcc/arm-elf/4.1.1/../../../../arm-elf/lib/interwork/libc.a(impure.o)
                0x0000873c                _global_impure_ptr
 *(.rodata*)
 .rodata.str1.4
                0x00008740      0x1e5 main.o
                                0x1ec (size before relaxing)
 *fill*         0x00008925        0x3 00
 .rodata.str1.4
                0x00008928       0xdf myMMC.o
                                 0xe4 (size before relaxing)
 *fill*         0x00008a07        0x1 00
 .rodata.str1.4
                0x00008a08      0x1d4 testI2C.o
                                0x24c (size before relaxing)
 .rodata.str1.4
                0x00008bdc       0x18 ./startup/libea_startup_thumb.a(consol.o)
 .rodata.str1.4
                0x00008bf4       0xd8 ./startup/libea_startup_thumb.a(framework.o)
 .rodata.str1.4
                0x00008ccc        0x4 /cygdrive/c/Embedded/GNUARM/bin/../lib/gcc/arm-elf/4.1.1/../../../../arm-elf/lib/interwork/libc.a(impure.o)
                0x00008cd0                . = ALIGN (0x4)
                0x00008cd0                _etext = .
                0x00008cd0                PROVIDE (etext, .)

.data           0x40000080      0x408 load address 0x00008cd0
                0x40000080                _data = .
 *(.data)
 .data          0x40000080        0x0 main.o
 .data          0x40000080        0x0 myLCD.o
 .data          0x40000080        0x0 myMMC.o
 .data          0x40000080        0x0 testI2C.o
 .data          0x40000080        0x0 eeprom.o
 .data          0x40000080        0x0 i2c.o
 .data          0x40000080        0x0 myTimerRTC.o
 .data          0x40000080        0x0 wavplayer.o
 .data          0x40000080        0x0 ./startup/libea_startup_thumb.a(consol.o)
 .data          0x40000080        0x0 ./startup/libea_startup_thumb.a(framework.o)
 .data          0x40000080        0x0 ./startup/libea_startup_thumb.a(startup.o)
 .data          0x40000080        0x0 ./pre_emptive_os/pre_emptive_os.a(kernel.o)
 .data          0x40000080        0x0 ./pre_emptive_os/pre_emptive_os.a(prioqueue.o)
 .data          0x40000080        0x0 ./pre_emptive_os/pre_emptive_os.a(timer.o)
 .data          0x40000080        0x0 ./pre_emptive_os/pre_emptive_os.a(stack_usage.o)
 .data          0x40000080        0x0 ./pre_emptive_os/pre_emptive_os.a(a7hal.o)
 .data          0x40000080        0x0 ./pre_emptive_os/pre_emptive_os.a(a7hal_a.o)
 .data          0x40000080        0x0 ./pre_emptive_os/pre_emptive_os.a(count_sem.o)
 .data          0x40000080        0x0 ./pre_emptive_os/pre_emptive_os.a(event.o)
 .data          0x40000080        0x0 ./filesys/filesys.a(efs.o)
 .data          0x40000080        0x0 ./filesys/filesys.a(file.o)
 .data          0x40000080        0x0 ./filesys/filesys.a(fs.o)
 .data          0x40000080        0x0 ./filesys/filesys.a(ioman.o)
 .data          0x40000080        0x0 ./filesys/filesys.a(libc.o)
 .data          0x40000080        0x0 ./filesys/filesys.a(ls.o)
 .data          0x40000080        0x0 ./filesys/filesys.a(partition.o)
 .data          0x40000080        0x0 ./filesys/filesys.a(time.o)
 .data          0x40000080        0x0 ./filesys/filesys.a(extract.o)
 .data          0x40000080        0x0 ./filesys/filesys.a(dir.o)
 .data          0x40000080        0x0 ./filesys/filesys.a(disc.o)
 .data          0x40000080        0x0 ./filesys/filesys.a(fat.o)
 .data          0x40000080        0x0 ./mmc/mmc.a(hwinterface.o)
 .data          0x40000080        0x0 ./mmc/mmc.a(sd.o)
 .data          0x40000080        0x0 /cygdrive/c/Embedded/GNUARM/bin/../lib/gcc/arm-elf/4.1.1/interwork/libgcc.a(_udivsi3.o)
 .data          0x40000080        0x0 /cygdrive/c/Embedded/GNUARM/bin/../lib/gcc/arm-elf/4.1.1/interwork/libgcc.a(_divsi3.o)
 .data          0x40000080        0x0 /cygdrive/c/Embedded/GNUARM/bin/../lib/gcc/arm-elf/4.1.1/interwork/libgcc.a(_umodsi3.o)
 .data          0x40000080        0x0 /cygdrive/c/Embedded/GNUARM/bin/../lib/gcc/arm-elf/4.1.1/interwork/libgcc.a(_modsi3.o)
 .data          0x40000080        0x0 /cygdrive/c/Embedded/GNUARM/bin/../lib/gcc/arm-elf/4.1.1/interwork/libgcc.a(_dvmd_tls.o)
 .data          0x40000080        0x0 /cygdrive/c/Embedded/GNUARM/bin/../lib/gcc/arm-elf/4.1.1/interwork/libgcc.a(_call_via_rX.o)
 .data          0x40000080        0x0 /cygdrive/c/Embedded/GNUARM/bin/../lib/gcc/arm-elf/4.1.1/interwork/libgcc.a(_addsubdf3.o)
 .data          0x40000080        0x0 /cygdrive/c/Embedded/GNUARM/bin/../lib/gcc/arm-elf/4.1.1/interwork/libgcc.a(_fixdfsi.o)
 .data          0x40000080        0x0 /cygdrive/c/Embedded/GNUARM/bin/../lib/gcc/arm-elf/4.1.1/interwork/libgcc.a(_addsubsf3.o)
 .data          0x40000080        0x0 /cygdrive/c/Embedded/GNUARM/bin/../lib/gcc/arm-elf/4.1.1/interwork/libgcc.a(_muldivsf3.o)
 .data          0x40000080        0x0 /cygdrive/c/Embedded/GNUARM/bin/../lib/gcc/arm-elf/4.1.1/interwork/libgcc.a(_fixsfsi.o)
 .data          0x40000080        0x0 /cygdrive/c/Embedded/GNUARM/bin/../lib/gcc/arm-elf/4.1.1/../../../../arm-elf/lib/interwork/libc.a(atoi.o)
 .data          0x40000080        0x0 /cygdrive/c/Embedded/GNUARM/bin/../lib/gcc/arm-elf/4.1.1/../../../../arm-elf/lib/interwork/libc.a(memcpy.o)
 .data          0x40000080        0x0 /cygdrive/c/Embedded/GNUARM/bin/../lib/gcc/arm-elf/4.1.1/../../../../arm-elf/lib/interwork/libc.a(strlen.o)
 .data          0x40000080        0x0 /cygdrive/c/Embedded/GNUARM/bin/../lib/gcc/arm-elf/4.1.1/../../../../arm-elf/lib/interwork/libc.a(strncpy.o)
 .data          0x40000080        0x0 /cygdrive/c/Embedded/GNUARM/bin/../lib/gcc/arm-elf/4.1.1/../../../../arm-elf/lib/interwork/libc.a(strtol.o)
 .data          0x40000080        0x4 /cygdrive/c/Embedded/GNUARM/bin/../lib/gcc/arm-elf/4.1.1/../../../../arm-elf/lib/interwork/libc.a(ctype_.o)
                0x40000080                __ctype_ptr
 .data          0x40000084      0x404 /cygdrive/c/Embedded/GNUARM/bin/../lib/gcc/arm-elf/4.1.1/../../../../arm-elf/lib/interwork/libc.a(impure.o)
                0x40000084                _impure_ptr
                0x40000488                . = ALIGN (0x4)
                0x40000488                _edata = .
                0x40000488                PROVIDE (edata, .)

.bss            0x40000488     0x2700
                0x40000488                _bss = .
                0x40000488                __bss_start = .
                0x40000488                __bss_start__ = .
 *(.bss)
 .bss           0x40000488     0x1198 main.o
                0x40000488                msClock
 .bss           0x40001620        0x0 myLCD.o
 .bss           0x40001620        0x0 myMMC.o
 .bss           0x40001620        0x0 testI2C.o
 .bss           0x40001620        0x0 eeprom.o
 .bss           0x40001620        0x0 i2c.o
 .bss           0x40001620        0x0 myTimerRTC.o
 .bss           0x40001620        0x0 wavplayer.o
 .bss           0x40001620        0x0 ./startup/libea_startup_thumb.a(consol.o)
 .bss           0x40001620        0x0 ./startup/libea_startup_thumb.a(framework.o)
 .bss           0x40001620        0x0 ./startup/libea_startup_thumb.a(startup.o)
 .bss           0x40001620       0x2c ./pre_emptive_os/pre_emptive_os.a(kernel.o)
                0x40001620                osLockNesting
                0x40001624                pNxtToRun
                0x40001628                pRunProc
                0x40001621                isrNesting
 .bss           0x4000164c        0x0 ./pre_emptive_os/pre_emptive_os.a(prioqueue.o)
 .bss           0x4000164c      0x348 ./pre_emptive_os/pre_emptive_os.a(timer.o)
 .bss           0x40001994        0x0 ./pre_emptive_os/pre_emptive_os.a(stack_usage.o)
 .bss           0x40001994        0x0 ./pre_emptive_os/pre_emptive_os.a(a7hal.o)
 .bss           0x40001994        0x0 ./pre_emptive_os/pre_emptive_os.a(a7hal_a.o)
 .bss           0x40001994        0x0 ./pre_emptive_os/pre_emptive_os.a(count_sem.o)
 .bss           0x40001994        0x0 ./pre_emptive_os/pre_emptive_os.a(event.o)
 .bss           0x40001994        0x0 ./filesys/filesys.a(efs.o)
 .bss           0x40001994        0x0 ./filesys/filesys.a(file.o)
 .bss           0x40001994        0x0 ./filesys/filesys.a(fs.o)
 .bss           0x40001994        0x0 ./filesys/filesys.a(ioman.o)
 .bss           0x40001994        0x0 ./filesys/filesys.a(libc.o)
 .bss           0x40001994        0x0 ./filesys/filesys.a(ls.o)
 .bss           0x40001994        0x0 ./filesys/filesys.a(partition.o)
 .bss           0x40001994        0x0 ./filesys/filesys.a(time.o)
 .bss           0x40001994        0x0 ./filesys/filesys.a(extract.o)
 .bss           0x40001994        0x0 ./filesys/filesys.a(dir.o)
 .bss           0x40001994        0x0 ./filesys/filesys.a(disc.o)
 .bss           0x40001994        0x0 ./filesys/filesys.a(fat.o)
 .bss           0x40001994        0x0 ./mmc/mmc.a(hwinterface.o)
 .bss           0x40001994        0x0 ./mmc/mmc.a(sd.o)
 .bss           0x40001994        0x0 /cygdrive/c/Embedded/GNUARM/bin/../lib/gcc/arm-elf/4.1.1/interwork/libgcc.a(_udivsi3.o)
 .bss           0x40001994        0x0 /cygdrive/c/Embedded/GNUARM/bin/../lib/gcc/arm-elf/4.1.1/interwork/libgcc.a(_divsi3.o)
 .bss           0x40001994        0x0 /cygdrive/c/Embedded/GNUARM/bin/../lib/gcc/arm-elf/4.1.1/interwork/libgcc.a(_umodsi3.o)
 .bss           0x40001994        0x0 /cygdrive/c/Embedded/GNUARM/bin/../lib/gcc/arm-elf/4.1.1/interwork/libgcc.a(_modsi3.o)
 .bss           0x40001994        0x0 /cygdrive/c/Embedded/GNUARM/bin/../lib/gcc/arm-elf/4.1.1/interwork/libgcc.a(_dvmd_tls.o)
 .bss           0x40001994        0x0 /cygdrive/c/Embedded/GNUARM/bin/../lib/gcc/arm-elf/4.1.1/interwork/libgcc.a(_call_via_rX.o)
 .bss           0x40001994        0x0 /cygdrive/c/Embedded/GNUARM/bin/../lib/gcc/arm-elf/4.1.1/interwork/libgcc.a(_addsubdf3.o)
 .bss           0x40001994        0x0 /cygdrive/c/Embedded/GNUARM/bin/../lib/gcc/arm-elf/4.1.1/interwork/libgcc.a(_fixdfsi.o)
 .bss           0x40001994        0x0 /cygdrive/c/Embedded/GNUARM/bin/../lib/gcc/arm-elf/4.1.1/interwork/libgcc.a(_addsubsf3.o)
 .bss           0x40001994        0x0 /cygdrive/c/Embedded/GNUARM/bin/../lib/gcc/arm-elf/4.1.1/interwork/libgcc.a(_muldivsf3.o)
 .bss           0x40001994        0x0 /cygdrive/c/Embedded/GNUARM/bin/../lib/gcc/arm-elf/4.1.1/interwork/libgcc.a(_fixsfsi.o)
 .bss           0x40001994        0x0 /cygdrive/c/Embedded/GNUARM/bin/../lib/gcc/arm-elf/4.1.1/../../../../arm-elf/lib/interwork/libc.a(atoi.o)
 .bss           0x40001994        0x0 /cygdrive/c/Embedded/GNUARM/bin/../lib/gcc/arm-elf/4.1.1/../../../../arm-elf/lib/interwork/libc.a(memcpy.o)
 .bss           0x40001994        0x0 /cygdrive/c/Embedded/GNUARM/bin/../lib/gcc/arm-elf/4.1.1/../../../../arm-elf/lib/interwork/libc.a(strlen.o)
 .bss           0x40001994        0x0 /cygdrive/c/Embedded/GNUARM/bin/../lib/gcc/arm-elf/4.1.1/../../../../arm-elf/lib/interwork/libc.a(strncpy.o)
 .bss           0x40001994        0x0 /cygdrive/c/Embedded/GNUARM/bin/../lib/gcc/arm-elf/4.1.1/../../../../arm-elf/lib/interwork/libc.a(strtol.o)
 .bss           0x40001994        0x0 /cygdrive/c/Embedded/GNUARM/bin/../lib/gcc/arm-elf/4.1.1/../../../../arm-elf/lib/interwork/libc.a(ctype_.o)
 .bss           0x40001994        0x0 /cygdrive/c/Embedded/GNUARM/bin/../lib/gcc/arm-elf/4.1.1/../../../../arm-elf/lib/interwork/libc.a(impure.o)
 *(COMMON)
 COMMON         0x40001994      0xd32 main.o
                0x40001994                rewindBackward
                0x40001995                xbeePresent
                0x40001998                isError
                0x4000199c                currentVolume
                0x4000199d                changeLeft
                0x400019a0                fileName
                0x400019a4                volumeDown
                0x400019a5                displayChanged
                0x400019a6                changeRight
                0x400019a7                files
                0x400026a7                displayMode
                0x400026a8                error
                0x400026ac                rewindForward
                0x400026b0                currentSongInfo
                0x400026c4                volumeUp
                0x400026c5                mmcInitialized
 COMMON         0x400026c6        0x1 myLCD.o
                0x400026c6                currentDisplayMode
 *fill*         0x400026c7        0x1 00
 COMMON         0x400026c8      0x3a1 myMMC.o
                0x400026c8                list
                0x400026fc                songCount
                0x40002700                efs
                0x400029c4                myName
                0x400029e2                file_name
                0x400029f0                file
                0x40002a40                myAuthor
                0x40002a60                lastTime
                0x40002a64                size
                0x40002a68                lastDisplayMode
 *fill*         0x40002a69        0x3 00
 COMMON         0x40002a6c       0x24 wavplayer.o
                0x40002a6c                rewindTimer
                0x40002a70                fileOffset
                0x40002a74                myFile
                0x40002a78                soundTable
                0x40002a7c                rewTime
                0x40002a80                fileSize
                0x40002a84                joystickTimer
                0x40002a88                canPlay
                0x40002a8c                filePtr
 COMMON         0x40002a90        0x8 ./startup/libea_startup_thumb.a(framework.o)
                0x40002a90                pHeapEnd
                0x40002a94                pHeapStart
 COMMON         0x40002a98       0xf0 ./pre_emptive_os/pre_emptive_os.a(kernel.o)
                0x40002a98                processControlBlocks
                0x40002b88                . = ALIGN (0x4)
                0x40002b88                . = ALIGN (0x4)
                0x40002b88                __bss_end = .
                0x40002b88                __bss_end__ = .
                0x40002b88                _end = .
                0x40002b88                PROVIDE (end, .)

.stab           0x00000000      0x600
 *(.stab)
 .stab          0x00000000      0x3c0 ./startup/libea_startup_thumb.a(startup.o)
 .stab          0x000003c0      0x240 ./pre_emptive_os/pre_emptive_os.a(a7hal_a.o)
                                0x24c (size before relaxing)

.stabstr        0x00000000       0x99
 *(.stabstr)
 .stabstr       0x00000000       0x99 ./startup/libea_startup_thumb.a(startup.o)

.stab.excl
 *(.stab.excl)

.stab.exclstr
 *(.stab.exclstr)

.stab.index
 *(.stab.index)

.stab.indexstr
 *(.stab.indexstr)

.comment        0x00000000      0x2ac
 *(.comment)
 .comment       0x00000000       0x12 main.o
 .comment       0x00000012       0x12 myLCD.o
 .comment       0x00000024       0x12 myMMC.o
 .comment       0x00000036       0x12 testI2C.o
 .comment       0x00000048       0x12 eeprom.o
 .comment       0x0000005a       0x12 i2c.o
 .comment       0x0000006c       0x12 myTimerRTC.o
 .comment       0x0000007e       0x12 wavplayer.o
 .comment       0x00000090       0x12 ./startup/libea_startup_thumb.a(consol.o)
 .comment       0x000000a2       0x12 ./startup/libea_startup_thumb.a(framework.o)
 .comment       0x000000b4       0x12 ./pre_emptive_os/pre_emptive_os.a(kernel.o)
 .comment       0x000000c6       0x12 ./pre_emptive_os/pre_emptive_os.a(prioqueue.o)
 .comment       0x000000d8       0x12 ./pre_emptive_os/pre_emptive_os.a(timer.o)
 .comment       0x000000ea       0x12 ./pre_emptive_os/pre_emptive_os.a(stack_usage.o)
 .comment       0x000000fc       0x12 ./pre_emptive_os/pre_emptive_os.a(a7hal.o)
 .comment       0x0000010e       0x12 ./pre_emptive_os/pre_emptive_os.a(count_sem.o)
 .comment       0x00000120       0x12 ./pre_emptive_os/pre_emptive_os.a(event.o)
 .comment       0x00000132       0x12 ./filesys/filesys.a(efs.o)
 .comment       0x00000144       0x12 ./filesys/filesys.a(file.o)
 .comment       0x00000156       0x12 ./filesys/filesys.a(fs.o)
 .comment       0x00000168       0x12 ./filesys/filesys.a(ioman.o)
 .comment       0x0000017a       0x12 ./filesys/filesys.a(libc.o)
 .comment       0x0000018c       0x12 ./filesys/filesys.a(ls.o)
 .comment       0x0000019e       0x12 ./filesys/filesys.a(partition.o)
 .comment       0x000001b0       0x12 ./filesys/filesys.a(time.o)
 .comment       0x000001c2       0x12 ./filesys/filesys.a(extract.o)
 .comment       0x000001d4       0x12 ./filesys/filesys.a(dir.o)
 .comment       0x000001e6       0x12 ./filesys/filesys.a(disc.o)
 .comment       0x000001f8       0x12 ./filesys/filesys.a(fat.o)
 .comment       0x0000020a       0x12 ./mmc/mmc.a(hwinterface.o)
 .comment       0x0000021c       0x12 ./mmc/mmc.a(sd.o)
 .comment       0x0000022e       0x12 /cygdrive/c/Embedded/GNUARM/bin/../lib/gcc/arm-elf/4.1.1/../../../../arm-elf/lib/interwork/libc.a(atoi.o)
 .comment       0x00000240       0x12 /cygdrive/c/Embedded/GNUARM/bin/../lib/gcc/arm-elf/4.1.1/../../../../arm-elf/lib/interwork/libc.a(memcpy.o)
 .comment       0x00000252       0x12 /cygdrive/c/Embedded/GNUARM/bin/../lib/gcc/arm-elf/4.1.1/../../../../arm-elf/lib/interwork/libc.a(strlen.o)
 .comment       0x00000264       0x12 /cygdrive/c/Embedded/GNUARM/bin/../lib/gcc/arm-elf/4.1.1/../../../../arm-elf/lib/interwork/libc.a(strncpy.o)
 .comment       0x00000276       0x12 /cygdrive/c/Embedded/GNUARM/bin/../lib/gcc/arm-elf/4.1.1/../../../../arm-elf/lib/interwork/libc.a(strtol.o)
 .comment       0x00000288       0x12 /cygdrive/c/Embedded/GNUARM/bin/../lib/gcc/arm-elf/4.1.1/../../../../arm-elf/lib/interwork/libc.a(ctype_.o)
 .comment       0x0000029a       0x12 /cygdrive/c/Embedded/GNUARM/bin/../lib/gcc/arm-elf/4.1.1/../../../../arm-elf/lib/interwork/libc.a(impure.o)

.debug
 *(.debug)

.line
 *(.line)

.debug_srcinfo
 *(.debug_srcinfo)

.debug_sfnames
 *(.debug_sfnames)

.debug_aranges  0x00000000      0x4e0
 *(.debug_aranges)
 .debug_aranges
                0x00000000       0x20 ./startup/libea_startup_thumb.a(consol.o)
 .debug_aranges
                0x00000020       0x20 ./startup/libea_startup_thumb.a(framework.o)
 .debug_aranges
                0x00000040       0x20 ./pre_emptive_os/pre_emptive_os.a(kernel.o)
 .debug_aranges
                0x00000060       0x20 ./pre_emptive_os/pre_emptive_os.a(prioqueue.o)
 .debug_aranges
                0x00000080       0x20 ./pre_emptive_os/pre_emptive_os.a(timer.o)
 .debug_aranges
                0x000000a0       0x20 ./pre_emptive_os/pre_emptive_os.a(stack_usage.o)
 .debug_aranges
                0x000000c0       0x20 ./pre_emptive_os/pre_emptive_os.a(a7hal.o)
 .debug_aranges
                0x000000e0       0x20 ./pre_emptive_os/pre_emptive_os.a(count_sem.o)
 .debug_aranges
                0x00000100       0x20 ./pre_emptive_os/pre_emptive_os.a(event.o)
 .debug_aranges
                0x00000120       0x20 ./filesys/filesys.a(efs.o)
 .debug_aranges
                0x00000140       0x20 ./filesys/filesys.a(file.o)
 .debug_aranges
                0x00000160       0x20 ./filesys/filesys.a(fs.o)
 .debug_aranges
                0x00000180       0x20 ./filesys/filesys.a(ioman.o)
 .debug_aranges
                0x000001a0       0x20 ./filesys/filesys.a(libc.o)
 .debug_aranges
                0x000001c0       0x20 ./filesys/filesys.a(ls.o)
 .debug_aranges
                0x000001e0       0x20 ./filesys/filesys.a(partition.o)
 .debug_aranges
                0x00000200       0x20 ./filesys/filesys.a(time.o)
 .debug_aranges
                0x00000220       0x20 ./filesys/filesys.a(extract.o)
 .debug_aranges
                0x00000240       0x20 ./filesys/filesys.a(dir.o)
 .debug_aranges
                0x00000260       0x20 ./filesys/filesys.a(disc.o)
 .debug_aranges
                0x00000280       0x20 ./filesys/filesys.a(fat.o)
 .debug_aranges
                0x000002a0       0x20 ./mmc/mmc.a(hwinterface.o)
 .debug_aranges
                0x000002c0       0x20 ./mmc/mmc.a(sd.o)
 .debug_aranges
                0x000002e0       0x20 /cygdrive/c/Embedded/GNUARM/bin/../lib/gcc/arm-elf/4.1.1/interwork/libgcc.a(_udivsi3.o)
 .debug_aranges
                0x00000300       0x20 /cygdrive/c/Embedded/GNUARM/bin/../lib/gcc/arm-elf/4.1.1/interwork/libgcc.a(_divsi3.o)
 .debug_aranges
                0x00000320       0x20 /cygdrive/c/Embedded/GNUARM/bin/../lib/gcc/arm-elf/4.1.1/interwork/libgcc.a(_umodsi3.o)
 .debug_aranges
                0x00000340       0x20 /cygdrive/c/Embedded/GNUARM/bin/../lib/gcc/arm-elf/4.1.1/interwork/libgcc.a(_modsi3.o)
 .debug_aranges
                0x00000360       0x20 /cygdrive/c/Embedded/GNUARM/bin/../lib/gcc/arm-elf/4.1.1/interwork/libgcc.a(_dvmd_tls.o)
 .debug_aranges
                0x00000380       0x20 /cygdrive/c/Embedded/GNUARM/bin/../lib/gcc/arm-elf/4.1.1/interwork/libgcc.a(_call_via_rX.o)
 .debug_aranges
                0x000003a0       0x20 /cygdrive/c/Embedded/GNUARM/bin/../lib/gcc/arm-elf/4.1.1/interwork/libgcc.a(_addsubdf3.o)
 .debug_aranges
                0x000003c0       0x20 /cygdrive/c/Embedded/GNUARM/bin/../lib/gcc/arm-elf/4.1.1/interwork/libgcc.a(_fixdfsi.o)
 .debug_aranges
                0x000003e0       0x20 /cygdrive/c/Embedded/GNUARM/bin/../lib/gcc/arm-elf/4.1.1/interwork/libgcc.a(_addsubsf3.o)
 .debug_aranges
                0x00000400       0x20 /cygdrive/c/Embedded/GNUARM/bin/../lib/gcc/arm-elf/4.1.1/interwork/libgcc.a(_muldivsf3.o)
 .debug_aranges
                0x00000420       0x20 /cygdrive/c/Embedded/GNUARM/bin/../lib/gcc/arm-elf/4.1.1/interwork/libgcc.a(_fixsfsi.o)
 .debug_aranges
                0x00000440       0x20 /cygdrive/c/Embedded/GNUARM/bin/../lib/gcc/arm-elf/4.1.1/../../../../arm-elf/lib/interwork/libc.a(atoi.o)
 .debug_aranges
                0x00000460       0x20 /cygdrive/c/Embedded/GNUARM/bin/../lib/gcc/arm-elf/4.1.1/../../../../arm-elf/lib/interwork/libc.a(memcpy.o)
 .debug_aranges
                0x00000480       0x20 /cygdrive/c/Embedded/GNUARM/bin/../lib/gcc/arm-elf/4.1.1/../../../../arm-elf/lib/interwork/libc.a(strlen.o)
 .debug_aranges
                0x000004a0       0x20 /cygdrive/c/Embedded/GNUARM/bin/../lib/gcc/arm-elf/4.1.1/../../../../arm-elf/lib/interwork/libc.a(strncpy.o)
 .debug_aranges
                0x000004c0       0x20 /cygdrive/c/Embedded/GNUARM/bin/../lib/gcc/arm-elf/4.1.1/../../../../arm-elf/lib/interwork/libc.a(strtol.o)

.debug_pubnames
                0x00000000     0x131b
 *(.debug_pubnames)
 .debug_pubnames
                0x00000000       0xda ./startup/libea_startup_thumb.a(consol.o)
 .debug_pubnames
                0x000000da       0x63 ./startup/libea_startup_thumb.a(framework.o)
 .debug_pubnames
                0x0000013d      0x17f ./pre_emptive_os/pre_emptive_os.a(kernel.o)
 .debug_pubnames
                0x000002bc       0x76 ./pre_emptive_os/pre_emptive_os.a(prioqueue.o)
 .debug_pubnames
                0x00000332       0x55 ./pre_emptive_os/pre_emptive_os.a(timer.o)
 .debug_pubnames
                0x00000387       0x4e ./pre_emptive_os/pre_emptive_os.a(stack_usage.o)
 .debug_pubnames
                0x000003d5       0xc1 ./pre_emptive_os/pre_emptive_os.a(a7hal.o)
 .debug_pubnames
                0x00000496       0x4d ./pre_emptive_os/pre_emptive_os.a(count_sem.o)
 .debug_pubnames
                0x000004e3       0x63 ./pre_emptive_os/pre_emptive_os.a(event.o)
 .debug_pubnames
                0x00000546       0x1f ./filesys/filesys.a(efs.o)
 .debug_pubnames
                0x00000565       0xf9 ./filesys/filesys.a(file.o)
 .debug_pubnames
                0x0000065e      0x205 ./filesys/filesys.a(fs.o)
 .debug_pubnames
                0x00000863      0x2cd ./filesys/filesys.a(ioman.o)
 .debug_pubnames
                0x00000b30       0x40 ./filesys/filesys.a(libc.o)
 .debug_pubnames
                0x00000b70       0xa9 ./filesys/filesys.a(ls.o)
 .debug_pubnames
                0x00000c19       0xdd ./filesys/filesys.a(partition.o)
 .debug_pubnames
                0x00000cf6       0x48 ./filesys/filesys.a(time.o)
 .debug_pubnames
                0x00000d3e       0x7c ./filesys/filesys.a(extract.o)
 .debug_pubnames
                0x00000dba      0x158 ./filesys/filesys.a(dir.o)
 .debug_pubnames
                0x00000f12       0x35 ./filesys/filesys.a(disc.o)
 .debug_pubnames
                0x00000f47      0x19b ./filesys/filesys.a(fat.o)
 .debug_pubnames
                0x000010e2       0x85 ./mmc/mmc.a(hwinterface.o)
 .debug_pubnames
                0x00001167       0xa3 ./mmc/mmc.a(sd.o)
 .debug_pubnames
                0x0000120a       0x27 /cygdrive/c/Embedded/GNUARM/bin/../lib/gcc/arm-elf/4.1.1/../../../../arm-elf/lib/interwork/libc.a(atoi.o)
 .debug_pubnames
                0x00001231       0x1d /cygdrive/c/Embedded/GNUARM/bin/../lib/gcc/arm-elf/4.1.1/../../../../arm-elf/lib/interwork/libc.a(memcpy.o)
 .debug_pubnames
                0x0000124e       0x1d /cygdrive/c/Embedded/GNUARM/bin/../lib/gcc/arm-elf/4.1.1/../../../../arm-elf/lib/interwork/libc.a(strlen.o)
 .debug_pubnames
                0x0000126b       0x1e /cygdrive/c/Embedded/GNUARM/bin/../lib/gcc/arm-elf/4.1.1/../../../../arm-elf/lib/interwork/libc.a(strncpy.o)
 .debug_pubnames
                0x00001289       0x2b /cygdrive/c/Embedded/GNUARM/bin/../lib/gcc/arm-elf/4.1.1/../../../../arm-elf/lib/interwork/libc.a(strtol.o)
 .debug_pubnames
                0x000012b4       0x2e /cygdrive/c/Embedded/GNUARM/bin/../lib/gcc/arm-elf/4.1.1/../../../../arm-elf/lib/interwork/libc.a(ctype_.o)
 .debug_pubnames
                0x000012e2       0x39 /cygdrive/c/Embedded/GNUARM/bin/../lib/gcc/arm-elf/4.1.1/../../../../arm-elf/lib/interwork/libc.a(impure.o)

.debug_info     0x00000000     0x9ee2
 *(.debug_info .gnu.linkonce.wi.*)
 .debug_info    0x00000000      0x584 ./startup/libea_startup_thumb.a(consol.o)
 .debug_info    0x00000584      0x1e5 ./startup/libea_startup_thumb.a(framework.o)
 .debug_info    0x00000769      0x5fe ./pre_emptive_os/pre_emptive_os.a(kernel.o)
 .debug_info    0x00000d67      0x2e8 ./pre_emptive_os/pre_emptive_os.a(prioqueue.o)
 .debug_info    0x0000104f      0x4b8 ./pre_emptive_os/pre_emptive_os.a(timer.o)
 .debug_info    0x00001507      0x2cf ./pre_emptive_os/pre_emptive_os.a(stack_usage.o)
 .debug_info    0x000017d6      0x189 ./pre_emptive_os/pre_emptive_os.a(a7hal.o)
 .debug_info    0x0000195f      0x32b ./pre_emptive_os/pre_emptive_os.a(count_sem.o)
 .debug_info    0x00001c8a      0x2ee ./pre_emptive_os/pre_emptive_os.a(event.o)
 .debug_info    0x00001f78      0x4f9 ./filesys/filesys.a(efs.o)
 .debug_info    0x00002471      0xc03 ./filesys/filesys.a(file.o)
 .debug_info    0x00003074      0xc66 ./filesys/filesys.a(fs.o)
 .debug_info    0x00003cda      0xbe8 ./filesys/filesys.a(ioman.o)
 .debug_info    0x000048c2      0x167 ./filesys/filesys.a(libc.o)
 .debug_info    0x00004a29      0x75b ./filesys/filesys.a(ls.o)
 .debug_info    0x00005184      0x5be ./filesys/filesys.a(partition.o)
 .debug_info    0x00005742       0x79 ./filesys/filesys.a(time.o)
 .debug_info    0x000057bb      0x279 ./filesys/filesys.a(extract.o)
 .debug_info    0x00005a34      0xb59 ./filesys/filesys.a(dir.o)
 .debug_info    0x0000658d      0x32c ./filesys/filesys.a(disc.o)
 .debug_info    0x000068b9      0xaca ./filesys/filesys.a(fat.o)
 .debug_info    0x00007383      0x2e4 ./mmc/mmc.a(hwinterface.o)
 .debug_info    0x00007667      0x410 ./mmc/mmc.a(sd.o)
 .debug_info    0x00007a77       0x68 /cygdrive/c/Embedded/GNUARM/bin/../lib/gcc/arm-elf/4.1.1/interwork/libgcc.a(_udivsi3.o)
 .debug_info    0x00007adf       0x68 /cygdrive/c/Embedded/GNUARM/bin/../lib/gcc/arm-elf/4.1.1/interwork/libgcc.a(_divsi3.o)
 .debug_info    0x00007b47       0x68 /cygdrive/c/Embedded/GNUARM/bin/../lib/gcc/arm-elf/4.1.1/interwork/libgcc.a(_umodsi3.o)
 .debug_info    0x00007baf       0x68 /cygdrive/c/Embedded/GNUARM/bin/../lib/gcc/arm-elf/4.1.1/interwork/libgcc.a(_modsi3.o)
 .debug_info    0x00007c17       0x68 /cygdrive/c/Embedded/GNUARM/bin/../lib/gcc/arm-elf/4.1.1/interwork/libgcc.a(_dvmd_tls.o)
 .debug_info    0x00007c7f       0x68 /cygdrive/c/Embedded/GNUARM/bin/../lib/gcc/arm-elf/4.1.1/interwork/libgcc.a(_call_via_rX.o)
 .debug_info    0x00007ce7       0x67 /cygdrive/c/Embedded/GNUARM/bin/../lib/gcc/arm-elf/4.1.1/interwork/libgcc.a(_addsubdf3.o)
 .debug_info    0x00007d4e       0x67 /cygdrive/c/Embedded/GNUARM/bin/../lib/gcc/arm-elf/4.1.1/interwork/libgcc.a(_fixdfsi.o)
 .debug_info    0x00007db5       0x67 /cygdrive/c/Embedded/GNUARM/bin/../lib/gcc/arm-elf/4.1.1/interwork/libgcc.a(_addsubsf3.o)
 .debug_info    0x00007e1c       0x67 /cygdrive/c/Embedded/GNUARM/bin/../lib/gcc/arm-elf/4.1.1/interwork/libgcc.a(_muldivsf3.o)
 .debug_info    0x00007e83       0x67 /cygdrive/c/Embedded/GNUARM/bin/../lib/gcc/arm-elf/4.1.1/interwork/libgcc.a(_fixsfsi.o)
 .debug_info    0x00007eea      0x949 /cygdrive/c/Embedded/GNUARM/bin/../lib/gcc/arm-elf/4.1.1/../../../../arm-elf/lib/interwork/libc.a(atoi.o)
 .debug_info    0x00008833      0x10a /cygdrive/c/Embedded/GNUARM/bin/../lib/gcc/arm-elf/4.1.1/../../../../arm-elf/lib/interwork/libc.a(memcpy.o)
 .debug_info    0x0000893d       0xd4 /cygdrive/c/Embedded/GNUARM/bin/../lib/gcc/arm-elf/4.1.1/../../../../arm-elf/lib/interwork/libc.a(strlen.o)
 .debug_info    0x00008a11      0x127 /cygdrive/c/Embedded/GNUARM/bin/../lib/gcc/arm-elf/4.1.1/../../../../arm-elf/lib/interwork/libc.a(strncpy.o)
 .debug_info    0x00008b38      0xa0f /cygdrive/c/Embedded/GNUARM/bin/../lib/gcc/arm-elf/4.1.1/../../../../arm-elf/lib/interwork/libc.a(strtol.o)
 .debug_info    0x00009547       0x79 /cygdrive/c/Embedded/GNUARM/bin/../lib/gcc/arm-elf/4.1.1/../../../../arm-elf/lib/interwork/libc.a(ctype_.o)
 .debug_info    0x000095c0      0x922 /cygdrive/c/Embedded/GNUARM/bin/../lib/gcc/arm-elf/4.1.1/../../../../arm-elf/lib/interwork/libc.a(impure.o)

.debug_abbrev   0x00000000     0x28c8
 *(.debug_abbrev)
 .debug_abbrev  0x00000000      0x2a4 ./startup/libea_startup_thumb.a(consol.o)
 .debug_abbrev  0x000002a4       0xd0 ./startup/libea_startup_thumb.a(framework.o)
 .debug_abbrev  0x00000374      0x1b8 ./pre_emptive_os/pre_emptive_os.a(kernel.o)
 .debug_abbrev  0x0000052c      0x11e ./pre_emptive_os/pre_emptive_os.a(prioqueue.o)
 .debug_abbrev  0x0000064a      0x154 ./pre_emptive_os/pre_emptive_os.a(timer.o)
 .debug_abbrev  0x0000079e      0x170 ./pre_emptive_os/pre_emptive_os.a(stack_usage.o)
 .debug_abbrev  0x0000090e       0xf2 ./pre_emptive_os/pre_emptive_os.a(a7hal.o)
 .debug_abbrev  0x00000a00      0x101 ./pre_emptive_os/pre_emptive_os.a(count_sem.o)
 .debug_abbrev  0x00000b01      0x103 ./pre_emptive_os/pre_emptive_os.a(event.o)
 .debug_abbrev  0x00000c04       0xe8 ./filesys/filesys.a(efs.o)
 .debug_abbrev  0x00000cec      0x26d ./filesys/filesys.a(file.o)
 .debug_abbrev  0x00000f59      0x2d2 ./filesys/filesys.a(fs.o)
 .debug_abbrev  0x0000122b      0x276 ./filesys/filesys.a(ioman.o)
 .debug_abbrev  0x000014a1       0xb2 ./filesys/filesys.a(libc.o)
 .debug_abbrev  0x00001553      0x11e ./filesys/filesys.a(ls.o)
 .debug_abbrev  0x00001671      0x16c ./filesys/filesys.a(partition.o)
 .debug_abbrev  0x000017dd       0x36 ./filesys/filesys.a(time.o)
 .debug_abbrev  0x00001813       0xfd ./filesys/filesys.a(extract.o)
 .debug_abbrev  0x00001910      0x1c2 ./filesys/filesys.a(dir.o)
 .debug_abbrev  0x00001ad2       0xe1 ./filesys/filesys.a(disc.o)
 .debug_abbrev  0x00001bb3      0x247 ./filesys/filesys.a(fat.o)
 .debug_abbrev  0x00001dfa      0x170 ./mmc/mmc.a(hwinterface.o)
 .debug_abbrev  0x00001f6a      0x1e8 ./mmc/mmc.a(sd.o)
 .debug_abbrev  0x00002152       0x14 /cygdrive/c/Embedded/GNUARM/bin/../lib/gcc/arm-elf/4.1.1/interwork/libgcc.a(_udivsi3.o)
 .debug_abbrev  0x00002166       0x14 /cygdrive/c/Embedded/GNUARM/bin/../lib/gcc/arm-elf/4.1.1/interwork/libgcc.a(_divsi3.o)
 .debug_abbrev  0x0000217a       0x14 /cygdrive/c/Embedded/GNUARM/bin/../lib/gcc/arm-elf/4.1.1/interwork/libgcc.a(_umodsi3.o)
 .debug_abbrev  0x0000218e       0x14 /cygdrive/c/Embedded/GNUARM/bin/../lib/gcc/arm-elf/4.1.1/interwork/libgcc.a(_modsi3.o)
 .debug_abbrev  0x000021a2       0x14 /cygdrive/c/Embedded/GNUARM/bin/../lib/gcc/arm-elf/4.1.1/interwork/libgcc.a(_dvmd_tls.o)
 .debug_abbrev  0x000021b6       0x14 /cygdrive/c/Embedded/GNUARM/bin/../lib/gcc/arm-elf/4.1.1/interwork/libgcc.a(_call_via_rX.o)
 .debug_abbrev  0x000021ca       0x14 /cygdrive/c/Embedded/GNUARM/bin/../lib/gcc/arm-elf/4.1.1/interwork/libgcc.a(_addsubdf3.o)
 .debug_abbrev  0x000021de       0x14 /cygdrive/c/Embedded/GNUARM/bin/../lib/gcc/arm-elf/4.1.1/interwork/libgcc.a(_fixdfsi.o)
 .debug_abbrev  0x000021f2       0x14 /cygdrive/c/Embedded/GNUARM/bin/../lib/gcc/arm-elf/4.1.1/interwork/libgcc.a(_addsubsf3.o)
 .debug_abbrev  0x00002206       0x14 /cygdrive/c/Embedded/GNUARM/bin/../lib/gcc/arm-elf/4.1.1/interwork/libgcc.a(_muldivsf3.o)
 .debug_abbrev  0x0000221a       0x14 /cygdrive/c/Embedded/GNUARM/bin/../lib/gcc/arm-elf/4.1.1/interwork/libgcc.a(_fixsfsi.o)
 .debug_abbrev  0x0000222e      0x176 /cygdrive/c/Embedded/GNUARM/bin/../lib/gcc/arm-elf/4.1.1/../../../../arm-elf/lib/interwork/libc.a(atoi.o)
 .debug_abbrev  0x000023a4       0xa6 /cygdrive/c/Embedded/GNUARM/bin/../lib/gcc/arm-elf/4.1.1/../../../../arm-elf/lib/interwork/libc.a(memcpy.o)
 .debug_abbrev  0x0000244a       0x8b /cygdrive/c/Embedded/GNUARM/bin/../lib/gcc/arm-elf/4.1.1/../../../../arm-elf/lib/interwork/libc.a(strlen.o)
 .debug_abbrev  0x000024d5       0x8d /cygdrive/c/Embedded/GNUARM/bin/../lib/gcc/arm-elf/4.1.1/../../../../arm-elf/lib/interwork/libc.a(strncpy.o)
 .debug_abbrev  0x00002562      0x1bd /cygdrive/c/Embedded/GNUARM/bin/../lib/gcc/arm-elf/4.1.1/../../../../arm-elf/lib/interwork/libc.a(strtol.o)
 .debug_abbrev  0x0000271f       0x52 /cygdrive/c/Embedded/GNUARM/bin/../lib/gcc/arm-elf/4.1.1/../../../../arm-elf/lib/interwork/libc.a(ctype_.o)
 .debug_abbrev  0x00002771      0x157 /cygdrive/c/Embedded/GNUARM/bin/../lib/gcc/arm-elf/4.1.1/../../../../arm-elf/lib/interwork/libc.a(impure.o)

.debug_line     0x00000000     0x258c
 *(.debug_line)
 .debug_line    0x00000000      0x193 ./startup/libea_startup_thumb.a(consol.o)
 .debug_line    0x00000193       0xba ./startup/libea_startup_thumb.a(framework.o)
 .debug_line    0x0000024d      0x176 ./pre_emptive_os/pre_emptive_os.a(kernel.o)
 .debug_line    0x000003c3       0xbb ./pre_emptive_os/pre_emptive_os.a(prioqueue.o)
 .debug_line    0x0000047e      0x109 ./pre_emptive_os/pre_emptive_os.a(timer.o)
 .debug_line    0x00000587       0x97 ./pre_emptive_os/pre_emptive_os.a(stack_usage.o)
 .debug_line    0x0000061e       0x8c ./pre_emptive_os/pre_emptive_os.a(a7hal.o)
 .debug_line    0x000006aa       0xd9 ./pre_emptive_os/pre_emptive_os.a(count_sem.o)
 .debug_line    0x00000783       0xaf ./pre_emptive_os/pre_emptive_os.a(event.o)
 .debug_line    0x00000832       0xb0 ./filesys/filesys.a(efs.o)
 .debug_line    0x000008e2      0x219 ./filesys/filesys.a(file.o)
 .debug_line    0x00000afb      0x205 ./filesys/filesys.a(fs.o)
 .debug_line    0x00000d00      0x2ca ./filesys/filesys.a(ioman.o)
 .debug_line    0x00000fca       0x52 ./filesys/filesys.a(libc.o)
 .debug_line    0x0000101c       0xdd ./filesys/filesys.a(ls.o)
 .debug_line    0x000010f9       0xcd ./filesys/filesys.a(partition.o)
 .debug_line    0x000011c6       0x3f ./filesys/filesys.a(time.o)
 .debug_line    0x00001205       0x80 ./filesys/filesys.a(extract.o)
 .debug_line    0x00001285      0x16a ./filesys/filesys.a(dir.o)
 .debug_line    0x000013ef       0x7b ./filesys/filesys.a(disc.o)
 .debug_line    0x0000146a      0x234 ./filesys/filesys.a(fat.o)
 .debug_line    0x0000169e       0xb1 ./mmc/mmc.a(hwinterface.o)
 .debug_line    0x0000174f      0x110 ./mmc/mmc.a(sd.o)
 .debug_line    0x0000185f       0x84 /cygdrive/c/Embedded/GNUARM/bin/../lib/gcc/arm-elf/4.1.1/interwork/libgcc.a(_udivsi3.o)
 .debug_line    0x000018e3       0x90 /cygdrive/c/Embedded/GNUARM/bin/../lib/gcc/arm-elf/4.1.1/interwork/libgcc.a(_divsi3.o)
 .debug_line    0x00001973       0x6e /cygdrive/c/Embedded/GNUARM/bin/../lib/gcc/arm-elf/4.1.1/interwork/libgcc.a(_umodsi3.o)
 .debug_line    0x000019e1       0x74 /cygdrive/c/Embedded/GNUARM/bin/../lib/gcc/arm-elf/4.1.1/interwork/libgcc.a(_modsi3.o)
 .debug_line    0x00001a55       0x5d /cygdrive/c/Embedded/GNUARM/bin/../lib/gcc/arm-elf/4.1.1/interwork/libgcc.a(_dvmd_tls.o)
 .debug_line    0x00001ab2       0x6b /cygdrive/c/Embedded/GNUARM/bin/../lib/gcc/arm-elf/4.1.1/interwork/libgcc.a(_call_via_rX.o)
 .debug_line    0x00001b1d      0x165 /cygdrive/c/Embedded/GNUARM/bin/../lib/gcc/arm-elf/4.1.1/interwork/libgcc.a(_addsubdf3.o)
 .debug_line    0x00001c82       0x72 /cygdrive/c/Embedded/GNUARM/bin/../lib/gcc/arm-elf/4.1.1/interwork/libgcc.a(_fixdfsi.o)
 .debug_line    0x00001cf4      0x113 /cygdrive/c/Embedded/GNUARM/bin/../lib/gcc/arm-elf/4.1.1/interwork/libgcc.a(_addsubsf3.o)
 .debug_line    0x00001e07      0x11d /cygdrive/c/Embedded/GNUARM/bin/../lib/gcc/arm-elf/4.1.1/interwork/libgcc.a(_muldivsf3.o)
 .debug_line    0x00001f24       0x72 /cygdrive/c/Embedded/GNUARM/bin/../lib/gcc/arm-elf/4.1.1/interwork/libgcc.a(_fixsfsi.o)
 .debug_line    0x00001f96       0xf9 /cygdrive/c/Embedded/GNUARM/bin/../lib/gcc/arm-elf/4.1.1/../../../../arm-elf/lib/interwork/libc.a(atoi.o)
 .debug_line    0x0000208f       0xc8 /cygdrive/c/Embedded/GNUARM/bin/../lib/gcc/arm-elf/4.1.1/../../../../arm-elf/lib/interwork/libc.a(memcpy.o)
 .debug_line    0x00002157       0xaf /cygdrive/c/Embedded/GNUARM/bin/../lib/gcc/arm-elf/4.1.1/../../../../arm-elf/lib/interwork/libc.a(strlen.o)
 .debug_line    0x00002206       0xd5 /cygdrive/c/Embedded/GNUARM/bin/../lib/gcc/arm-elf/4.1.1/../../../../arm-elf/lib/interwork/libc.a(strncpy.o)
 .debug_line    0x000022db      0x173 /cygdrive/c/Embedded/GNUARM/bin/../lib/gcc/arm-elf/4.1.1/../../../../arm-elf/lib/interwork/libc.a(strtol.o)
 .debug_line    0x0000244e       0x5b /cygdrive/c/Embedded/GNUARM/bin/../lib/gcc/arm-elf/4.1.1/../../../../arm-elf/lib/interwork/libc.a(ctype_.o)
 .debug_line    0x000024a9       0xe3 /cygdrive/c/Embedded/GNUARM/bin/../lib/gcc/arm-elf/4.1.1/../../../../arm-elf/lib/interwork/libc.a(impure.o)

.debug_frame    0x00000000     0x185c
 *(.debug_frame)
 .debug_frame   0x00000000      0x150 ./startup/libea_startup_thumb.a(consol.o)
 .debug_frame   0x00000150       0xe0 ./startup/libea_startup_thumb.a(framework.o)
 .debug_frame   0x00000230      0x1e8 ./pre_emptive_os/pre_emptive_os.a(kernel.o)
 .debug_frame   0x00000418       0x8c ./pre_emptive_os/pre_emptive_os.a(prioqueue.o)
 .debug_frame   0x000004a4       0xb8 ./pre_emptive_os/pre_emptive_os.a(timer.o)
 .debug_frame   0x0000055c       0x58 ./pre_emptive_os/pre_emptive_os.a(stack_usage.o)
 .debug_frame   0x000005b4       0xa0 ./pre_emptive_os/pre_emptive_os.a(a7hal.o)
 .debug_frame   0x00000654       0x84 ./pre_emptive_os/pre_emptive_os.a(count_sem.o)
 .debug_frame   0x000006d8       0x94 ./pre_emptive_os/pre_emptive_os.a(event.o)
 .debug_frame   0x0000076c       0x30 ./filesys/filesys.a(efs.o)
 .debug_frame   0x0000079c      0x16c ./filesys/filesys.a(file.o)
 .debug_frame   0x00000908      0x23c ./filesys/filesys.a(fs.o)
 .debug_frame   0x00000b44      0x340 ./filesys/filesys.a(ioman.o)
 .debug_frame   0x00000e84       0x64 ./filesys/filesys.a(libc.o)
 .debug_frame   0x00000ee8       0xc8 ./filesys/filesys.a(ls.o)
 .debug_frame   0x00000fb0       0xf4 ./filesys/filesys.a(partition.o)
 .debug_frame   0x000010a4       0x40 ./filesys/filesys.a(time.o)
 .debug_frame   0x000010e4       0x84 ./filesys/filesys.a(extract.o)
 .debug_frame   0x00001168      0x1c0 ./filesys/filesys.a(dir.o)
 .debug_frame   0x00001328       0x40 ./filesys/filesys.a(disc.o)
 .debug_frame   0x00001368      0x19c ./filesys/filesys.a(fat.o)
 .debug_frame   0x00001504       0x9c ./mmc/mmc.a(hwinterface.o)
 .debug_frame   0x000015a0      0x108 ./mmc/mmc.a(sd.o)
 .debug_frame   0x000016a8       0x2c /cygdrive/c/Embedded/GNUARM/bin/../lib/gcc/arm-elf/4.1.1/interwork/libgcc.a(_udivsi3.o)
 .debug_frame   0x000016d4       0x2c /cygdrive/c/Embedded/GNUARM/bin/../lib/gcc/arm-elf/4.1.1/interwork/libgcc.a(_divsi3.o)
 .debug_frame   0x00001700       0x2c /cygdrive/c/Embedded/GNUARM/bin/../lib/gcc/arm-elf/4.1.1/interwork/libgcc.a(_umodsi3.o)
 .debug_frame   0x0000172c       0x2c /cygdrive/c/Embedded/GNUARM/bin/../lib/gcc/arm-elf/4.1.1/interwork/libgcc.a(_modsi3.o)
 .debug_frame   0x00001758       0x40 /cygdrive/c/Embedded/GNUARM/bin/../lib/gcc/arm-elf/4.1.1/../../../../arm-elf/lib/interwork/libc.a(atoi.o)
 .debug_frame   0x00001798       0x28 /cygdrive/c/Embedded/GNUARM/bin/../lib/gcc/arm-elf/4.1.1/../../../../arm-elf/lib/interwork/libc.a(memcpy.o)
 .debug_frame   0x000017c0       0x20 /cygdrive/c/Embedded/GNUARM/bin/../lib/gcc/arm-elf/4.1.1/../../../../arm-elf/lib/interwork/libc.a(strlen.o)
 .debug_frame   0x000017e0       0x2c /cygdrive/c/Embedded/GNUARM/bin/../lib/gcc/arm-elf/4.1.1/../../../../arm-elf/lib/interwork/libc.a(strncpy.o)
 .debug_frame   0x0000180c       0x50 /cygdrive/c/Embedded/GNUARM/bin/../lib/gcc/arm-elf/4.1.1/../../../../arm-elf/lib/interwork/libc.a(strtol.o)

.debug_str      0x00000000     0x20bd
 *(.debug_str)
 .debug_str     0x00000000      0x201 ./startup/libea_startup_thumb.a(consol.o)
                                0x246 (size before relaxing)
 .debug_str     0x00000201       0xdd ./startup/libea_startup_thumb.a(framework.o)
                                0x142 (size before relaxing)
 .debug_str     0x000002de      0x2f8 ./pre_emptive_os/pre_emptive_os.a(kernel.o)
                                0x35e (size before relaxing)
 .debug_str     0x000005d6       0x7d ./pre_emptive_os/pre_emptive_os.a(prioqueue.o)
                                0x246 (size before relaxing)
 .debug_str     0x00000653      0x114 ./pre_emptive_os/pre_emptive_os.a(timer.o)
                                0x2f7 (size before relaxing)
 .debug_str     0x00000767       0x70 ./pre_emptive_os/pre_emptive_os.a(stack_usage.o)
                                0x22b (size before relaxing)
 .debug_str     0x000007d7      0x16f ./pre_emptive_os/pre_emptive_os.a(a7hal.o)
                                0x1dd (size before relaxing)
 .debug_str     0x00000946       0x49 ./pre_emptive_os/pre_emptive_os.a(count_sem.o)
                                0x25b (size before relaxing)
 .debug_str     0x0000098f       0x51 ./pre_emptive_os/pre_emptive_os.a(event.o)
                                0x265 (size before relaxing)
 .debug_str     0x000009e0      0x235 ./filesys/filesys.a(efs.o)
                                0x320 (size before relaxing)
 .debug_str     0x00000c15      0x213 ./filesys/filesys.a(file.o)
                                0x57f (size before relaxing)
 .debug_str     0x00000e28      0x215 ./filesys/filesys.a(fs.o)
                                0x629 (size before relaxing)
 .debug_str     0x0000103d      0x280 ./filesys/filesys.a(ioman.o)
                                0x3b3 (size before relaxing)
 .debug_str     0x000012bd       0x3a ./filesys/filesys.a(libc.o)
                                 0xbb (size before relaxing)
 .debug_str     0x000012f7       0xb7 ./filesys/filesys.a(ls.o)
                                0x42d (size before relaxing)
 .debug_str     0x000013ae       0xc5 ./filesys/filesys.a(partition.o)
                                0x26e (size before relaxing)
 .debug_str     0x00001473       0x5d ./filesys/filesys.a(time.o)
                                 0x8a (size before relaxing)
 .debug_str     0x000014d0       0x6c ./filesys/filesys.a(extract.o)
                                0x159 (size before relaxing)
 .debug_str     0x0000153c      0x16e ./filesys/filesys.a(dir.o)
                                0x590 (size before relaxing)
 .debug_str     0x000016aa       0x22 ./filesys/filesys.a(disc.o)
                                0x19f (size before relaxing)
 .debug_str     0x000016cc      0x1bf ./filesys/filesys.a(fat.o)
                                0x519 (size before relaxing)
 .debug_str     0x0000188b       0xaf ./mmc/mmc.a(hwinterface.o)
                                0x160 (size before relaxing)
 .debug_str     0x0000193a       0xc9 ./mmc/mmc.a(sd.o)
                                0x192 (size before relaxing)
 .debug_str     0x00001a03      0x3f0 /cygdrive/c/Embedded/GNUARM/bin/../lib/gcc/arm-elf/4.1.1/../../../../arm-elf/lib/interwork/libc.a(atoi.o)
                                0x49e (size before relaxing)
 .debug_str     0x00001df3       0xaa /cygdrive/c/Embedded/GNUARM/bin/../lib/gcc/arm-elf/4.1.1/../../../../arm-elf/lib/interwork/libc.a(memcpy.o)
                                 0xd6 (size before relaxing)
 .debug_str     0x00001e9d       0x56 /cygdrive/c/Embedded/GNUARM/bin/../lib/gcc/arm-elf/4.1.1/../../../../arm-elf/lib/interwork/libc.a(strlen.o)
                                0x11f (size before relaxing)
 .debug_str     0x00001ef3       0x45 /cygdrive/c/Embedded/GNUARM/bin/../lib/gcc/arm-elf/4.1.1/../../../../arm-elf/lib/interwork/libc.a(strncpy.o)
                                0x136 (size before relaxing)
 .debug_str     0x00001f38       0x78 /cygdrive/c/Embedded/GNUARM/bin/../lib/gcc/arm-elf/4.1.1/../../../../arm-elf/lib/interwork/libc.a(strtol.o)
                                0x4e0 (size before relaxing)
 .debug_str     0x00001fb0       0x7b /cygdrive/c/Embedded/GNUARM/bin/../lib/gcc/arm-elf/4.1.1/../../../../arm-elf/lib/interwork/libc.a(ctype_.o)
                                 0xaa (size before relaxing)
 .debug_str     0x0000202b       0x92 /cygdrive/c/Embedded/GNUARM/bin/../lib/gcc/arm-elf/4.1.1/../../../../arm-elf/lib/interwork/libc.a(impure.o)
                                0x4bc (size before relaxing)

.debug_loc      0x00000000     0x4e79
 *(.debug_loc)
 .debug_loc     0x00000000      0x5ee ./startup/libea_startup_thumb.a(consol.o)
 .debug_loc     0x000005ee      0x1b2 ./startup/libea_startup_thumb.a(framework.o)
 .debug_loc     0x000007a0       0x8f ./filesys/filesys.a(efs.o)
 .debug_loc     0x0000082f      0x7ed ./filesys/filesys.a(file.o)
 .debug_loc     0x0000101c      0x86b ./filesys/filesys.a(fs.o)
 .debug_loc     0x00001887      0xe6d ./filesys/filesys.a(ioman.o)
 .debug_loc     0x000026f4      0x123 ./filesys/filesys.a(libc.o)
 .debug_loc     0x00002817      0x283 ./filesys/filesys.a(ls.o)
 .debug_loc     0x00002a9a      0x2d6 ./filesys/filesys.a(partition.o)
 .debug_loc     0x00002d70       0xc6 ./filesys/filesys.a(extract.o)
 .debug_loc     0x00002e36      0xa18 ./filesys/filesys.a(dir.o)
 .debug_loc     0x0000384e       0x63 ./filesys/filesys.a(disc.o)
 .debug_loc     0x000038b1      0xb13 ./filesys/filesys.a(fat.o)
 .debug_loc     0x000043c4      0x17c ./mmc/mmc.a(hwinterface.o)
 .debug_loc     0x00004540      0x436 ./mmc/mmc.a(sd.o)
 .debug_loc     0x00004976       0x77 /cygdrive/c/Embedded/GNUARM/bin/../lib/gcc/arm-elf/4.1.1/../../../../arm-elf/lib/interwork/libc.a(atoi.o)
 .debug_loc     0x000049ed       0xfc /cygdrive/c/Embedded/GNUARM/bin/../lib/gcc/arm-elf/4.1.1/../../../../arm-elf/lib/interwork/libc.a(memcpy.o)
 .debug_loc     0x00004ae9       0x47 /cygdrive/c/Embedded/GNUARM/bin/../lib/gcc/arm-elf/4.1.1/../../../../arm-elf/lib/interwork/libc.a(strlen.o)
 .debug_loc     0x00004b30      0x13e /cygdrive/c/Embedded/GNUARM/bin/../lib/gcc/arm-elf/4.1.1/../../../../arm-elf/lib/interwork/libc.a(strncpy.o)
 .debug_loc     0x00004c6e      0x20b /cygdrive/c/Embedded/GNUARM/bin/../lib/gcc/arm-elf/4.1.1/../../../../arm-elf/lib/interwork/libc.a(strtol.o)

.debug_macinfo
 *(.debug_macinfo)

.debug_weaknames
 *(.debug_weaknames)

.debug_funcnames
 *(.debug_funcnames)

.debug_typenames
 *(.debug_typenames)

.debug_varnames
 *(.debug_varnames)
OUTPUT(testprogram_lpc2148_edu_v3_0.elf elf32-littlearm)

.debug_ranges   0x00000000      0x110
 .debug_ranges  0x00000000       0x18 ./filesys/filesys.a(file.o)
 .debug_ranges  0x00000018       0x68 ./filesys/filesys.a(ioman.o)
 .debug_ranges  0x00000080       0x18 ./filesys/filesys.a(partition.o)
 .debug_ranges  0x00000098       0x30 ./filesys/filesys.a(fat.o)
 .debug_ranges  0x000000c8       0x48 ./mmc/mmc.a(hwinterface.o)

Cross Reference Table

Symbol                                            File
ISR                                               wavplayer.o
                                                  myTimerRTC.o
ISR_RTC                                           wavplayer.o
                                                  myTimerRTC.o
InitializeSharedData                              main.o
LCDWriteNameAuthor                                myLCD.o
                                                  myMMC.o
LCDWriteTime                                      myLCD.o
                                                  myMMC.o
LCDWriteVolume                                    myLCD.o
                                                  myMMC.o
MMCproc                                           myMMC.o
                                                  main.o
RTCISR                                            myTimerRTC.o
ReadAndPlay                                       myMMC.o
ReadTagsFromFile                                  myMMC.o
ScreenShiftLeft                                   myLCD.o
StopInterrupts                                    myTimerRTC.o
                                                  wavplayer.o
T1ISR                                             myTimerRTC.o
WriteString                                       myLCD.o
____adddf3_change_to_arm                          /cygdrive/c/Embedded/GNUARM/bin/../lib/gcc/arm-elf/4.1.1/../../../../arm-elf/lib/interwork/libc.a(impure.o)
____adddf3_from_thumb                             /cygdrive/c/Embedded/GNUARM/bin/../lib/gcc/arm-elf/4.1.1/../../../../arm-elf/lib/interwork/libc.a(impure.o)
____addsf3_change_to_arm                          /cygdrive/c/Embedded/GNUARM/bin/../lib/gcc/arm-elf/4.1.1/../../../../arm-elf/lib/interwork/libc.a(impure.o)
____addsf3_from_thumb                             /cygdrive/c/Embedded/GNUARM/bin/../lib/gcc/arm-elf/4.1.1/../../../../arm-elf/lib/interwork/libc.a(impure.o)
____divsf3_change_to_arm                          /cygdrive/c/Embedded/GNUARM/bin/../lib/gcc/arm-elf/4.1.1/../../../../arm-elf/lib/interwork/libc.a(impure.o)
____divsf3_from_thumb                             /cygdrive/c/Embedded/GNUARM/bin/../lib/gcc/arm-elf/4.1.1/../../../../arm-elf/lib/interwork/libc.a(impure.o)
____divsi3_change_to_arm                          /cygdrive/c/Embedded/GNUARM/bin/../lib/gcc/arm-elf/4.1.1/../../../../arm-elf/lib/interwork/libc.a(impure.o)
____divsi3_from_thumb                             /cygdrive/c/Embedded/GNUARM/bin/../lib/gcc/arm-elf/4.1.1/../../../../arm-elf/lib/interwork/libc.a(impure.o)
____fixdfsi_change_to_arm                         /cygdrive/c/Embedded/GNUARM/bin/../lib/gcc/arm-elf/4.1.1/../../../../arm-elf/lib/interwork/libc.a(impure.o)
____fixdfsi_from_thumb                            /cygdrive/c/Embedded/GNUARM/bin/../lib/gcc/arm-elf/4.1.1/../../../../arm-elf/lib/interwork/libc.a(impure.o)
____fixsfsi_change_to_arm                         /cygdrive/c/Embedded/GNUARM/bin/../lib/gcc/arm-elf/4.1.1/../../../../arm-elf/lib/interwork/libc.a(impure.o)
____fixsfsi_from_thumb                            /cygdrive/c/Embedded/GNUARM/bin/../lib/gcc/arm-elf/4.1.1/../../../../arm-elf/lib/interwork/libc.a(impure.o)
____floatsidf_change_to_arm                       /cygdrive/c/Embedded/GNUARM/bin/../lib/gcc/arm-elf/4.1.1/../../../../arm-elf/lib/interwork/libc.a(impure.o)
____floatsidf_from_thumb                          /cygdrive/c/Embedded/GNUARM/bin/../lib/gcc/arm-elf/4.1.1/../../../../arm-elf/lib/interwork/libc.a(impure.o)
____floatsisf_change_to_arm                       /cygdrive/c/Embedded/GNUARM/bin/../lib/gcc/arm-elf/4.1.1/../../../../arm-elf/lib/interwork/libc.a(impure.o)
____floatsisf_from_thumb                          /cygdrive/c/Embedded/GNUARM/bin/../lib/gcc/arm-elf/4.1.1/../../../../arm-elf/lib/interwork/libc.a(impure.o)
____modsi3_change_to_arm                          /cygdrive/c/Embedded/GNUARM/bin/../lib/gcc/arm-elf/4.1.1/../../../../arm-elf/lib/interwork/libc.a(impure.o)
____modsi3_from_thumb                             /cygdrive/c/Embedded/GNUARM/bin/../lib/gcc/arm-elf/4.1.1/../../../../arm-elf/lib/interwork/libc.a(impure.o)
____mulsf3_change_to_arm                          /cygdrive/c/Embedded/GNUARM/bin/../lib/gcc/arm-elf/4.1.1/../../../../arm-elf/lib/interwork/libc.a(impure.o)
____mulsf3_from_thumb                             /cygdrive/c/Embedded/GNUARM/bin/../lib/gcc/arm-elf/4.1.1/../../../../arm-elf/lib/interwork/libc.a(impure.o)
____subdf3_change_to_arm                          /cygdrive/c/Embedded/GNUARM/bin/../lib/gcc/arm-elf/4.1.1/../../../../arm-elf/lib/interwork/libc.a(impure.o)
____subdf3_from_thumb                             /cygdrive/c/Embedded/GNUARM/bin/../lib/gcc/arm-elf/4.1.1/../../../../arm-elf/lib/interwork/libc.a(impure.o)
____udivsi3_change_to_arm                         /cygdrive/c/Embedded/GNUARM/bin/../lib/gcc/arm-elf/4.1.1/../../../../arm-elf/lib/interwork/libc.a(impure.o)
____udivsi3_from_thumb                            /cygdrive/c/Embedded/GNUARM/bin/../lib/gcc/arm-elf/4.1.1/../../../../arm-elf/lib/interwork/libc.a(impure.o)
____umodsi3_change_to_arm                         /cygdrive/c/Embedded/GNUARM/bin/../lib/gcc/arm-elf/4.1.1/../../../../arm-elf/lib/interwork/libc.a(impure.o)
____umodsi3_from_thumb                            /cygdrive/c/Embedded/GNUARM/bin/../lib/gcc/arm-elf/4.1.1/../../../../arm-elf/lib/interwork/libc.a(impure.o)
__adddf3                                          /cygdrive/c/Embedded/GNUARM/bin/../lib/gcc/arm-elf/4.1.1/interwork/libgcc.a(_addsubdf3.o)
                                                  wavplayer.o
__addsf3                                          /cygdrive/c/Embedded/GNUARM/bin/../lib/gcc/arm-elf/4.1.1/interwork/libgcc.a(_addsubsf3.o)
                                                  wavplayer.o
__aeabi_d2iz                                      /cygdrive/c/Embedded/GNUARM/bin/../lib/gcc/arm-elf/4.1.1/interwork/libgcc.a(_fixdfsi.o)
__aeabi_dadd                                      /cygdrive/c/Embedded/GNUARM/bin/../lib/gcc/arm-elf/4.1.1/interwork/libgcc.a(_addsubdf3.o)
__aeabi_drsub                                     /cygdrive/c/Embedded/GNUARM/bin/../lib/gcc/arm-elf/4.1.1/interwork/libgcc.a(_addsubdf3.o)
__aeabi_dsub                                      /cygdrive/c/Embedded/GNUARM/bin/../lib/gcc/arm-elf/4.1.1/interwork/libgcc.a(_addsubdf3.o)
__aeabi_f2d                                       /cygdrive/c/Embedded/GNUARM/bin/../lib/gcc/arm-elf/4.1.1/interwork/libgcc.a(_addsubdf3.o)
__aeabi_f2iz                                      /cygdrive/c/Embedded/GNUARM/bin/../lib/gcc/arm-elf/4.1.1/interwork/libgcc.a(_fixsfsi.o)
__aeabi_fadd                                      /cygdrive/c/Embedded/GNUARM/bin/../lib/gcc/arm-elf/4.1.1/interwork/libgcc.a(_addsubsf3.o)
__aeabi_fdiv                                      /cygdrive/c/Embedded/GNUARM/bin/../lib/gcc/arm-elf/4.1.1/interwork/libgcc.a(_muldivsf3.o)
__aeabi_fmul                                      /cygdrive/c/Embedded/GNUARM/bin/../lib/gcc/arm-elf/4.1.1/interwork/libgcc.a(_muldivsf3.o)
__aeabi_frsub                                     /cygdrive/c/Embedded/GNUARM/bin/../lib/gcc/arm-elf/4.1.1/interwork/libgcc.a(_addsubsf3.o)
__aeabi_fsub                                      /cygdrive/c/Embedded/GNUARM/bin/../lib/gcc/arm-elf/4.1.1/interwork/libgcc.a(_addsubsf3.o)
__aeabi_i2d                                       /cygdrive/c/Embedded/GNUARM/bin/../lib/gcc/arm-elf/4.1.1/interwork/libgcc.a(_addsubdf3.o)
__aeabi_i2f                                       /cygdrive/c/Embedded/GNUARM/bin/../lib/gcc/arm-elf/4.1.1/interwork/libgcc.a(_addsubsf3.o)
__aeabi_idiv                                      /cygdrive/c/Embedded/GNUARM/bin/../lib/gcc/arm-elf/4.1.1/interwork/libgcc.a(_divsi3.o)
__aeabi_idiv0                                     /cygdrive/c/Embedded/GNUARM/bin/../lib/gcc/arm-elf/4.1.1/interwork/libgcc.a(_dvmd_tls.o)
__aeabi_idivmod                                   /cygdrive/c/Embedded/GNUARM/bin/../lib/gcc/arm-elf/4.1.1/interwork/libgcc.a(_divsi3.o)
__aeabi_l2d                                       /cygdrive/c/Embedded/GNUARM/bin/../lib/gcc/arm-elf/4.1.1/interwork/libgcc.a(_addsubdf3.o)
__aeabi_l2f                                       /cygdrive/c/Embedded/GNUARM/bin/../lib/gcc/arm-elf/4.1.1/interwork/libgcc.a(_addsubsf3.o)